Loading plugins phase: Elapsed time ==> 0s.143ms
<CYPRESSTAG name="CyDsfit arguments...">
cydsfit arguments: -.fdsnotice -.fdswarpdepfile=warp_dependencies.txt -.fdselabdepfile=elab_dependencies.txt -.fdsbldfile=generated_files.txt -.fdsreffile=referenced_files.txt -p C:\Sandbox\Sem2\SDHD\Git\SDHD\Lab3\TestBench.cydsn\TestBench.cyprj -d CY8C5888AXQ-LP096 -s C:\Sandbox\Sem2\SDHD\Git\SDHD\Lab3\TestBench.cydsn\Generated_Source\PSoC5 -- -yv2 -q10 -ygs -o2 -v3 -.fftcfgtype=LE
</CYPRESSTAG>
<CYPRESSTAG name="Design elaboration results...">
ADD: sdb.M0012: error: Terminals "WaveDAC8_1.Wave,DAC.y_0" connected to signal "Net_15" have mismatching types.
 * C:\Sandbox\Sem2\SDHD\Git\SDHD\Lab3\TestBench.cydsn\TopDesign\TopDesign.cysch (Signal: Net_15)
 * C:\Sandbox\Sem2\SDHD\Git\SDHD\Lab3\TestBench.cydsn\TopDesign\TopDesign.cysch (Shape_2.7)
 * C:\Sandbox\Sem2\SDHD\Git\SDHD\Lab3\TestBench.cydsn\TopDesign\TopDesign.cysch (Wave)
 * C:\Sandbox\Sem2\SDHD\Git\SDHD\Lab3\TestBench.cydsn\TopDesign\TopDesign.cysch (Shape_7.2)
 * C:\Sandbox\Sem2\SDHD\Git\SDHD\Lab3\TestBench.cydsn\TopDesign\TopDesign.cysch (y_0)
 * C:\Sandbox\Sem2\SDHD\Git\SDHD\Lab3\TestBench.cydsn\TopDesign\TopDesign.cysch (Shape_9)

</CYPRESSTAG>
Elaboration phase: Elapsed time ==> 1s.104ms
