Archive member included to satisfy reference by file (symbol)

.\CortexM3\ARM_GCC_541\Debug\TestBench.a(LED_RED.o)
                              .\CortexM3\ARM_GCC_541\Debug\statemachine.o (LED_RED_Write)
.\CortexM3\ARM_GCC_541\Debug\TestBench.a(LED_GREEN.o)
                              .\CortexM3\ARM_GCC_541\Debug\statemachine.o (LED_GREEN_Write)
.\CortexM3\ARM_GCC_541\Debug\TestBench.a(CyDmac.o)
                              .\CortexM3\ARM_GCC_541\Debug\Cm3Start.o (CyDmacConfigure)
.\CortexM3\ARM_GCC_541\Debug\TestBench.a(CyLib.o)
                              .\CortexM3\ARM_GCC_541\Debug\Cm3Start.o (CyHalt)
.\CortexM3\ARM_GCC_541\Debug\TestBench.a(cyPm.o)
                              .\CortexM3\ARM_GCC_541\Debug\TestBench.a(CyLib.o) (CyPmReadStatus)
.\CortexM3\ARM_GCC_541\Debug\TestBench.a(LED_ORANGE.o)
                              .\CortexM3\ARM_GCC_541\Debug\statemachine.o (LED_ORANGE_Write)
.\CortexM3\ARM_GCC_541\Debug\TestBench.a(UART.o)
                              .\CortexM3\ARM_GCC_541\Debug\main.o (UART_Init)
.\CortexM3\ARM_GCC_541\Debug\TestBench.a(UART_IntClock.o)
                              .\CortexM3\ARM_GCC_541\Debug\TestBench.a(UART.o) (UART_IntClock_Start)
.\CortexM3\ARM_GCC_541\Debug\TestBench.a(isr_pushButton.o)
                              .\CortexM3\ARM_GCC_541\Debug\main.o (isr_pushButton_StartEx)
.\CortexM3\ARM_GCC_541\Debug\TestBench.a(ADC_DelSig.o)
                              .\CortexM3\ARM_GCC_541\Debug\main.o (ADC_DelSig_Init)
.\CortexM3\ARM_GCC_541\Debug\TestBench.a(ADC_DelSig_INT.o)
                              .\CortexM3\ARM_GCC_541\Debug\TestBench.a(ADC_DelSig.o) (ADC_DelSig_ISR1)
.\CortexM3\ARM_GCC_541\Debug\TestBench.a(WaveDAC8.o)
                              .\CortexM3\ARM_GCC_541\Debug\main.o (WaveDAC8_Init)
.\CortexM3\ARM_GCC_541\Debug\TestBench.a(ADC_DelSig_AMux.o)
                              .\CortexM3\ARM_GCC_541\Debug\TestBench.a(ADC_DelSig.o) (ADC_DelSig_AMux_Select)
.\CortexM3\ARM_GCC_541\Debug\TestBench.a(ADC_DelSig_Ext_CP_Clk.o)
                              .\CortexM3\ARM_GCC_541\Debug\TestBench.a(ADC_DelSig.o) (ADC_DelSig_Ext_CP_Clk_SetModeRegister)
.\CortexM3\ARM_GCC_541\Debug\TestBench.a(ADC_DelSig_theACLK.o)
                              .\CortexM3\ARM_GCC_541\Debug\TestBench.a(ADC_DelSig.o) (ADC_DelSig_theACLK_SetModeRegister)
.\CortexM3\ARM_GCC_541\Debug\TestBench.a(WaveDAC8_DacClk.o)
                              .\CortexM3\ARM_GCC_541\Debug\TestBench.a(WaveDAC8.o) (WaveDAC8_DacClk_Start)
.\CortexM3\ARM_GCC_541\Debug\TestBench.a(WaveDAC8_Wave1_DMA_dma.o)
                              .\CortexM3\ARM_GCC_541\Debug\TestBench.a(WaveDAC8.o) (WaveDAC8_Wave1_DMA_DmaInitialize)
.\CortexM3\ARM_GCC_541\Debug\TestBench.a(WaveDAC8_Wave2_DMA_dma.o)
                              .\CortexM3\ARM_GCC_541\Debug\TestBench.a(WaveDAC8.o) (WaveDAC8_Wave2_DMA_DmaInitialize)
.\CortexM3\ARM_GCC_541\Debug\TestBench.a(WaveDAC8_VDAC8.o)
                              .\CortexM3\ARM_GCC_541\Debug\TestBench.a(WaveDAC8.o) (WaveDAC8_VDAC8_Enable)
.\CortexM3\ARM_GCC_541\Debug\TestBench.a(isr_UART.o)
                              .\CortexM3\ARM_GCC_541\Debug\main.o (isr_UART_StartEx)
.\CortexM3\ARM_GCC_541\Debug\TestBench.a(CyBootAsmGnu.o)
                              .\CortexM3\ARM_GCC_541\Debug\cyfitter_cfg.o (CyDelayCycles)
.\CortexM3\ARM_GCC_541\Debug\TestBench.a(CyFlash.o)
                              .\CortexM3\ARM_GCC_541\Debug\TestBench.a(cyPm.o) (CyFlash_SetWaitCycles)
.\CortexM3\ARM_GCC_541\Debug\TestBench.a(CySpc.o)
                              .\CortexM3\ARM_GCC_541\Debug\TestBench.a(CyFlash.o) (CySpcStart)
c:/program files (x86)/cypress/psoc creator/4.4/psoc creator/import/gnu/arm/5.4.1/bin/../lib/gcc/arm-none-eabi/5.4.1/armv7-m\libgcc.a(_arm_addsubdf3.o)
                              .\CortexM3\ARM_GCC_541\Debug\TestBench.a(ADC_DelSig.o) (__aeabi_f2d)
c:/program files (x86)/cypress/psoc creator/4.4/psoc creator/import/gnu/arm/5.4.1/bin/../lib/gcc/arm-none-eabi/5.4.1/armv7-m\libgcc.a(_arm_cmpdf2.o)
                              .\CortexM3\ARM_GCC_541\Debug\TestBench.a(ADC_DelSig.o) (__aeabi_dcmpgt)
c:/program files (x86)/cypress/psoc creator/4.4/psoc creator/import/gnu/arm/5.4.1/bin/../lib/gcc/arm-none-eabi/5.4.1/armv7-m\libgcc.a(_arm_addsubsf3.o)
                              .\CortexM3\ARM_GCC_541\Debug\TestBench.a(ADC_DelSig.o) (__aeabi_ui2f)
c:/program files (x86)/cypress/psoc creator/4.4/psoc creator/import/gnu/arm/5.4.1/bin/../lib/gcc/arm-none-eabi/5.4.1/armv7-m\libgcc.a(_arm_muldivsf3.o)
                              .\CortexM3\ARM_GCC_541\Debug\TestBench.a(ADC_DelSig.o) (__aeabi_fmul)
c:/program files (x86)/cypress/psoc creator/4.4/psoc creator/import/gnu/arm/5.4.1/bin/../lib/gcc/arm-none-eabi/5.4.1/armv7-m\libgcc.a(_arm_fixunssfsi.o)
                              .\CortexM3\ARM_GCC_541\Debug\TestBench.a(ADC_DelSig.o) (__aeabi_f2uiz)
[...]
Memory Configuration

Name             Origin             Length             Attributes
rom              0x00000000         0x00040000         xr
ram              0x1fff8000         0x00010000         xrw
*default*        0x00000000         0xffffffff

Linker script and memory map

LOAD c:/program files (x86)/cypress/psoc creator/4.4/psoc creator/import/gnu/arm/5.4.1/bin/../lib/gcc/arm-none-eabi/5.4.1/armv7-m/crti.o
LOAD c:/program files (x86)/cypress/psoc creator/4.4/psoc creator/import/gnu/arm/5.4.1/bin/../lib/gcc/arm-none-eabi/5.4.1/armv7-m/crtbegin.o
LOAD c:/program files (x86)/cypress/psoc creator/4.4/psoc creator/import/gnu/arm/5.4.1/bin/../lib/gcc/arm-none-eabi/5.4.1/../../../../arm-none-eabi/lib/armv7-m/crt0.o
START GROUP
LOAD .\CortexM3\ARM_GCC_541\Debug\main.o
LOAD .\CortexM3\ARM_GCC_541\Debug\statemachine.o
LOAD .\CortexM3\ARM_GCC_541\Debug\cyfitter_cfg.o
LOAD .\CortexM3\ARM_GCC_541\Debug\cymetadata.o
LOAD .\CortexM3\ARM_GCC_541\Debug\Cm3Start.o
LOAD .\CortexM3\ARM_GCC_541\Debug\TestBench.a
LOAD C:\Program Files (x86)\Cypress\PSoC Creator\4.4\PSoC Creator\psoc\content\cycomponentlibrary\CyComponentLibrary.cylib\CortexM3\ARM_GCC_541\Debug\CyComponentLibrary.a
END GROUP
START GROUP
LOAD c:/program files (x86)/cypress/psoc creator/4.4/psoc creator/import/gnu/arm/5.4.1/bin/../lib/gcc/arm-none-eabi/5.4.1/armv7-m\libgcc.a
LOAD c:/program files (x86)/cypress/psoc creator/4.4/psoc creator/import/gnu/arm/5.4.1/bin/../lib/gcc/arm-none-eabi/5.4.1/../../../../arm-none-eabi/lib/armv7-m\libg_nano.a
LOAD c:/program files (x86)/cypress/psoc creator/4.4/psoc creator/import/gnu/arm/5.4.1/bin/../lib/gcc/arm-none-eabi/5.4.1/../../../../arm-none-eabi/lib/armv7-m\libc_nano.a
END GROUP
START GROUP
LOAD c:/program files (x86)/cypress/psoc creator/4.4/psoc creator/import/gnu/arm/5.4.1/bin/../lib/gcc/arm-none-eabi/5.4.1/armv7-m\libgcc.a
LOAD c:/program files (x86)/cypress/psoc creator/4.4/psoc creator/import/gnu/arm/5.4.1/bin/../lib/gcc/arm-none-eabi/5.4.1/../../../../arm-none-eabi/lib/armv7-m\libc_nano.a
END GROUP
LOAD c:/program files (x86)/cypress/psoc creator/4.4/psoc creator/import/gnu/arm/5.4.1/bin/../lib/gcc/arm-none-eabi/5.4.1/armv7-m/crtend.o
LOAD c:/program files (x86)/cypress/psoc creator/4.4/psoc creator/import/gnu/arm/5.4.1/bin/../lib/gcc/arm-none-eabi/5.4.1/armv7-m/crtn.o
START GROUP
LOAD c:/program files (x86)/cypress/psoc creator/4.4/psoc creator/import/gnu/arm/5.4.1/bin/../lib/gcc/arm-none-eabi/5.4.1/armv7-m\libgcc.a
LOAD c:/program files (x86)/cypress/psoc creator/4.4/psoc creator/import/gnu/arm/5.4.1/bin/../lib/gcc/arm-none-eabi/5.4.1/../../../../arm-none-eabi/lib/armv7-m\libc.a
LOAD c:/program files (x86)/cypress/psoc creator/4.4/psoc creator/import/gnu/arm/5.4.1/bin/../lib/gcc/arm-none-eabi/5.4.1/../../../../arm-none-eabi/lib/armv7-m\libnosys.a
END GROUP
                0x00000000                CY_APPL_ORIGIN = 0x0
                0x00000100                CY_FLASH_ROW_SIZE = 0x100
                0x00000020                CY_ECC_ROW_SIZE = 0x20
                0x00000000                CY_EE_IN_BTLDR = 0x0
                0x00000000                CY_APPL_LOADABLE = 0x0
                0x00000800                CY_EE_SIZE = 0x800
                0x00000001                CY_APPL_NUM = 0x1
                0x00000001                CY_APPL_MAX = 0x1
                0x00000040                CY_METADATA_SIZE = 0x40
                0x00000000                CY_APPL_LOADABLE = 0x0
                0x00000000                CY_CHECKSUM_EXCLUDE_SIZE = ALIGN (0x0, CY_FLASH_ROW_SIZE)
                [!provide]                PROVIDE (__cy_heap_start, _end)
                0x00000001                PROVIDE (__cy_region_num, ((__cy_regions_end - __cy_regions) / 0x10))
                0x20008000                PROVIDE (__cy_stack, (ORIGIN (ram) + LENGTH (ram)))
                [!provide]                PROVIDE (__cy_heap_end, (__cy_stack - 0x800))

.cybootloader   0x00000000        0x0
 *(.cybootloader)
                0x00000000                appl1_start = CY_APPL_ORIGIN?CY_APPL_ORIGIN:ALIGN (CY_FLASH_ROW_SIZE)
                0x0001ff00                appl2_start = (appl1_start + ALIGN ((((LENGTH (rom) - appl1_start) - (0x2 * CY_FLASH_ROW_SIZE)) / 0x2), CY_FLASH_ROW_SIZE))
                0x00000000                appl_start = (CY_APPL_NUM == 0x1)?appl1_start:appl2_start
                0x00000000                ecc_offset = ((appl_start / CY_FLASH_ROW_SIZE) * CY_ECC_ROW_SIZE)
                0x00000000                ee_offset = (CY_APPL_LOADABLE && ! (CY_EE_IN_BTLDR))?((CY_EE_SIZE / CY_APPL_MAX) * (CY_APPL_NUM - 0x1)):0x0
                0x00000800                ee_size = (CY_APPL_LOADABLE && ! (CY_EE_IN_BTLDR))?(CY_EE_SIZE / CY_APPL_MAX):CY_EE_SIZE
                [!provide]                PROVIDE (CY_ECC_OFFSET, ecc_offset)

.text           0x00000000     0x1636
 CREATE_OBJECT_SYMBOLS
                0x00000000                PROVIDE (__cy_interrupt_vector, RomVectors)
 *(.romvectors)
 .romvectors    0x00000000       0x10 .\CortexM3\ARM_GCC_541\Debug\Cm3Start.o
                0x00000000                RomVectors
                0x00000001                ASSERT ((. != __cy_interrupt_vector), No interrupt vector)
                0x00000001                ASSERT (CY_APPL_ORIGIN?(SIZEOF (.cybootloader) <= CY_APPL_ORIGIN):0x1, Wrong image location)
                0x00000010                PROVIDE (__cy_reset, Reset)
 *(.text.Reset)
 .text.Reset    0x00000010       0x18 .\CortexM3\ARM_GCC_541\Debug\Cm3Start.o
                0x00000010                Reset
                0x00000001                ASSERT ((. != __cy_reset), No reset code)
 *(.dma_init)
                0x00000001                ASSERT ((((appl_start + .) <= 0x10000) || 0x1), DMA Init must be within the first 64k of flash)
 *(.text .text.* .gnu.linkonce.t.*)
 .text          0x00000028       0x5c c:/program files (x86)/cypress/psoc creator/4.4/psoc creator/import/gnu/arm/5.4.1/bin/../lib/gcc/arm-none-eabi/5.4.1/armv7-m/crtbegin.o
 .text.isr_UART
                0x00000084       0x30 .\CortexM3\ARM_GCC_541\Debug\main.o
                0x00000084                isr_UART
 .text.isr_pushButton
                0x000000b4       0x24 .\CortexM3\ARM_GCC_541\Debug\main.o
                0x000000b4                isr_pushButton
 .text.main     0x000000d8       0x44 .\CortexM3\ARM_GCC_541\Debug\main.o
                0x000000d8                main
 .text.statemachine
                0x0000011c       0xfc .\CortexM3\ARM_GCC_541\Debug\statemachine.o
                0x0000011c                statemachine
 .text.CyClockStartupError
                0x00000218        0x4 .\CortexM3\ARM_GCC_541\Debug\cyfitter_cfg.o
 .text.cfg_write_bytes32
                0x0000021c       0x34 .\CortexM3\ARM_GCC_541\Debug\cyfitter_cfg.o
 .text.AnalogSetDefault
                0x00000250       0x40 .\CortexM3\ARM_GCC_541\Debug\cyfitter_cfg.o
 .text.CYMEMZERO
                0x00000290        0xc .\CortexM3\ARM_GCC_541\Debug\cyfitter_cfg.o
 .text.CYCONFIGCPY
                0x0000029c        0x8 .\CortexM3\ARM_GCC_541\Debug\cyfitter_cfg.o
 .text.ClockSetup
                0x000002a4      0x100 .\CortexM3\ARM_GCC_541\Debug\cyfitter_cfg.o
 .text.ADC_DelSig_AMux_Set
                0x000003a4       0x1c .\CortexM3\ARM_GCC_541\Debug\cyfitter_cfg.o
                0x000003a4                ADC_DelSig_AMux_Set
 .text.ADC_DelSig_AMux_Unset
                0x000003c0       0x1c .\CortexM3\ARM_GCC_541\Debug\cyfitter_cfg.o
                0x000003c0                ADC_DelSig_AMux_Unset
 .text.cyfitter_cfg
                0x000003dc      0x130 .\CortexM3\ARM_GCC_541\Debug\cyfitter_cfg.o
                0x000003dc                cyfitter_cfg
 .text.IntDefaultHandler
                0x0000050c       0x10 .\CortexM3\ARM_GCC_541\Debug\Cm3Start.o
                0x0000050c                IntDefaultHandler
 .text.Start_c  0x0000051c       0x4c .\CortexM3\ARM_GCC_541\Debug\Cm3Start.o
                0x0000051c                Start_c
 .text.initialize_psoc
                0x00000568       0x6c .\CortexM3\ARM_GCC_541\Debug\Cm3Start.o
                0x00000568                initialize_psoc
 .text.LED_RED_Write
                0x000005d4       0x18 .\CortexM3\ARM_GCC_541\Debug\TestBench.a(LED_RED.o)
                0x000005d4                LED_RED_Write
 .text.LED_GREEN_Write
                0x000005ec       0x18 .\CortexM3\ARM_GCC_541\Debug\TestBench.a(LED_GREEN.o)
                0x000005ec                LED_GREEN_Write
 .text.CyDmacConfigure
                0x00000604       0x34 .\CortexM3\ARM_GCC_541\Debug\TestBench.a(CyDmac.o)
                0x00000604                CyDmacConfigure
 .text.CyDmaChEnable
                0x00000638       0x38 .\CortexM3\ARM_GCC_541\Debug\TestBench.a(CyDmac.o)
                0x00000638                CyDmaChEnable
 .text.CyDmaChPriority
                0x00000670       0x24 .\CortexM3\ARM_GCC_541\Debug\TestBench.a(CyDmac.o)
                0x00000670                CyDmaChPriority
 .text.CyDmaChSetExtendedAddress
                0x00000694       0x34 .\CortexM3\ARM_GCC_541\Debug\TestBench.a(CyDmac.o)
                0x00000694                CyDmaChSetExtendedAddress
 .text.CyDmaChSetInitialTd
                0x000006c8       0x18 .\CortexM3\ARM_GCC_541\Debug\TestBench.a(CyDmac.o)
                0x000006c8                CyDmaChSetInitialTd
 .text.CyDmaChSetConfiguration
                0x000006e0       0x44 .\CortexM3\ARM_GCC_541\Debug\TestBench.a(CyDmac.o)
                0x000006e0                CyDmaChSetConfiguration
 .text.CyDmaTdAllocate
                0x00000724       0x34 .\CortexM3\ARM_GCC_541\Debug\TestBench.a(CyDmac.o)
                0x00000724                CyDmaTdAllocate
 .text.CyDmaTdSetConfiguration
                0x00000758       0x28 .\CortexM3\ARM_GCC_541\Debug\TestBench.a(CyDmac.o)
                0x00000758                CyDmaTdSetConfiguration
 .text.CyDmaTdSetAddress
                0x00000780       0x1c .\CortexM3\ARM_GCC_541\Debug\TestBench.a(CyDmac.o)
                0x00000780                CyDmaTdSetAddress
 .text.CyHalt   0x0000079c        0x4 .\CortexM3\ARM_GCC_541\Debug\TestBench.a(CyLib.o)
                0x0000079c                CyHalt
 .text.CyDelayUs
                0x000007a0       0x14 .\CortexM3\ARM_GCC_541\Debug\TestBench.a(CyLib.o)
                0x000007a0                CyDelayUs
 .text.CyIntSetVector
                0x000007b4       0x28 .\CortexM3\ARM_GCC_541\Debug\TestBench.a(CyLib.o)
                0x000007b4                CyIntSetVector
 .text.CyIntSetPriority
                0x000007dc       0x30 .\CortexM3\ARM_GCC_541\Debug\TestBench.a(CyLib.o)
                0x000007dc                CyIntSetPriority
 .text.LED_ORANGE_Write
                0x0000080c       0x18 .\CortexM3\ARM_GCC_541\Debug\TestBench.a(LED_ORANGE.o)
                0x0000080c                LED_ORANGE_Write
 .text.UART_Init
                0x00000824       0x24 .\CortexM3\ARM_GCC_541\Debug\TestBench.a(UART.o)
                0x00000824                UART_Init
 .text.UART_Enable
                0x00000848       0x38 .\CortexM3\ARM_GCC_541\Debug\TestBench.a(UART.o)
                0x00000848                UART_Enable
 .text.UART_Start
                0x00000880       0x1c .\CortexM3\ARM_GCC_541\Debug\TestBench.a(UART.o)
                0x00000880                UART_Start
 .text.UART_GetChar
                0x0000089c       0x2c .\CortexM3\ARM_GCC_541\Debug\TestBench.a(UART.o)
                0x0000089c                UART_GetChar
 .text.UART_PutChar
                0x000008c8       0x18 .\CortexM3\ARM_GCC_541\Debug\TestBench.a(UART.o)
                0x000008c8                UART_PutChar
 .text.UART_PutString
                0x000008e0       0x24 .\CortexM3\ARM_GCC_541\Debug\TestBench.a(UART.o)
                0x000008e0                UART_PutString
 .text.UART_IntClock_Start
                0x00000904       0x1c .\CortexM3\ARM_GCC_541\Debug\TestBench.a(UART_IntClock.o)
                0x00000904                UART_IntClock_Start
 .text.isr_pushButton_SetVector
                0x00000920        0xc .\CortexM3\ARM_GCC_541\Debug\TestBench.a(isr_pushButton.o)
                0x00000920                isr_pushButton_SetVector
 .text.isr_pushButton_SetPriority
                0x0000092c       0x10 .\CortexM3\ARM_GCC_541\Debug\TestBench.a(isr_pushButton.o)
                0x0000092c                isr_pushButton_SetPriority
 .text.isr_pushButton_Enable
                0x0000093c        0xc .\CortexM3\ARM_GCC_541\Debug\TestBench.a(isr_pushButton.o)
                0x0000093c                isr_pushButton_Enable
 .text.isr_pushButton_Disable
                0x00000948        0xc .\CortexM3\ARM_GCC_541\Debug\TestBench.a(isr_pushButton.o)
                0x00000948                isr_pushButton_Disable
 .text.isr_pushButton_StartEx
                0x00000954       0x1c .\CortexM3\ARM_GCC_541\Debug\TestBench.a(isr_pushButton.o)
                0x00000954                isr_pushButton_StartEx
 .text.isr_pushButton_ClearPending
                0x00000970        0xc .\CortexM3\ARM_GCC_541\Debug\TestBench.a(isr_pushButton.o)
                0x00000970                isr_pushButton_ClearPending
 .text.ADC_DelSig_GainCompensation
                0x0000097c       0xe0 .\CortexM3\ARM_GCC_541\Debug\TestBench.a(ADC_DelSig.o)
 .text.ADC_DelSig_SetDSMRef0Reg
                0x00000a5c       0x4c .\CortexM3\ARM_GCC_541\Debug\TestBench.a(ADC_DelSig.o)
 .text.ADC_DelSig_InitConfig
                0x00000aa8      0x338 .\CortexM3\ARM_GCC_541\Debug\TestBench.a(ADC_DelSig.o)
 .text.ADC_DelSig_Init
                0x00000de0      0x108 .\CortexM3\ARM_GCC_541\Debug\TestBench.a(ADC_DelSig.o)
                0x00000de0                ADC_DelSig_Init
 .text.ADC_DelSig_Enable
                0x00000ee8       0xd8 .\CortexM3\ARM_GCC_541\Debug\TestBench.a(ADC_DelSig.o)
                0x00000ee8                ADC_DelSig_Enable
 .text.ADC_DelSig_Start
                0x00000fc0       0x28 .\CortexM3\ARM_GCC_541\Debug\TestBench.a(ADC_DelSig.o)
                0x00000fc0                ADC_DelSig_Start
 .text.ADC_DelSig_StartConvert
                0x00000fe8       0x10 .\CortexM3\ARM_GCC_541\Debug\TestBench.a(ADC_DelSig.o)
                0x00000fe8                ADC_DelSig_StartConvert
 .text.ADC_DelSig_IsEndConversion
                0x00000ff8       0x30 .\CortexM3\ARM_GCC_541\Debug\TestBench.a(ADC_DelSig.o)
                0x00000ff8                ADC_DelSig_IsEndConversion
 .text.ADC_DelSig_GetResult32
                0x00001028       0x6c .\CortexM3\ARM_GCC_541\Debug\TestBench.a(ADC_DelSig.o)
                0x00001028                ADC_DelSig_GetResult32
 .text.ADC_DelSig_ISR1
                0x00001094        0x4 .\CortexM3\ARM_GCC_541\Debug\TestBench.a(ADC_DelSig_INT.o)
                0x00001094                ADC_DelSig_ISR1
 .text.ADC_DelSig_ISR2
                0x00001098        0x4 .\CortexM3\ARM_GCC_541\Debug\TestBench.a(ADC_DelSig_INT.o)
                0x00001098                ADC_DelSig_ISR2
 .text.ADC_DelSig_ISR3
                0x0000109c        0x4 .\CortexM3\ARM_GCC_541\Debug\TestBench.a(ADC_DelSig_INT.o)
                0x0000109c                ADC_DelSig_ISR3
 .text.ADC_DelSig_ISR4
                0x000010a0        0x4 .\CortexM3\ARM_GCC_541\Debug\TestBench.a(ADC_DelSig_INT.o)
                0x000010a0                ADC_DelSig_ISR4
 .text.WaveDAC8_Enable
                0x000010a4       0x28 .\CortexM3\ARM_GCC_541\Debug\TestBench.a(WaveDAC8.o)
                0x000010a4                WaveDAC8_Enable
 .text.WaveDAC8_Wave1Setup
                0x000010cc       0x40 .\CortexM3\ARM_GCC_541\Debug\TestBench.a(WaveDAC8.o)
                0x000010cc                WaveDAC8_Wave1Setup
 .text.WaveDAC8_Wave2Setup
                0x0000110c       0x40 .\CortexM3\ARM_GCC_541\Debug\TestBench.a(WaveDAC8.o)
                0x0000110c                WaveDAC8_Wave2Setup
 .text.WaveDAC8_Init
                0x0000114c       0x40 .\CortexM3\ARM_GCC_541\Debug\TestBench.a(WaveDAC8.o)
                0x0000114c                WaveDAC8_Init
 .text.WaveDAC8_Start
                0x0000118c       0x1c .\CortexM3\ARM_GCC_541\Debug\TestBench.a(WaveDAC8.o)
                0x0000118c                WaveDAC8_Start
 .text.ADC_DelSig_AMux_Start
                0x000011a8       0x20 .\CortexM3\ARM_GCC_541\Debug\TestBench.a(ADC_DelSig_AMux.o)
                0x000011a8                ADC_DelSig_AMux_Start
 .text.ADC_DelSig_AMux_Select
                0x000011c8       0x18 .\CortexM3\ARM_GCC_541\Debug\TestBench.a(ADC_DelSig_AMux.o)
                0x000011c8                ADC_DelSig_AMux_Select
 .text.ADC_DelSig_Ext_CP_Clk_GetDividerRegister
                0x000011e0        0xc .\CortexM3\ARM_GCC_541\Debug\TestBench.a(ADC_DelSig_Ext_CP_Clk.o)
                0x000011e0                ADC_DelSig_Ext_CP_Clk_GetDividerRegister
 .text.ADC_DelSig_Ext_CP_Clk_SetModeRegister
                0x000011ec       0x14 .\CortexM3\ARM_GCC_541\Debug\TestBench.a(ADC_DelSig_Ext_CP_Clk.o)
                0x000011ec                ADC_DelSig_Ext_CP_Clk_SetModeRegister
 .text.ADC_DelSig_Ext_CP_Clk_GetSourceRegister
                0x00001200       0x10 .\CortexM3\ARM_GCC_541\Debug\TestBench.a(ADC_DelSig_Ext_CP_Clk.o)
                0x00001200                ADC_DelSig_Ext_CP_Clk_GetSourceRegister
 .text.ADC_DelSig_Ext_CP_Clk_SetDividerRegister
                0x00001210       0xd8 .\CortexM3\ARM_GCC_541\Debug\TestBench.a(ADC_DelSig_Ext_CP_Clk.o)
                0x00001210                ADC_DelSig_Ext_CP_Clk_SetDividerRegister
 .text.ADC_DelSig_theACLK_GetDividerRegister
                0x000012e8        0xc .\CortexM3\ARM_GCC_541\Debug\TestBench.a(ADC_DelSig_theACLK.o)
                0x000012e8                ADC_DelSig_theACLK_GetDividerRegister
 .text.ADC_DelSig_theACLK_SetModeRegister
                0x000012f4       0x14 .\CortexM3\ARM_GCC_541\Debug\TestBench.a(ADC_DelSig_theACLK.o)
                0x000012f4                ADC_DelSig_theACLK_SetModeRegister
 .text.ADC_DelSig_theACLK_GetSourceRegister
                0x00001308       0x10 .\CortexM3\ARM_GCC_541\Debug\TestBench.a(ADC_DelSig_theACLK.o)
                0x00001308                ADC_DelSig_theACLK_GetSourceRegister
 .text.ADC_DelSig_theACLK_SetDividerRegister
                0x00001318       0xd8 .\CortexM3\ARM_GCC_541\Debug\TestBench.a(ADC_DelSig_theACLK.o)
                0x00001318                ADC_DelSig_theACLK_SetDividerRegister
 .text.WaveDAC8_DacClk_Start
                0x000013f0       0x1c .\CortexM3\ARM_GCC_541\Debug\TestBench.a(WaveDAC8_DacClk.o)
                0x000013f0                WaveDAC8_DacClk_Start
 .text.WaveDAC8_Wave1_DMA_DmaInitialize
                0x0000140c       0x3c .\CortexM3\ARM_GCC_541\Debug\TestBench.a(WaveDAC8_Wave1_DMA_dma.o)
                0x0000140c                WaveDAC8_Wave1_DMA_DmaInitialize
 .text.WaveDAC8_Wave2_DMA_DmaInitialize
                0x00001448       0x3c .\CortexM3\ARM_GCC_541\Debug\TestBench.a(WaveDAC8_Wave2_DMA_dma.o)
                0x00001448                WaveDAC8_Wave2_DMA_DmaInitialize
 .text.WaveDAC8_VDAC8_Enable
                0x00001484       0x1c .\CortexM3\ARM_GCC_541\Debug\TestBench.a(WaveDAC8_VDAC8.o)
                0x00001484                WaveDAC8_VDAC8_Enable
 .text.WaveDAC8_VDAC8_SetSpeed
                0x000014a0       0x1c .\CortexM3\ARM_GCC_541\Debug\TestBench.a(WaveDAC8_VDAC8.o)
                0x000014a0                WaveDAC8_VDAC8_SetSpeed
 .text.WaveDAC8_VDAC8_SetValue
                0x000014bc        0xc .\CortexM3\ARM_GCC_541\Debug\TestBench.a(WaveDAC8_VDAC8.o)
                0x000014bc                WaveDAC8_VDAC8_SetValue
 .text.WaveDAC8_VDAC8_DacTrim
                0x000014c8       0x24 .\CortexM3\ARM_GCC_541\Debug\TestBench.a(WaveDAC8_VDAC8.o)
                0x000014c8                WaveDAC8_VDAC8_DacTrim
 .text.WaveDAC8_VDAC8_SetRange
                0x000014ec       0x20 .\CortexM3\ARM_GCC_541\Debug\TestBench.a(WaveDAC8_VDAC8.o)
                0x000014ec                WaveDAC8_VDAC8_SetRange
 .text.WaveDAC8_VDAC8_Init
                0x0000150c       0x2c .\CortexM3\ARM_GCC_541\Debug\TestBench.a(WaveDAC8_VDAC8.o)
                0x0000150c                WaveDAC8_VDAC8_Init
 .text.isr_UART_SetVector
                0x00001538        0xc .\CortexM3\ARM_GCC_541\Debug\TestBench.a(isr_UART.o)
                0x00001538                isr_UART_SetVector
 .text.isr_UART_SetPriority
                0x00001544       0x10 .\CortexM3\ARM_GCC_541\Debug\TestBench.a(isr_UART.o)
                0x00001544                isr_UART_SetPriority
 .text.isr_UART_Enable
                0x00001554        0xc .\CortexM3\ARM_GCC_541\Debug\TestBench.a(isr_UART.o)
                0x00001554                isr_UART_Enable
 .text.isr_UART_Disable
                0x00001560        0xc .\CortexM3\ARM_GCC_541\Debug\TestBench.a(isr_UART.o)
                0x00001560                isr_UART_Disable
 .text.isr_UART_StartEx
                0x0000156c       0x1c .\CortexM3\ARM_GCC_541\Debug\TestBench.a(isr_UART.o)
                0x0000156c                isr_UART_StartEx
 .text.isr_UART_ClearPending
                0x00001588        0xc .\CortexM3\ARM_GCC_541\Debug\TestBench.a(isr_UART.o)
                0x00001588                isr_UART_ClearPending
 *fill*         0x00001594        0x4 
 .text          0x00001598       0x20 .\CortexM3\ARM_GCC_541\Debug\TestBench.a(CyBootAsmGnu.o)
                0x00001598                CyDelayCycles
                0x000015a8                CyEnterCriticalSection
                0x000015b0                CyExitCriticalSection
 .text.__errno  0x000015b8        0xc c:/program files (x86)/cypress/psoc creator/4.4/psoc creator/import/gnu/arm/5.4.1/bin/../lib/gcc/arm-none-eabi/5.4.1/../../../../arm-none-eabi/lib/armv7-m\libg_nano.a(lib_a-errno.o)
                0x000015b8                __errno
 .text.__libc_init_array
                0x000015c4       0x4c c:/program files (x86)/cypress/psoc creator/4.4/psoc creator/import/gnu/arm/5.4.1/bin/../lib/gcc/arm-none-eabi/5.4.1/../../../../arm-none-eabi/lib/armv7-m\libg_nano.a(lib_a-init.o)
                0x000015c4                __libc_init_array
 .text.memcpy   0x00001610       0x16 c:/program files (x86)/cypress/psoc creator/4.4/psoc creator/import/gnu/arm/5.4.1/bin/../lib/gcc/arm-none-eabi/5.4.1/../../../../arm-none-eabi/lib/armv7-m\libg_nano.a(lib_a-memcpy-stub.o)
                0x00001610                memcpy
 .text.memset   0x00001626       0x10 c:/program files (x86)/cypress/psoc creator/4.4/psoc creator/import/gnu/arm/5.4.1/bin/../lib/gcc/arm-none-eabi/5.4.1/../../../../arm-none-eabi/lib/armv7-m\libg_nano.a(lib_a-memset.o)
                0x00001626                memset
 *(.plt)
 *(.gnu.warning)
 *(.glue_7t)
 .glue_7t       0x00001636        0x0 linker stubs
 *(.glue_7)
 .glue_7        0x00001636        0x0 linker stubs
 *(.vfp11_veneer)
 .vfp11_veneer  0x00001636        0x0 linker stubs
 *(.bootloader)
 *(.ARM.extab* .gnu.linkonce.armextab.*)
 *(.gcc_except_table)

.v4_bx          0x00001638        0x0
 .v4_bx         0x00001638        0x0 linker stubs

.iplt           0x00001638        0x0
 .iplt          0x00001638        0x0 c:/program files (x86)/cypress/psoc creator/4.4/psoc creator/import/gnu/arm/5.4.1/bin/../lib/gcc/arm-none-eabi/5.4.1/armv7-m/crtbegin.o

.eh_frame_hdr
 *(.eh_frame_hdr)

.eh_frame       0x00001638        0x4
 *(.eh_frame)
 .eh_frame      0x00001638        0x0 c:/program files (x86)/cypress/psoc creator/4.4/psoc creator/import/gnu/arm/5.4.1/bin/../lib/gcc/arm-none-eabi/5.4.1/armv7-m/crtbegin.o
 .eh_frame      0x00001638        0x4 c:/program files (x86)/cypress/psoc creator/4.4/psoc creator/import/gnu/arm/5.4.1/bin/../lib/gcc/arm-none-eabi/5.4.1/armv7-m/crtend.o
                [!provide]                PROVIDE (__exidx_start, .)

.ARM.exidx
 *(.ARM.exidx* .gnu.linkonce.armexidx.*)
                0x0000163c                __exidx_end = .

.rodata         0x0000163c      0x4e4
 *(.rodata .rodata.* .gnu.linkonce.r.*)
 .rodata.str1.4
                0x0000163c       0x10 .\CortexM3\ARM_GCC_541\Debug\main.o
                                  0xd (size before relaxing)
 .rodata        0x0000164c       0x4e .\CortexM3\ARM_GCC_541\Debug\cyfitter_cfg.o
                0x0000164c                ADC_DelSig_AMux__addrTable
                0x00001654                ADC_DelSig_AMux__maskTable
 *fill*         0x0000169a        0x2 
 .rodata        0x0000169c      0x44c .\CortexM3\ARM_GCC_541\Debug\TestBench.a(WaveDAC8.o)
                0x0000169c                WaveDAC8_wave1
                0x00001a84                WaveDAC8_wave2
 .rodata.str1.1
                0x00001ae8        0x2 c:/program files (x86)/cypress/psoc creator/4.4/psoc creator/import/gnu/arm/5.4.1/bin/../lib/gcc/arm-none-eabi/5.4.1/../../../../arm-none-eabi/lib/armv7-m\libg_nano.a(lib_a-impure.o)
                0x00001aec                . = ALIGN (0x4)
 *fill*         0x00001aea        0x2 
 *(.init)
 .init          0x00001aec        0x4 c:/program files (x86)/cypress/psoc creator/4.4/psoc creator/import/gnu/arm/5.4.1/bin/../lib/gcc/arm-none-eabi/5.4.1/armv7-m/crti.o
                0x00001aec                _init
 .init          0x00001af0        0x8 c:/program files (x86)/cypress/psoc creator/4.4/psoc creator/import/gnu/arm/5.4.1/bin/../lib/gcc/arm-none-eabi/5.4.1/armv7-m/crtn.o
                0x00001af8                . = ALIGN (0x4)
                0x00001af8                __preinit_array_start = .
 *(.preinit_array)
                0x00001af8                __preinit_array_end = .
                0x00001af8                . = ALIGN (0x4)
                0x00001af8                __init_array_start = .
 *(SORT(.init_array.*))
 *(.init_array)
 .init_array    0x00001af8        0x4 c:/program files (x86)/cypress/psoc creator/4.4/psoc creator/import/gnu/arm/5.4.1/bin/../lib/gcc/arm-none-eabi/5.4.1/armv7-m/crtbegin.o
 .init_array    0x00001afc        0x4 .\CortexM3\ARM_GCC_541\Debug\Cm3Start.o
                0x00001b00                __init_array_end = .
                0x00001b00                . = ALIGN (0x4)
 *(.fini)
 .fini          0x00001b00        0x4 c:/program files (x86)/cypress/psoc creator/4.4/psoc creator/import/gnu/arm/5.4.1/bin/../lib/gcc/arm-none-eabi/5.4.1/armv7-m/crti.o
                0x00001b00                _fini
 .fini          0x00001b04        0x8 c:/program files (x86)/cypress/psoc creator/4.4/psoc creator/import/gnu/arm/5.4.1/bin/../lib/gcc/arm-none-eabi/5.4.1/armv7-m/crtn.o
                0x00001b0c                . = ALIGN (0x4)
                0x00001b0c                __fini_array_start = .
 *(.fini_array)
 .fini_array    0x00001b0c        0x4 c:/program files (x86)/cypress/psoc creator/4.4/psoc creator/import/gnu/arm/5.4.1/bin/../lib/gcc/arm-none-eabi/5.4.1/armv7-m/crtbegin.o
 *(SORT(.fini_array.*))
                0x00001b10                __fini_array_end = .
                0x00001b10                . = ALIGN (0x4)
 *crtbegin.o(.ctors)
 *(EXCLUDE_FILE(*crtend.o) .ctors)
 *(SORT(.ctors.*))
 *crtend.o(.ctors)
                0x00001b10                . = ALIGN (0x4)
 *crtbegin.o(.dtors)
 *(EXCLUDE_FILE(*crtend.o) .dtors)
 *(SORT(.dtors.*))
 *crtend.o(.dtors)
                0x00001b10                . = ALIGN (0x4)
                0x00001b10                __cy_regions = .
                0x00001b10        0x4 LONG 0x1b20 __cy_region_init_ram
                0x00001b14        0x4 LONG 0x1fff80c8 __cy_region_start_data
                0x00001b18        0x4 LONG 0x88 __cy_region_init_size_ram
                0x00001b1c        0x4 LONG 0x850 __cy_region_zero_size_ram
                0x00001b20                __cy_regions_end = .
                0x00001b20                . = ALIGN (0x8)
                0x00001b20                _etext = .

.cy_checksum_exclude
                0x00001b20        0x0
 *(.cy_checksum_exclude)

.ramvectors     0x1fff8000       0xc0
                0x1fff8000                __cy_region_start_ram = .
 *(.ramvectors)
 .ramvectors    0x1fff8000       0xc0 .\CortexM3\ARM_GCC_541\Debug\Cm3Start.o
                0x1fff8000                CyRamVectors

.noinit         0x1fff80c0        0x1
 *(.noinit)
 .noinit        0x1fff80c0        0x1 .\CortexM3\ARM_GCC_541\Debug\TestBench.a(CyLib.o)
                0x1fff80c0                CyResetStatus

.data           0x1fff80c8       0x88 load address 0x00001b20
                0x1fff80c8                __cy_region_start_data = .
 *(.jcr)
 .jcr           0x1fff80c8        0x0 c:/program files (x86)/cypress/psoc creator/4.4/psoc creator/import/gnu/arm/5.4.1/bin/../lib/gcc/arm-none-eabi/5.4.1/armv7-m/crtbegin.o
 .jcr           0x1fff80c8        0x4 c:/program files (x86)/cypress/psoc creator/4.4/psoc creator/import/gnu/arm/5.4.1/bin/../lib/gcc/arm-none-eabi/5.4.1/armv7-m/crtend.o
 *(.got.plt)
 *(.got)
 *(.shdata)
 *(.data .data.* .gnu.linkonce.d.*)
 .data          0x1fff80cc        0x1 .\CortexM3\ARM_GCC_541\Debug\main.o
                0x1fff80cc                buttonPressed
 *fill*         0x1fff80cd        0x3 
 .data          0x1fff80d0        0x8 .\CortexM3\ARM_GCC_541\Debug\TestBench.a(CyDmac.o)
 .data          0x1fff80d8       0x10 .\CortexM3\ARM_GCC_541\Debug\TestBench.a(CyLib.o)
                0x1fff80d8                cydelay_32k_ms
                0x1fff80dc                cydelay_freq_khz
                0x1fff80e0                cydelay_freq_mhz
                0x1fff80e4                cydelay_freq_hz
 .data          0x1fff80e8        0x1 .\CortexM3\ARM_GCC_541\Debug\TestBench.a(ADC_DelSig.o)
                0x1fff80e8                ADC_DelSig_Config
 .data          0x1fff80e9        0x1 .\CortexM3\ARM_GCC_541\Debug\TestBench.a(ADC_DelSig_AMux.o)
 .data          0x1fff80ea        0x1 .\CortexM3\ARM_GCC_541\Debug\TestBench.a(WaveDAC8_Wave1_DMA_dma.o)
                0x1fff80ea                WaveDAC8_Wave1_DMA_DmaHandle
 .data          0x1fff80eb        0x1 .\CortexM3\ARM_GCC_541\Debug\TestBench.a(WaveDAC8_Wave2_DMA_dma.o)
                0x1fff80eb                WaveDAC8_Wave2_DMA_DmaHandle
 .data.impure_data
                0x1fff80ec       0x60 c:/program files (x86)/cypress/psoc creator/4.4/psoc creator/import/gnu/arm/5.4.1/bin/../lib/gcc/arm-none-eabi/5.4.1/../../../../arm-none-eabi/lib/armv7-m\libg_nano.a(lib_a-impure.o)
 .data._impure_ptr
                0x1fff814c        0x4 c:/program files (x86)/cypress/psoc creator/4.4/psoc creator/import/gnu/arm/5.4.1/bin/../lib/gcc/arm-none-eabi/5.4.1/../../../../arm-none-eabi/lib/armv7-m\libg_nano.a(lib_a-impure.o)
                0x1fff814c                _impure_ptr
                0x1fff8150                . = ALIGN (0x8)
 *(.ram)
                0x1fff8150                _edata = .

.igot.plt       0x1fff8150        0x0 load address 0x00001ba8
 .igot.plt      0x1fff8150        0x0 c:/program files (x86)/cypress/psoc creator/4.4/psoc creator/import/gnu/arm/5.4.1/bin/../lib/gcc/arm-none-eabi/5.4.1/armv7-m/crtbegin.o

.bss            0x1fff8150      0x850 load address 0x00001ba8
                0x1fff8150                PROVIDE (__bss_start__, .)
 *(.shbss)
 *(.bss .bss.* .gnu.linkonce.b.*)
 .bss           0x1fff8150       0x1c c:/program files (x86)/cypress/psoc creator/4.4/psoc creator/import/gnu/arm/5.4.1/bin/../lib/gcc/arm-none-eabi/5.4.1/armv7-m/crtbegin.o
 .bss           0x1fff816c        0x2 .\CortexM3\ARM_GCC_541\Debug\main.o
                0x1fff816c                charS
                0x1fff816d                charO
 *fill*         0x1fff816e        0x2 
 .bss           0x1fff8170      0x804 .\CortexM3\ARM_GCC_541\Debug\statemachine.o
 .bss           0x1fff8974        0x2 .\CortexM3\ARM_GCC_541\Debug\TestBench.a(UART.o)
                0x1fff8974                UART_initVar
 *fill*         0x1fff8976        0x2 
 .bss           0x1fff8978       0x18 .\CortexM3\ARM_GCC_541\Debug\TestBench.a(ADC_DelSig.o)
                0x1fff8988                ADC_DelSig_stopConversion
                0x1fff8989                ADC_DelSig_convDone
                0x1fff898a                ADC_DelSig_initVar
                0x1fff898b                ADC_DelSig_started
                0x1fff898c                ADC_DelSig_Offset
 .bss           0x1fff8990        0x5 .\CortexM3\ARM_GCC_541\Debug\TestBench.a(WaveDAC8.o)
                0x1fff8994                WaveDAC8_initVar
 *(COMMON)
 COMMON         0x1fff8995        0x1 .\CortexM3\ARM_GCC_541\Debug\main.o
                0x1fff8995                charRx
 *fill*         0x1fff8996        0x2 
 COMMON         0x1fff8998        0x4 .\CortexM3\ARM_GCC_541\Debug\TestBench.a(ADC_DelSig.o)
                0x1fff8998                ADC_DelSig_CountsPerVolt
                0x1fff89a0                . = ALIGN (0x8)
 *fill*         0x1fff899c        0x4 
 *(.ram.b)
                0x1fff89a0                _end = .
                0x1fff89a0                __end = .
                0x1fff89a0                PROVIDE (end, .)
                0x1fff89a0                PROVIDE (__bss_end__, .)
                0x00001b20                __cy_region_init_ram = LOADADDR (.data)
                0x00000088                __cy_region_init_size_ram = (_edata - ADDR (.data))
                0x00000850                __cy_region_zero_size_ram = (_end - _edata)

.heap           0x1fff89a0       0x80 load address 0x00001ba8
                0x1fff89a0                . = _end
                0x1fff8a20                . = (. + 0x80)
 *fill*         0x1fff89a0       0x80 
                0x1fff8a20                __cy_heap_limit = .

.stack          0x20007800      0x800
                0x20007800                __cy_stack_limit = .
                0x20008000                . = (. + 0x800)
 *fill*         0x20007800      0x800 
                0x00000001                ASSERT ((__cy_stack_limit >= __cy_heap_limit), region RAM overflowed with stack)
                0x00000000                cy_checksum_exclude_size = (CY_APPL_LOADABLE == 0x1)?SIZEOF (.cy_checksum_exclude):0x0
                0x00000001                ASSERT ((cy_checksum_exclude_size <= CY_CHECKSUM_EXCLUDE_SIZE), CY_BOOT: Section .cy_checksum_exclude size exceedes specified limit.)

.cyloadermeta
 *(.cyloadermeta)

.cyloadablemeta
 *(.cyloadablemeta)

.cyconfigecc    0x80000000      0x47c
 *(.cyconfigecc)
 .cyconfigecc   0x80000000      0x47c .\CortexM3\ARM_GCC_541\Debug\cymetadata.o
                0x80000000                cy_meta_configecc

.cycustnvl      0x90000000        0x4
 *(.cycustnvl)
 .cycustnvl     0x90000000        0x4 .\CortexM3\ARM_GCC_541\Debug\cymetadata.o
                0x90000000                cy_meta_custnvl

.cywolatch      0x90100000        0x4
 *(.cywolatch)
 .cywolatch     0x90100000        0x4 .\CortexM3\ARM_GCC_541\Debug\cymetadata.o
                0x90100000                cy_meta_wonvl

.cyeeprom       0x90200000        0x0
 *(.cyeeprom)
                0x00000001                ASSERT ((. <= ((0x90200000 + ee_offset) + ee_size)), .cyeeprom data will not fit in EEPROM)

.cyflashprotect
                0x90400000      0x100
 *(.cyflashprotect)
 .cyflashprotect
                0x90400000      0x100 .\CortexM3\ARM_GCC_541\Debug\cymetadata.o
                0x90400000                cy_meta_flashprotect

.cymeta         0x90500000        0xc
 *(.cymeta)
 .cymeta        0x90500000        0xc .\CortexM3\ARM_GCC_541\Debug\cymetadata.o
                0x90500000                cy_metadata

.rel.dyn        0x00001ba8        0x0 load address 0x9050000c
 .rel.iplt      0x00001ba8        0x0 c:/program files (x86)/cypress/psoc creator/4.4/psoc creator/import/gnu/arm/5.4.1/bin/../lib/gcc/arm-none-eabi/5.4.1/armv7-m/crtbegin.o

.stab
 *(.stab)

.stabstr
 *(.stabstr)

.debug
 *(.debug)

.line
 *(.line)

.debug_srcinfo
 *(.debug_srcinfo)

.debug_sfnames
 *(.debug_sfnames)

.debug_aranges  0x00000000      0xd00
 *(.debug_aranges)
 .debug_aranges
                0x00000000       0x30 .\CortexM3\ARM_GCC_541\Debug\main.o
 .debug_aranges
                0x00000030       0x20 .\CortexM3\ARM_GCC_541\Debug\statemachine.o
 .debug_aranges
                0x00000050       0x68 .\CortexM3\ARM_GCC_541\Debug\cyfitter_cfg.o
 .debug_aranges
                0x000000b8       0x18 .\CortexM3\ARM_GCC_541\Debug\cymetadata.o
 .debug_aranges
                0x000000d0       0x48 .\CortexM3\ARM_GCC_541\Debug\Cm3Start.o
 .debug_aranges
                0x00000118       0x38 .\CortexM3\ARM_GCC_541\Debug\TestBench.a(LED_RED.o)
 .debug_aranges
                0x00000150       0x38 .\CortexM3\ARM_GCC_541\Debug\TestBench.a(LED_GREEN.o)
 .debug_aranges
                0x00000188       0xd8 .\CortexM3\ARM_GCC_541\Debug\TestBench.a(CyDmac.o)
 .debug_aranges
                0x00000260      0x2a0 .\CortexM3\ARM_GCC_541\Debug\TestBench.a(CyLib.o)
 .debug_aranges
                0x00000500       0x98 .\CortexM3\ARM_GCC_541\Debug\TestBench.a(cyPm.o)
 .debug_aranges
                0x00000598       0x38 .\CortexM3\ARM_GCC_541\Debug\TestBench.a(LED_ORANGE.o)
 .debug_aranges
                0x000005d0       0xf0 .\CortexM3\ARM_GCC_541\Debug\TestBench.a(UART.o)
 .debug_aranges
                0x000006c0       0x70 .\CortexM3\ARM_GCC_541\Debug\TestBench.a(UART_IntClock.o)
 .debug_aranges
                0x00000730       0x80 .\CortexM3\ARM_GCC_541\Debug\TestBench.a(isr_pushButton.o)
 .debug_aranges
                0x000007b0       0xe8 .\CortexM3\ARM_GCC_541\Debug\TestBench.a(ADC_DelSig.o)
 .debug_aranges
                0x00000898       0x38 .\CortexM3\ARM_GCC_541\Debug\TestBench.a(ADC_DelSig_INT.o)
 .debug_aranges
                0x000008d0       0x50 .\CortexM3\ARM_GCC_541\Debug\TestBench.a(WaveDAC8.o)
 .debug_aranges
                0x00000920       0x30 .\CortexM3\ARM_GCC_541\Debug\TestBench.a(ADC_DelSig_AMux.o)
 .debug_aranges
                0x00000950       0x70 .\CortexM3\ARM_GCC_541\Debug\TestBench.a(ADC_DelSig_Ext_CP_Clk.o)
 .debug_aranges
                0x000009c0       0x80 .\CortexM3\ARM_GCC_541\Debug\TestBench.a(ADC_DelSig_theACLK.o)
 .debug_aranges
                0x00000a40       0x70 .\CortexM3\ARM_GCC_541\Debug\TestBench.a(WaveDAC8_DacClk.o)
 .debug_aranges
                0x00000ab0       0x28 .\CortexM3\ARM_GCC_541\Debug\TestBench.a(WaveDAC8_Wave1_DMA_dma.o)
 .debug_aranges
                0x00000ad8       0x28 .\CortexM3\ARM_GCC_541\Debug\TestBench.a(WaveDAC8_Wave2_DMA_dma.o)
 .debug_aranges
                0x00000b00       0x58 .\CortexM3\ARM_GCC_541\Debug\TestBench.a(WaveDAC8_VDAC8.o)
 .debug_aranges
                0x00000b58       0x80 .\CortexM3\ARM_GCC_541\Debug\TestBench.a(isr_UART.o)
 .debug_aranges
                0x00000bd8       0x20 .\CortexM3\ARM_GCC_541\Debug\TestBench.a(CyBootAsmGnu.o)
 .debug_aranges
                0x00000bf8       0x88 .\CortexM3\ARM_GCC_541\Debug\TestBench.a(CyFlash.o)
 .debug_aranges
                0x00000c80       0x80 .\CortexM3\ARM_GCC_541\Debug\TestBench.a(CySpc.o)

.debug_pubnames
 *(.debug_pubnames)

.debug_info     0x00000000     0x7601
 *(.debug_info .gnu.linkonce.wi.*)
 .debug_info    0x00000000      0x2b7 .\CortexM3\ARM_GCC_541\Debug\main.o
 .debug_info    0x000002b7      0x2d4 .\CortexM3\ARM_GCC_541\Debug\statemachine.o
 .debug_info    0x0000058b      0x6a0 .\CortexM3\ARM_GCC_541\Debug\cyfitter_cfg.o
 .debug_info    0x00000c2b      0x136 .\CortexM3\ARM_GCC_541\Debug\cymetadata.o
 .debug_info    0x00000d61      0x3cf .\CortexM3\ARM_GCC_541\Debug\Cm3Start.o
 .debug_info    0x00001130      0x11f .\CortexM3\ARM_GCC_541\Debug\TestBench.a(LED_RED.o)
 .debug_info    0x0000124f      0x11f .\CortexM3\ARM_GCC_541\Debug\TestBench.a(LED_GREEN.o)
 .debug_info    0x0000136e      0x94e .\CortexM3\ARM_GCC_541\Debug\TestBench.a(CyDmac.o)
 .debug_info    0x00001cbc     0x1374 .\CortexM3\ARM_GCC_541\Debug\TestBench.a(CyLib.o)
 .debug_info    0x00003030      0xa2a .\CortexM3\ARM_GCC_541\Debug\TestBench.a(cyPm.o)
 .debug_info    0x00003a5a      0x11f .\CortexM3\ARM_GCC_541\Debug\TestBench.a(LED_ORANGE.o)
 .debug_info    0x00003b79      0x60c .\CortexM3\ARM_GCC_541\Debug\TestBench.a(UART.o)
 .debug_info    0x00004185      0x283 .\CortexM3\ARM_GCC_541\Debug\TestBench.a(UART_IntClock.o)
 .debug_info    0x00004408      0x2d2 .\CortexM3\ARM_GCC_541\Debug\TestBench.a(isr_pushButton.o)
 .debug_info    0x000046da      0xbed .\CortexM3\ARM_GCC_541\Debug\TestBench.a(ADC_DelSig.o)
 .debug_info    0x000052c7       0xd3 .\CortexM3\ARM_GCC_541\Debug\TestBench.a(ADC_DelSig_INT.o)
 .debug_info    0x0000539a      0x519 .\CortexM3\ARM_GCC_541\Debug\TestBench.a(WaveDAC8.o)
 .debug_info    0x000058b3      0x165 .\CortexM3\ARM_GCC_541\Debug\TestBench.a(ADC_DelSig_AMux.o)
 .debug_info    0x00005a18      0x283 .\CortexM3\ARM_GCC_541\Debug\TestBench.a(ADC_DelSig_Ext_CP_Clk.o)
 .debug_info    0x00005c9b      0x2c4 .\CortexM3\ARM_GCC_541\Debug\TestBench.a(ADC_DelSig_theACLK.o)
 .debug_info    0x00005f5f      0x283 .\CortexM3\ARM_GCC_541\Debug\TestBench.a(WaveDAC8_DacClk.o)
 .debug_info    0x000061e2      0x1aa .\CortexM3\ARM_GCC_541\Debug\TestBench.a(WaveDAC8_Wave1_DMA_dma.o)
 .debug_info    0x0000638c      0x1a7 .\CortexM3\ARM_GCC_541\Debug\TestBench.a(WaveDAC8_Wave2_DMA_dma.o)
 .debug_info    0x00006533      0x1de .\CortexM3\ARM_GCC_541\Debug\TestBench.a(WaveDAC8_VDAC8.o)
 .debug_info    0x00006711      0x2d2 .\CortexM3\ARM_GCC_541\Debug\TestBench.a(isr_UART.o)
 .debug_info    0x000069e3       0x81 .\CortexM3\ARM_GCC_541\Debug\TestBench.a(CyBootAsmGnu.o)
 .debug_info    0x00006a64      0x64d .\CortexM3\ARM_GCC_541\Debug\TestBench.a(CyFlash.o)
 .debug_info    0x000070b1      0x550 .\CortexM3\ARM_GCC_541\Debug\TestBench.a(CySpc.o)

.debug_abbrev   0x00000000     0x20d9
 *(.debug_abbrev)
 .debug_abbrev  0x00000000       0xe8 .\CortexM3\ARM_GCC_541\Debug\main.o
 .debug_abbrev  0x000000e8      0x10b .\CortexM3\ARM_GCC_541\Debug\statemachine.o
 .debug_abbrev  0x000001f3      0x22d .\CortexM3\ARM_GCC_541\Debug\cyfitter_cfg.o
 .debug_abbrev  0x00000420       0x77 .\CortexM3\ARM_GCC_541\Debug\cymetadata.o
 .debug_abbrev  0x00000497      0x1e8 .\CortexM3\ARM_GCC_541\Debug\Cm3Start.o
 .debug_abbrev  0x0000067f       0x90 .\CortexM3\ARM_GCC_541\Debug\TestBench.a(LED_RED.o)
 .debug_abbrev  0x0000070f       0x90 .\CortexM3\ARM_GCC_541\Debug\TestBench.a(LED_GREEN.o)
 .debug_abbrev  0x0000079f      0x1b2 .\CortexM3\ARM_GCC_541\Debug\TestBench.a(CyDmac.o)
 .debug_abbrev  0x00000951      0x254 .\CortexM3\ARM_GCC_541\Debug\TestBench.a(CyLib.o)
 .debug_abbrev  0x00000ba5      0x1ab .\CortexM3\ARM_GCC_541\Debug\TestBench.a(cyPm.o)
 .debug_abbrev  0x00000d50       0x90 .\CortexM3\ARM_GCC_541\Debug\TestBench.a(LED_ORANGE.o)
 .debug_abbrev  0x00000de0      0x175 .\CortexM3\ARM_GCC_541\Debug\TestBench.a(UART.o)
 .debug_abbrev  0x00000f55      0x139 .\CortexM3\ARM_GCC_541\Debug\TestBench.a(UART_IntClock.o)
 .debug_abbrev  0x0000108e      0x173 .\CortexM3\ARM_GCC_541\Debug\TestBench.a(isr_pushButton.o)
 .debug_abbrev  0x00001201      0x1eb .\CortexM3\ARM_GCC_541\Debug\TestBench.a(ADC_DelSig.o)
 .debug_abbrev  0x000013ec       0x42 .\CortexM3\ARM_GCC_541\Debug\TestBench.a(ADC_DelSig_INT.o)
 .debug_abbrev  0x0000142e      0x114 .\CortexM3\ARM_GCC_541\Debug\TestBench.a(WaveDAC8.o)
 .debug_abbrev  0x00001542       0xb1 .\CortexM3\ARM_GCC_541\Debug\TestBench.a(ADC_DelSig_AMux.o)
 .debug_abbrev  0x000015f3      0x139 .\CortexM3\ARM_GCC_541\Debug\TestBench.a(ADC_DelSig_Ext_CP_Clk.o)
 .debug_abbrev  0x0000172c      0x121 .\CortexM3\ARM_GCC_541\Debug\TestBench.a(ADC_DelSig_theACLK.o)
 .debug_abbrev  0x0000184d      0x139 .\CortexM3\ARM_GCC_541\Debug\TestBench.a(WaveDAC8_DacClk.o)
 .debug_abbrev  0x00001986       0xcd .\CortexM3\ARM_GCC_541\Debug\TestBench.a(WaveDAC8_Wave1_DMA_dma.o)
 .debug_abbrev  0x00001a53       0xcd .\CortexM3\ARM_GCC_541\Debug\TestBench.a(WaveDAC8_Wave2_DMA_dma.o)
 .debug_abbrev  0x00001b20       0xf7 .\CortexM3\ARM_GCC_541\Debug\TestBench.a(WaveDAC8_VDAC8.o)
 .debug_abbrev  0x00001c17      0x173 .\CortexM3\ARM_GCC_541\Debug\TestBench.a(isr_UART.o)
 .debug_abbrev  0x00001d8a       0x14 .\CortexM3\ARM_GCC_541\Debug\TestBench.a(CyBootAsmGnu.o)
 .debug_abbrev  0x00001d9e      0x1a7 .\CortexM3\ARM_GCC_541\Debug\TestBench.a(CyFlash.o)
 .debug_abbrev  0x00001f45      0x194 .\CortexM3\ARM_GCC_541\Debug\TestBench.a(CySpc.o)

.debug_line     0x00000000     0x3280
 *(.debug_line)
 .debug_line    0x00000000      0x204 .\CortexM3\ARM_GCC_541\Debug\main.o
 .debug_line    0x00000204      0x209 .\CortexM3\ARM_GCC_541\Debug\statemachine.o
 .debug_line    0x0000040d      0x225 .\CortexM3\ARM_GCC_541\Debug\cyfitter_cfg.o
 .debug_line    0x00000632      0x141 .\CortexM3\ARM_GCC_541\Debug\cymetadata.o
 .debug_line    0x00000773      0x241 .\CortexM3\ARM_GCC_541\Debug\Cm3Start.o
 .debug_line    0x000009b4       0x94 .\CortexM3\ARM_GCC_541\Debug\TestBench.a(LED_RED.o)
 .debug_line    0x00000a48       0x96 .\CortexM3\ARM_GCC_541\Debug\TestBench.a(LED_GREEN.o)
 .debug_line    0x00000ade      0x2e4 .\CortexM3\ARM_GCC_541\Debug\TestBench.a(CyDmac.o)
 .debug_line    0x00000dc2      0x816 .\CortexM3\ARM_GCC_541\Debug\TestBench.a(CyLib.o)
 .debug_line    0x000015d8      0x367 .\CortexM3\ARM_GCC_541\Debug\TestBench.a(cyPm.o)
 .debug_line    0x0000193f       0x97 .\CortexM3\ARM_GCC_541\Debug\TestBench.a(LED_ORANGE.o)
 .debug_line    0x000019d6      0x2bc .\CortexM3\ARM_GCC_541\Debug\TestBench.a(UART.o)
 .debug_line    0x00001c92      0x17c .\CortexM3\ARM_GCC_541\Debug\TestBench.a(UART_IntClock.o)
 .debug_line    0x00001e0e      0x13b .\CortexM3\ARM_GCC_541\Debug\TestBench.a(isr_pushButton.o)
 .debug_line    0x00001f49      0x3e4 .\CortexM3\ARM_GCC_541\Debug\TestBench.a(ADC_DelSig.o)
 .debug_line    0x0000232d       0x87 .\CortexM3\ARM_GCC_541\Debug\TestBench.a(ADC_DelSig_INT.o)
 .debug_line    0x000023b4      0x156 .\CortexM3\ARM_GCC_541\Debug\TestBench.a(WaveDAC8.o)
 .debug_line    0x0000250a       0xb3 .\CortexM3\ARM_GCC_541\Debug\TestBench.a(ADC_DelSig_AMux.o)
 .debug_line    0x000025bd      0x184 .\CortexM3\ARM_GCC_541\Debug\TestBench.a(ADC_DelSig_Ext_CP_Clk.o)
 .debug_line    0x00002741      0x1a4 .\CortexM3\ARM_GCC_541\Debug\TestBench.a(ADC_DelSig_theACLK.o)
 .debug_line    0x000028e5      0x17e .\CortexM3\ARM_GCC_541\Debug\TestBench.a(WaveDAC8_DacClk.o)
 .debug_line    0x00002a63       0x8f .\CortexM3\ARM_GCC_541\Debug\TestBench.a(WaveDAC8_Wave1_DMA_dma.o)
 .debug_line    0x00002af2       0x8f .\CortexM3\ARM_GCC_541\Debug\TestBench.a(WaveDAC8_Wave2_DMA_dma.o)
 .debug_line    0x00002b81       0xea .\CortexM3\ARM_GCC_541\Debug\TestBench.a(WaveDAC8_VDAC8.o)
 .debug_line    0x00002c6b      0x135 .\CortexM3\ARM_GCC_541\Debug\TestBench.a(isr_UART.o)
 .debug_line    0x00002da0       0x66 .\CortexM3\ARM_GCC_541\Debug\TestBench.a(CyBootAsmGnu.o)
 .debug_line    0x00002e06      0x21a .\CortexM3\ARM_GCC_541\Debug\TestBench.a(CyFlash.o)
 .debug_line    0x00003020      0x260 .\CortexM3\ARM_GCC_541\Debug\TestBench.a(CySpc.o)

.debug_frame    0x00000000     0x1fa4
 *(.debug_frame)
 .debug_frame   0x00000000       0x64 .\CortexM3\ARM_GCC_541\Debug\main.o
 .debug_frame   0x00000064       0x30 .\CortexM3\ARM_GCC_541\Debug\statemachine.o
 .debug_frame   0x00000094      0x104 .\CortexM3\ARM_GCC_541\Debug\cyfitter_cfg.o
 .debug_frame   0x00000198       0xb8 .\CortexM3\ARM_GCC_541\Debug\Cm3Start.o
 .debug_frame   0x00000250       0x50 .\CortexM3\ARM_GCC_541\Debug\TestBench.a(LED_RED.o)
 .debug_frame   0x000002a0       0x50 .\CortexM3\ARM_GCC_541\Debug\TestBench.a(LED_GREEN.o)
 .debug_frame   0x000002f0      0x1f8 .\CortexM3\ARM_GCC_541\Debug\TestBench.a(CyDmac.o)
 .debug_frame   0x000004e8      0x738 .\CortexM3\ARM_GCC_541\Debug\TestBench.a(CyLib.o)
 .debug_frame   0x00000c20      0x1f8 .\CortexM3\ARM_GCC_541\Debug\TestBench.a(cyPm.o)
 .debug_frame   0x00000e18       0x50 .\CortexM3\ARM_GCC_541\Debug\TestBench.a(LED_ORANGE.o)
 .debug_frame   0x00000e68      0x250 .\CortexM3\ARM_GCC_541\Debug\TestBench.a(UART.o)
 .debug_frame   0x000010b8       0xe0 .\CortexM3\ARM_GCC_541\Debug\TestBench.a(UART_IntClock.o)
 .debug_frame   0x00001198      0x104 .\CortexM3\ARM_GCC_541\Debug\TestBench.a(isr_pushButton.o)
 .debug_frame   0x0000129c      0x284 .\CortexM3\ARM_GCC_541\Debug\TestBench.a(ADC_DelSig.o)
 .debug_frame   0x00001520       0x50 .\CortexM3\ARM_GCC_541\Debug\TestBench.a(ADC_DelSig_INT.o)
 .debug_frame   0x00001570       0xe0 .\CortexM3\ARM_GCC_541\Debug\TestBench.a(WaveDAC8.o)
 .debug_frame   0x00001650       0x64 .\CortexM3\ARM_GCC_541\Debug\TestBench.a(ADC_DelSig_AMux.o)
 .debug_frame   0x000016b4       0xe0 .\CortexM3\ARM_GCC_541\Debug\TestBench.a(ADC_DelSig_Ext_CP_Clk.o)
 .debug_frame   0x00001794      0x100 .\CortexM3\ARM_GCC_541\Debug\TestBench.a(ADC_DelSig_theACLK.o)
 .debug_frame   0x00001894       0xe0 .\CortexM3\ARM_GCC_541\Debug\TestBench.a(WaveDAC8_DacClk.o)
 .debug_frame   0x00001974       0x54 .\CortexM3\ARM_GCC_541\Debug\TestBench.a(WaveDAC8_Wave1_DMA_dma.o)
 .debug_frame   0x000019c8       0x54 .\CortexM3\ARM_GCC_541\Debug\TestBench.a(WaveDAC8_Wave2_DMA_dma.o)
 .debug_frame   0x00001a1c       0xb4 .\CortexM3\ARM_GCC_541\Debug\TestBench.a(WaveDAC8_VDAC8.o)
 .debug_frame   0x00001ad0      0x104 .\CortexM3\ARM_GCC_541\Debug\TestBench.a(isr_UART.o)
 .debug_frame   0x00001bd4      0x194 .\CortexM3\ARM_GCC_541\Debug\TestBench.a(CyFlash.o)
 .debug_frame   0x00001d68      0x180 .\CortexM3\ARM_GCC_541\Debug\TestBench.a(CySpc.o)
 .debug_frame   0x00001ee8       0x20 c:/program files (x86)/cypress/psoc creator/4.4/psoc creator/import/gnu/arm/5.4.1/bin/../lib/gcc/arm-none-eabi/5.4.1/../../../../arm-none-eabi/lib/armv7-m\libg_nano.a(lib_a-errno.o)
 .debug_frame   0x00001f08       0x28 c:/program files (x86)/cypress/psoc creator/4.4/psoc creator/import/gnu/arm/5.4.1/bin/../lib/gcc/arm-none-eabi/5.4.1/../../../../arm-none-eabi/lib/armv7-m\libg_nano.a(lib_a-exit.o)
 .debug_frame   0x00001f30       0x2c c:/program files (x86)/cypress/psoc creator/4.4/psoc creator/import/gnu/arm/5.4.1/bin/../lib/gcc/arm-none-eabi/5.4.1/../../../../arm-none-eabi/lib/armv7-m\libg_nano.a(lib_a-init.o)
 .debug_frame   0x00001f5c       0x28 c:/program files (x86)/cypress/psoc creator/4.4/psoc creator/import/gnu/arm/5.4.1/bin/../lib/gcc/arm-none-eabi/5.4.1/../../../../arm-none-eabi/lib/armv7-m\libg_nano.a(lib_a-memcpy-stub.o)
 .debug_frame   0x00001f84       0x20 c:/program files (x86)/cypress/psoc creator/4.4/psoc creator/import/gnu/arm/5.4.1/bin/../lib/gcc/arm-none-eabi/5.4.1/../../../../arm-none-eabi/lib/armv7-m\libg_nano.a(lib_a-memset.o)

.debug_str      0x00000000     0x2c97
 *(.debug_str)
 .debug_str     0x00000000      0x286 .\CortexM3\ARM_GCC_541\Debug\main.o
                                0x2e1 (size before relaxing)
 .debug_str     0x00000286       0xca .\CortexM3\ARM_GCC_541\Debug\statemachine.o
                                0x29d (size before relaxing)
 .debug_str     0x00000350      0x21e .\CortexM3\ARM_GCC_541\Debug\cyfitter_cfg.o
                                0x39d (size before relaxing)
 .debug_str     0x0000056e       0x75 .\CortexM3\ARM_GCC_541\Debug\cymetadata.o
                                0x1d5 (size before relaxing)
 .debug_str     0x000005e3      0x154 .\CortexM3\ARM_GCC_541\Debug\Cm3Start.o
                                0x30b (size before relaxing)
 .debug_str     0x00000737       0x67 .\CortexM3\ARM_GCC_541\Debug\TestBench.a(LED_RED.o)
                                0x1dd (size before relaxing)
 .debug_str     0x0000079e       0x5f .\CortexM3\ARM_GCC_541\Debug\TestBench.a(LED_GREEN.o)
                                0x1e7 (size before relaxing)
 .debug_str     0x000007fd      0x384 .\CortexM3\ARM_GCC_541\Debug\TestBench.a(CyDmac.o)
                                0x53b (size before relaxing)
 .debug_str     0x00000b81      0x7f4 .\CortexM3\ARM_GCC_541\Debug\TestBench.a(CyLib.o)
                                0xa38 (size before relaxing)
 .debug_str     0x00001375      0x365 .\CortexM3\ARM_GCC_541\Debug\TestBench.a(cyPm.o)
                                0x724 (size before relaxing)
 .debug_str     0x000016da       0x63 .\CortexM3\ARM_GCC_541\Debug\TestBench.a(LED_ORANGE.o)
                                0x1ec (size before relaxing)
 .debug_str     0x0000173d      0x253 .\CortexM3\ARM_GCC_541\Debug\TestBench.a(UART.o)
                                0x466 (size before relaxing)
 .debug_str     0x00001990      0x183 .\CortexM3\ARM_GCC_541\Debug\TestBench.a(UART_IntClock.o)
                                0x327 (size before relaxing)
 .debug_str     0x00001b13      0x131 .\CortexM3\ARM_GCC_541\Debug\TestBench.a(isr_pushButton.o)
                                0x315 (size before relaxing)
 .debug_str     0x00001c44      0x419 .\CortexM3\ARM_GCC_541\Debug\TestBench.a(ADC_DelSig.o)
                                0x6d9 (size before relaxing)
 .debug_str     0x0000205d       0x68 .\CortexM3\ARM_GCC_541\Debug\TestBench.a(ADC_DelSig_INT.o)
                                0x1d4 (size before relaxing)
 .debug_str     0x000020c5      0x220 .\CortexM3\ARM_GCC_541\Debug\TestBench.a(WaveDAC8.o)
                                0x428 (size before relaxing)
 .debug_str     0x000022e5       0x7b .\CortexM3\ARM_GCC_541\Debug\TestBench.a(ADC_DelSig_AMux.o)
                                0x221 (size before relaxing)
 .debug_str     0x00002360      0x170 .\CortexM3\ARM_GCC_541\Debug\TestBench.a(ADC_DelSig_Ext_CP_Clk.o)
                                0x387 (size before relaxing)
 .debug_str     0x000024d0      0x1a3 .\CortexM3\ARM_GCC_541\Debug\TestBench.a(ADC_DelSig_theACLK.o)
                                0x3b4 (size before relaxing)
 .debug_str     0x00002673      0x14c .\CortexM3\ARM_GCC_541\Debug\TestBench.a(WaveDAC8_DacClk.o)
                                0x33f (size before relaxing)
 .debug_str     0x000027bf       0xa6 .\CortexM3\ARM_GCC_541\Debug\TestBench.a(WaveDAC8_Wave1_DMA_dma.o)
                                0x291 (size before relaxing)
 .debug_str     0x00002865       0x6b .\CortexM3\ARM_GCC_541\Debug\TestBench.a(WaveDAC8_Wave2_DMA_dma.o)
                                0x291 (size before relaxing)
 .debug_str     0x000028d0       0x77 .\CortexM3\ARM_GCC_541\Debug\TestBench.a(WaveDAC8_VDAC8.o)
                                0x26a (size before relaxing)
 .debug_str     0x00002947       0xe9 .\CortexM3\ARM_GCC_541\Debug\TestBench.a(isr_UART.o)
                                0x2c1 (size before relaxing)
 .debug_str     0x00002a30      0x1bb .\CortexM3\ARM_GCC_541\Debug\TestBench.a(CyFlash.o)
                                0x3b1 (size before relaxing)
 .debug_str     0x00002beb       0xac .\CortexM3\ARM_GCC_541\Debug\TestBench.a(CySpc.o)
                                0x329 (size before relaxing)

.debug_loc      0x00000000     0x388a
 *(.debug_loc)
 .debug_loc     0x00000000       0x54 .\CortexM3\ARM_GCC_541\Debug\statemachine.o
 .debug_loc     0x00000054      0x29c .\CortexM3\ARM_GCC_541\Debug\cyfitter_cfg.o
 .debug_loc     0x000002f0      0x144 .\CortexM3\ARM_GCC_541\Debug\Cm3Start.o
 .debug_loc     0x00000434       0x42 .\CortexM3\ARM_GCC_541\Debug\TestBench.a(LED_RED.o)
 .debug_loc     0x00000476       0x42 .\CortexM3\ARM_GCC_541\Debug\TestBench.a(LED_GREEN.o)
 .debug_loc     0x000004b8      0xb8e .\CortexM3\ARM_GCC_541\Debug\TestBench.a(CyDmac.o)
 .debug_loc     0x00001046      0xa11 .\CortexM3\ARM_GCC_541\Debug\TestBench.a(CyLib.o)
 .debug_loc     0x00001a57      0x1e4 .\CortexM3\ARM_GCC_541\Debug\TestBench.a(cyPm.o)
 .debug_loc     0x00001c3b       0x42 .\CortexM3\ARM_GCC_541\Debug\TestBench.a(LED_ORANGE.o)
 .debug_loc     0x00001c7d      0x258 .\CortexM3\ARM_GCC_541\Debug\TestBench.a(UART.o)
 .debug_loc     0x00001ed5      0x128 .\CortexM3\ARM_GCC_541\Debug\TestBench.a(UART_IntClock.o)
 .debug_loc     0x00001ffd       0x56 .\CortexM3\ARM_GCC_541\Debug\TestBench.a(isr_pushButton.o)
 .debug_loc     0x00002053      0x681 .\CortexM3\ARM_GCC_541\Debug\TestBench.a(ADC_DelSig.o)
 .debug_loc     0x000026d4      0x11b .\CortexM3\ARM_GCC_541\Debug\TestBench.a(WaveDAC8.o)
 .debug_loc     0x000027ef       0x6c .\CortexM3\ARM_GCC_541\Debug\TestBench.a(ADC_DelSig_AMux.o)
 .debug_loc     0x0000285b      0x12c .\CortexM3\ARM_GCC_541\Debug\TestBench.a(ADC_DelSig_Ext_CP_Clk.o)
 .debug_loc     0x00002987      0x14d .\CortexM3\ARM_GCC_541\Debug\TestBench.a(ADC_DelSig_theACLK.o)
 .debug_loc     0x00002ad4      0x128 .\CortexM3\ARM_GCC_541\Debug\TestBench.a(WaveDAC8_DacClk.o)
 .debug_loc     0x00002bfc       0x84 .\CortexM3\ARM_GCC_541\Debug\TestBench.a(WaveDAC8_Wave1_DMA_dma.o)
 .debug_loc     0x00002c80       0x84 .\CortexM3\ARM_GCC_541\Debug\TestBench.a(WaveDAC8_Wave2_DMA_dma.o)
 .debug_loc     0x00002d04       0x79 .\CortexM3\ARM_GCC_541\Debug\TestBench.a(WaveDAC8_VDAC8.o)
 .debug_loc     0x00002d7d       0x56 .\CortexM3\ARM_GCC_541\Debug\TestBench.a(isr_UART.o)
 .debug_loc     0x00002dd3      0x3b2 .\CortexM3\ARM_GCC_541\Debug\TestBench.a(CyFlash.o)
 .debug_loc     0x00003185      0x705 .\CortexM3\ARM_GCC_541\Debug\TestBench.a(CySpc.o)

.debug_macinfo
 *(.debug_macinfo)

.debug_ranges   0x00000000      0xb28
 *(.debug_ranges)
 .debug_ranges  0x00000000       0x20 .\CortexM3\ARM_GCC_541\Debug\main.o
 .debug_ranges  0x00000020       0x10 .\CortexM3\ARM_GCC_541\Debug\statemachine.o
 .debug_ranges  0x00000030       0x58 .\CortexM3\ARM_GCC_541\Debug\cyfitter_cfg.o
 .debug_ranges  0x00000088       0x38 .\CortexM3\ARM_GCC_541\Debug\Cm3Start.o
 .debug_ranges  0x000000c0       0x28 .\CortexM3\ARM_GCC_541\Debug\TestBench.a(LED_RED.o)
 .debug_ranges  0x000000e8       0x28 .\CortexM3\ARM_GCC_541\Debug\TestBench.a(LED_GREEN.o)
 .debug_ranges  0x00000110       0xc8 .\CortexM3\ARM_GCC_541\Debug\TestBench.a(CyDmac.o)
 .debug_ranges  0x000001d8      0x290 .\CortexM3\ARM_GCC_541\Debug\TestBench.a(CyLib.o)
 .debug_ranges  0x00000468       0x88 .\CortexM3\ARM_GCC_541\Debug\TestBench.a(cyPm.o)
 .debug_ranges  0x000004f0       0x28 .\CortexM3\ARM_GCC_541\Debug\TestBench.a(LED_ORANGE.o)
 .debug_ranges  0x00000518       0xe0 .\CortexM3\ARM_GCC_541\Debug\TestBench.a(UART.o)
 .debug_ranges  0x000005f8       0x60 .\CortexM3\ARM_GCC_541\Debug\TestBench.a(UART_IntClock.o)
 .debug_ranges  0x00000658       0x70 .\CortexM3\ARM_GCC_541\Debug\TestBench.a(isr_pushButton.o)
 .debug_ranges  0x000006c8       0xd8 .\CortexM3\ARM_GCC_541\Debug\TestBench.a(ADC_DelSig.o)
 .debug_ranges  0x000007a0       0x28 .\CortexM3\ARM_GCC_541\Debug\TestBench.a(ADC_DelSig_INT.o)
 .debug_ranges  0x000007c8       0x40 .\CortexM3\ARM_GCC_541\Debug\TestBench.a(WaveDAC8.o)
 .debug_ranges  0x00000808       0x20 .\CortexM3\ARM_GCC_541\Debug\TestBench.a(ADC_DelSig_AMux.o)
 .debug_ranges  0x00000828       0x60 .\CortexM3\ARM_GCC_541\Debug\TestBench.a(ADC_DelSig_Ext_CP_Clk.o)
 .debug_ranges  0x00000888       0x70 .\CortexM3\ARM_GCC_541\Debug\TestBench.a(ADC_DelSig_theACLK.o)
 .debug_ranges  0x000008f8       0x60 .\CortexM3\ARM_GCC_541\Debug\TestBench.a(WaveDAC8_DacClk.o)
 .debug_ranges  0x00000958       0x18 .\CortexM3\ARM_GCC_541\Debug\TestBench.a(WaveDAC8_Wave1_DMA_dma.o)
 .debug_ranges  0x00000970       0x18 .\CortexM3\ARM_GCC_541\Debug\TestBench.a(WaveDAC8_Wave2_DMA_dma.o)
 .debug_ranges  0x00000988       0x48 .\CortexM3\ARM_GCC_541\Debug\TestBench.a(WaveDAC8_VDAC8.o)
 .debug_ranges  0x000009d0       0x70 .\CortexM3\ARM_GCC_541\Debug\TestBench.a(isr_UART.o)
 .debug_ranges  0x00000a40       0x78 .\CortexM3\ARM_GCC_541\Debug\TestBench.a(CyFlash.o)
 .debug_ranges  0x00000ab8       0x70 .\CortexM3\ARM_GCC_541\Debug\TestBench.a(CySpc.o)

.comment        0x00000000       0x6e
 .comment       0x00000000       0x6e .\CortexM3\ARM_GCC_541\Debug\main.o
                                 0x6f (size before relaxing)
 .comment       0x0000006e       0x6f .\CortexM3\ARM_GCC_541\Debug\statemachine.o
 .comment       0x0000006e       0x6f .\CortexM3\ARM_GCC_541\Debug\cyfitter_cfg.o
 .comment       0x0000006e       0x6f .\CortexM3\ARM_GCC_541\Debug\cymetadata.o
 .comment       0x0000006e       0x6f .\CortexM3\ARM_GCC_541\Debug\Cm3Start.o
 .comment       0x0000006e       0x6f .\CortexM3\ARM_GCC_541\Debug\TestBench.a(LED_RED.o)
 .comment       0x0000006e       0x6f .\CortexM3\ARM_GCC_541\Debug\TestBench.a(LED_GREEN.o)
 .comment       0x0000006e       0x6f .\CortexM3\ARM_GCC_541\Debug\TestBench.a(CyDmac.o)
 .comment       0x0000006e       0x6f .\CortexM3\ARM_GCC_541\Debug\TestBench.a(CyLib.o)
 .comment       0x0000006e       0x6f .\CortexM3\ARM_GCC_541\Debug\TestBench.a(cyPm.o)
 .comment       0x0000006e       0x6f .\CortexM3\ARM_GCC_541\Debug\TestBench.a(LED_ORANGE.o)
 .comment       0x0000006e       0x6f .\CortexM3\ARM_GCC_541\Debug\TestBench.a(UART.o)
 .comment       0x0000006e       0x6f .\CortexM3\ARM_GCC_541\Debug\TestBench.a(UART_IntClock.o)
 .comment       0x0000006e       0x6f .\CortexM3\ARM_GCC_541\Debug\TestBench.a(isr_pushButton.o)
 .comment       0x0000006e       0x6f .\CortexM3\ARM_GCC_541\Debug\TestBench.a(ADC_DelSig.o)
 .comment       0x0000006e       0x6f .\CortexM3\ARM_GCC_541\Debug\TestBench.a(ADC_DelSig_INT.o)
 .comment       0x0000006e       0x6f .\CortexM3\ARM_GCC_541\Debug\TestBench.a(WaveDAC8.o)
 .comment       0x0000006e       0x6f .\CortexM3\ARM_GCC_541\Debug\TestBench.a(ADC_DelSig_AMux.o)
 .comment       0x0000006e       0x6f .\CortexM3\ARM_GCC_541\Debug\TestBench.a(ADC_DelSig_Ext_CP_Clk.o)
 .comment       0x0000006e       0x6f .\CortexM3\ARM_GCC_541\Debug\TestBench.a(ADC_DelSig_theACLK.o)
 .comment       0x0000006e       0x6f .\CortexM3\ARM_GCC_541\Debug\TestBench.a(WaveDAC8_DacClk.o)
 .comment       0x0000006e       0x6f .\CortexM3\ARM_GCC_541\Debug\TestBench.a(WaveDAC8_Wave1_DMA_dma.o)
 .comment       0x0000006e       0x6f .\CortexM3\ARM_GCC_541\Debug\TestBench.a(WaveDAC8_Wave2_DMA_dma.o)
 .comment       0x0000006e       0x6f .\CortexM3\ARM_GCC_541\Debug\TestBench.a(WaveDAC8_VDAC8.o)
 .comment       0x0000006e       0x6f .\CortexM3\ARM_GCC_541\Debug\TestBench.a(isr_UART.o)
 .comment       0x0000006e       0x6f .\CortexM3\ARM_GCC_541\Debug\TestBench.a(CyFlash.o)
 .comment       0x0000006e       0x6f .\CortexM3\ARM_GCC_541\Debug\TestBench.a(CySpc.o)

.debug_weaknames
 *(.debug_weaknames)

.debug_funcnames
 *(.debug_funcnames)

.debug_typenames
 *(.debug_typenames)

.debug_varnames
 *(.debug_varnames)

.note.gnu.arm.ident
 *(.note.gnu.arm.ident)

.ARM.attributes
                0x00000000       0x29
 *(.ARM.attributes)
 .ARM.attributes
                0x00000000       0x1d c:/program files (x86)/cypress/psoc creator/4.4/psoc creator/import/gnu/arm/5.4.1/bin/../lib/gcc/arm-none-eabi/5.4.1/armv7-m/crti.o
 .ARM.attributes
                0x0000001d       0x2d c:/program files (x86)/cypress/psoc creator/4.4/psoc creator/import/gnu/arm/5.4.1/bin/../lib/gcc/arm-none-eabi/5.4.1/armv7-m/crtbegin.o
 .ARM.attributes
                0x0000004a       0x1b c:/program files (x86)/cypress/psoc creator/4.4/psoc creator/import/gnu/arm/5.4.1/bin/../lib/gcc/arm-none-eabi/5.4.1/../../../../arm-none-eabi/lib/armv7-m/crt0.o
 .ARM.attributes
                0x00000065       0x33 .\CortexM3\ARM_GCC_541\Debug\main.o
 .ARM.attributes
                0x00000098       0x33 .\CortexM3\ARM_GCC_541\Debug\statemachine.o
 .ARM.attributes
                0x000000cb       0x33 .\CortexM3\ARM_GCC_541\Debug\cyfitter_cfg.o
 .ARM.attributes
                0x000000fe       0x33 .\CortexM3\ARM_GCC_541\Debug\cymetadata.o
 .ARM.attributes
                0x00000131       0x33 .\CortexM3\ARM_GCC_541\Debug\Cm3Start.o
 .ARM.attributes
                0x00000164       0x33 .\CortexM3\ARM_GCC_541\Debug\TestBench.a(LED_RED.o)
 .ARM.attributes
                0x00000197       0x33 .\CortexM3\ARM_GCC_541\Debug\TestBench.a(LED_GREEN.o)
 .ARM.attributes
                0x000001ca       0x33 .\CortexM3\ARM_GCC_541\Debug\TestBench.a(CyDmac.o)
 .ARM.attributes
                0x000001fd       0x33 .\CortexM3\ARM_GCC_541\Debug\TestBench.a(CyLib.o)
 .ARM.attributes
                0x00000230       0x33 .\CortexM3\ARM_GCC_541\Debug\TestBench.a(cyPm.o)
 .ARM.attributes
                0x00000263       0x33 .\CortexM3\ARM_GCC_541\Debug\TestBench.a(LED_ORANGE.o)
 .ARM.attributes
                0x00000296       0x33 .\CortexM3\ARM_GCC_541\Debug\TestBench.a(UART.o)
 .ARM.attributes
                0x000002c9       0x33 .\CortexM3\ARM_GCC_541\Debug\TestBench.a(UART_IntClock.o)
 .ARM.attributes
                0x000002fc       0x33 .\CortexM3\ARM_GCC_541\Debug\TestBench.a(isr_pushButton.o)
 .ARM.attributes
                0x0000032f       0x33 .\CortexM3\ARM_GCC_541\Debug\TestBench.a(ADC_DelSig.o)
 .ARM.attributes
                0x00000362       0x33 .\CortexM3\ARM_GCC_541\Debug\TestBench.a(ADC_DelSig_INT.o)
 .ARM.attributes
                0x00000395       0x33 .\CortexM3\ARM_GCC_541\Debug\TestBench.a(WaveDAC8.o)
 .ARM.attributes
                0x000003c8       0x33 .\CortexM3\ARM_GCC_541\Debug\TestBench.a(ADC_DelSig_AMux.o)
 .ARM.attributes
                0x000003fb       0x33 .\CortexM3\ARM_GCC_541\Debug\TestBench.a(ADC_DelSig_Ext_CP_Clk.o)
 .ARM.attributes
                0x0000042e       0x33 .\CortexM3\ARM_GCC_541\Debug\TestBench.a(ADC_DelSig_theACLK.o)
 .ARM.attributes
                0x00000461       0x33 .\CortexM3\ARM_GCC_541\Debug\TestBench.a(WaveDAC8_DacClk.o)
 .ARM.attributes
                0x00000494       0x33 .\CortexM3\ARM_GCC_541\Debug\TestBench.a(WaveDAC8_Wave1_DMA_dma.o)
 .ARM.attributes
                0x000004c7       0x33 .\CortexM3\ARM_GCC_541\Debug\TestBench.a(WaveDAC8_Wave2_DMA_dma.o)
 .ARM.attributes
                0x000004fa       0x33 .\CortexM3\ARM_GCC_541\Debug\TestBench.a(WaveDAC8_VDAC8.o)
 .ARM.attributes
                0x0000052d       0x33 .\CortexM3\ARM_GCC_541\Debug\TestBench.a(isr_UART.o)
 .ARM.attributes
                0x00000560       0x21 .\CortexM3\ARM_GCC_541\Debug\TestBench.a(CyBootAsmGnu.o)
 .ARM.attributes
                0x00000581       0x33 .\CortexM3\ARM_GCC_541\Debug\TestBench.a(CyFlash.o)
 .ARM.attributes
                0x000005b4       0x33 .\CortexM3\ARM_GCC_541\Debug\TestBench.a(CySpc.o)
 .ARM.attributes
                0x000005e7       0x1d c:/program files (x86)/cypress/psoc creator/4.4/psoc creator/import/gnu/arm/5.4.1/bin/../lib/gcc/arm-none-eabi/5.4.1/armv7-m\libgcc.a(_arm_addsubdf3.o)
 .ARM.attributes
                0x00000604       0x1d c:/program files (x86)/cypress/psoc creator/4.4/psoc creator/import/gnu/arm/5.4.1/bin/../lib/gcc/arm-none-eabi/5.4.1/armv7-m\libgcc.a(_arm_cmpdf2.o)
 .ARM.attributes
                0x00000621       0x1d c:/program files (x86)/cypress/psoc creator/4.4/psoc creator/import/gnu/arm/5.4.1/bin/../lib/gcc/arm-none-eabi/5.4.1/armv7-m\libgcc.a(_arm_addsubsf3.o)
 .ARM.attributes
                0x0000063e       0x1d c:/program files (x86)/cypress/psoc creator/4.4/psoc creator/import/gnu/arm/5.4.1/bin/../lib/gcc/arm-none-eabi/5.4.1/armv7-m\libgcc.a(_arm_muldivsf3.o)
 .ARM.attributes
                0x0000065b       0x1d c:/program files (x86)/cypress/psoc creator/4.4/psoc creator/import/gnu/arm/5.4.1/bin/../lib/gcc/arm-none-eabi/5.4.1/armv7-m\libgcc.a(_arm_fixunssfsi.o)
 .ARM.attributes
                0x00000678       0x2d c:/program files (x86)/cypress/psoc creator/4.4/psoc creator/import/gnu/arm/5.4.1/bin/../lib/gcc/arm-none-eabi/5.4.1/../../../../arm-none-eabi/lib/armv7-m\libg_nano.a(lib_a-errno.o)
 .ARM.attributes
                0x000006a5       0x2d c:/program files (x86)/cypress/psoc creator/4.4/psoc creator/import/gnu/arm/5.4.1/bin/../lib/gcc/arm-none-eabi/5.4.1/../../../../arm-none-eabi/lib/armv7-m\libg_nano.a(lib_a-exit.o)
 .ARM.attributes
                0x000006d2       0x2d c:/program files (x86)/cypress/psoc creator/4.4/psoc creator/import/gnu/arm/5.4.1/bin/../lib/gcc/arm-none-eabi/5.4.1/../../../../arm-none-eabi/lib/armv7-m\libg_nano.a(lib_a-impure.o)
 .ARM.attributes
                0x000006ff       0x2d c:/program files (x86)/cypress/psoc creator/4.4/psoc creator/import/gnu/arm/5.4.1/bin/../lib/gcc/arm-none-eabi/5.4.1/../../../../arm-none-eabi/lib/armv7-m\libg_nano.a(lib_a-init.o)
 .ARM.attributes
                0x0000072c       0x2d c:/program files (x86)/cypress/psoc creator/4.4/psoc creator/import/gnu/arm/5.4.1/bin/../lib/gcc/arm-none-eabi/5.4.1/../../../../arm-none-eabi/lib/armv7-m\libg_nano.a(lib_a-memcpy-stub.o)
 .ARM.attributes
                0x00000759       0x2d c:/program files (x86)/cypress/psoc creator/4.4/psoc creator/import/gnu/arm/5.4.1/bin/../lib/gcc/arm-none-eabi/5.4.1/../../../../arm-none-eabi/lib/armv7-m\libg_nano.a(lib_a-memset.o)
 .ARM.attributes
                0x00000786       0x2d c:/program files (x86)/cypress/psoc creator/4.4/psoc creator/import/gnu/arm/5.4.1/bin/../lib/gcc/arm-none-eabi/5.4.1/armv7-m/crtend.o
 .ARM.attributes
                0x000007b3       0x1d c:/program files (x86)/cypress/psoc creator/4.4/psoc creator/import/gnu/arm/5.4.1/bin/../lib/gcc/arm-none-eabi/5.4.1/armv7-m/crtn.o

/DISCARD/
 *(.note.GNU-stack)
OUTPUT(C:\Sandbox\Sem2\SDHD\Git\SDHD\Lab3\TestBench.cydsn\CortexM3\ARM_GCC_541\Debug\TestBench.elf elf32-littlearm)
