Archive member included to satisfy reference by file (symbol)

.\CortexM3\ARM_GCC_541\Debug\TestBench.a(LED_RED.o)
                              .\CortexM3\ARM_GCC_541\Debug\statemachine.o (LED_RED_Write)
.\CortexM3\ARM_GCC_541\Debug\TestBench.a(CyDmac.o)
                              .\CortexM3\ARM_GCC_541\Debug\Cm3Start.o (CyDmacConfigure)
.\CortexM3\ARM_GCC_541\Debug\TestBench.a(CyLib.o)
                              .\CortexM3\ARM_GCC_541\Debug\Cm3Start.o (CyHalt)
.\CortexM3\ARM_GCC_541\Debug\TestBench.a(cyPm.o)
                              .\CortexM3\ARM_GCC_541\Debug\TestBench.a(CyLib.o) (CyPmReadStatus)
.\CortexM3\ARM_GCC_541\Debug\TestBench.a(Push_Button.o)
                              .\CortexM3\ARM_GCC_541\Debug\statemachine.o (Push_Button_ClearInterrupt)
.\CortexM3\ARM_GCC_541\Debug\TestBench.a(UART.o)
                              .\CortexM3\ARM_GCC_541\Debug\statemachine.o (UART_Start)
.\CortexM3\ARM_GCC_541\Debug\TestBench.a(UART_IntClock.o)
                              .\CortexM3\ARM_GCC_541\Debug\TestBench.a(UART.o) (UART_IntClock_Start)
.\CortexM3\ARM_GCC_541\Debug\TestBench.a(isr_pushButton.o)
                              .\CortexM3\ARM_GCC_541\Debug\statemachine.o (isr_pushButton_StartEx)
.\CortexM3\ARM_GCC_541\Debug\TestBench.a(ADC_DelSig.o)
                              .\CortexM3\ARM_GCC_541\Debug\statemachine.o (ADC_DelSig_Start)
.\CortexM3\ARM_GCC_541\Debug\TestBench.a(ADC_DelSig_INT.o)
                              .\CortexM3\ARM_GCC_541\Debug\TestBench.a(ADC_DelSig.o) (ADC_DelSig_ISR1)
.\CortexM3\ARM_GCC_541\Debug\TestBench.a(ADC_DelSig_AMux.o)
                              .\CortexM3\ARM_GCC_541\Debug\TestBench.a(ADC_DelSig.o) (ADC_DelSig_AMux_Select)
.\CortexM3\ARM_GCC_541\Debug\TestBench.a(ADC_DelSig_Ext_CP_Clk.o)
                              .\CortexM3\ARM_GCC_541\Debug\TestBench.a(ADC_DelSig.o) (ADC_DelSig_Ext_CP_Clk_SetModeRegister)
.\CortexM3\ARM_GCC_541\Debug\TestBench.a(ADC_DelSig_theACLK.o)
                              .\CortexM3\ARM_GCC_541\Debug\TestBench.a(ADC_DelSig.o) (ADC_DelSig_theACLK_SetModeRegister)
.\CortexM3\ARM_GCC_541\Debug\TestBench.a(isr_UART.o)
                              .\CortexM3\ARM_GCC_541\Debug\statemachine.o (isr_UART_StartEx)
.\CortexM3\ARM_GCC_541\Debug\TestBench.a(WaveDAC.o)
                              .\CortexM3\ARM_GCC_541\Debug\statemachine.o (WaveDAC_Start)
.\CortexM3\ARM_GCC_541\Debug\TestBench.a(WaveDAC_DacClk.o)
                              .\CortexM3\ARM_GCC_541\Debug\TestBench.a(WaveDAC.o) (WaveDAC_DacClk_Start)
.\CortexM3\ARM_GCC_541\Debug\TestBench.a(WaveDAC_Wave1_DMA_dma.o)
                              .\CortexM3\ARM_GCC_541\Debug\TestBench.a(WaveDAC.o) (WaveDAC_Wave1_DMA_DmaInitialize)
.\CortexM3\ARM_GCC_541\Debug\TestBench.a(WaveDAC_Wave2_DMA_dma.o)
                              .\CortexM3\ARM_GCC_541\Debug\TestBench.a(WaveDAC.o) (WaveDAC_Wave2_DMA_DmaInitialize)
.\CortexM3\ARM_GCC_541\Debug\TestBench.a(WaveDAC_VDAC8.o)
                              .\CortexM3\ARM_GCC_541\Debug\TestBench.a(WaveDAC.o) (WaveDAC_VDAC8_Enable)
.\CortexM3\ARM_GCC_541\Debug\TestBench.a(CyBootAsmGnu.o)
                              .\CortexM3\ARM_GCC_541\Debug\cyfitter_cfg.o (CyDelayCycles)
.\CortexM3\ARM_GCC_541\Debug\TestBench.a(CyFlash.o)
                              .\CortexM3\ARM_GCC_541\Debug\TestBench.a(cyPm.o) (CyFlash_SetWaitCycles)
.\CortexM3\ARM_GCC_541\Debug\TestBench.a(CySpc.o)
                              .\CortexM3\ARM_GCC_541\Debug\TestBench.a(CyFlash.o) (CySpcStart)
c:/program files (x86)/cypress/psoc creator/4.4/psoc creator/import/gnu/arm/5.4.1/bin/../lib/gcc/arm-none-eabi/5.4.1/armv7-m\libgcc.a(_arm_addsubdf3.o)
                              .\CortexM3\ARM_GCC_541\Debug\TestBench.a(ADC_DelSig.o) (__aeabi_f2d)
c:/program files (x86)/cypress/psoc creator/4.4/psoc creator/import/gnu/arm/5.4.1/bin/../lib/gcc/arm-none-eabi/5.4.1/armv7-m\libgcc.a(_arm_cmpdf2.o)
                              .\CortexM3\ARM_GCC_541\Debug\TestBench.a(ADC_DelSig.o) (__aeabi_dcmpgt)
c:/program files (x86)/cypress/psoc creator/4.4/psoc creator/import/gnu/arm/5.4.1/bin/../lib/gcc/arm-none-eabi/5.4.1/armv7-m\libgcc.a(_arm_addsubsf3.o)
                              .\CortexM3\ARM_GCC_541\Debug\TestBench.a(ADC_DelSig.o) (__aeabi_ui2f)
c:/program files (x86)/cypress/psoc creator/4.4/psoc creator/import/gnu/arm/5.4.1/bin/../lib/gcc/arm-none-eabi/5.4.1/armv7-m\libgcc.a(_arm_muldivsf3.o)
                              .\CortexM3\ARM_GCC_541\Debug\TestBench.a(ADC_DelSig.o) (__aeabi_fmul)
c:/program files (x86)/cypress/psoc creator/4.4/psoc creator/import/gnu/arm/5.4.1/bin/../lib/gcc/arm-none-eabi/5.4.1/armv7-m\libgcc.a(_arm_fixunssfsi.o)
                              .\CortexM3\ARM_GCC_541\Debug\TestBench.a(ADC_DelSig.o) (__aeabi_f2uiz)
c:/program files (x86)/cypress/psoc creator/4.4/psoc creator/import/gnu/arm/5.4.1/bin/../lib/gcc/arm-none-eabi/5.4.1/../../../../arm-none-eabi/lib/armv7-m\libg_nano.a(lib_a-errno.o)
[...]
Memory Configuration

Name             Origin             Length             Attributes
rom              0x00000000         0x00040000         xr
ram              0x1fff8000         0x00010000         xrw
*default*        0x00000000         0xffffffff

Linker script and memory map

LOAD c:/program files (x86)/cypress/psoc creator/4.4/psoc creator/import/gnu/arm/5.4.1/bin/../lib/gcc/arm-none-eabi/5.4.1/armv7-m/crti.o
LOAD c:/program files (x86)/cypress/psoc creator/4.4/psoc creator/import/gnu/arm/5.4.1/bin/../lib/gcc/arm-none-eabi/5.4.1/armv7-m/crtbegin.o
LOAD c:/program files (x86)/cypress/psoc creator/4.4/psoc creator/import/gnu/arm/5.4.1/bin/../lib/gcc/arm-none-eabi/5.4.1/../../../../arm-none-eabi/lib/armv7-m/crt0.o
START GROUP
LOAD .\CortexM3\ARM_GCC_541\Debug\main.o
LOAD .\CortexM3\ARM_GCC_541\Debug\statemachine.o
LOAD .\CortexM3\ARM_GCC_541\Debug\cyfitter_cfg.o
LOAD .\CortexM3\ARM_GCC_541\Debug\cymetadata.o
LOAD .\CortexM3\ARM_GCC_541\Debug\Cm3Start.o
LOAD .\CortexM3\ARM_GCC_541\Debug\TestBench.a
LOAD C:\Program Files (x86)\Cypress\PSoC Creator\4.4\PSoC Creator\psoc\content\cycomponentlibrary\CyComponentLibrary.cylib\CortexM3\ARM_GCC_541\Debug\CyComponentLibrary.a
END GROUP
START GROUP
LOAD c:/program files (x86)/cypress/psoc creator/4.4/psoc creator/import/gnu/arm/5.4.1/bin/../lib/gcc/arm-none-eabi/5.4.1/armv7-m\libgcc.a
LOAD c:/program files (x86)/cypress/psoc creator/4.4/psoc creator/import/gnu/arm/5.4.1/bin/../lib/gcc/arm-none-eabi/5.4.1/../../../../arm-none-eabi/lib/armv7-m\libg_nano.a
LOAD c:/program files (x86)/cypress/psoc creator/4.4/psoc creator/import/gnu/arm/5.4.1/bin/../lib/gcc/arm-none-eabi/5.4.1/../../../../arm-none-eabi/lib/armv7-m\libc_nano.a
END GROUP
START GROUP
LOAD c:/program files (x86)/cypress/psoc creator/4.4/psoc creator/import/gnu/arm/5.4.1/bin/../lib/gcc/arm-none-eabi/5.4.1/armv7-m\libgcc.a
LOAD c:/program files (x86)/cypress/psoc creator/4.4/psoc creator/import/gnu/arm/5.4.1/bin/../lib/gcc/arm-none-eabi/5.4.1/../../../../arm-none-eabi/lib/armv7-m\libc_nano.a
END GROUP
LOAD c:/program files (x86)/cypress/psoc creator/4.4/psoc creator/import/gnu/arm/5.4.1/bin/../lib/gcc/arm-none-eabi/5.4.1/armv7-m/crtend.o
LOAD c:/program files (x86)/cypress/psoc creator/4.4/psoc creator/import/gnu/arm/5.4.1/bin/../lib/gcc/arm-none-eabi/5.4.1/armv7-m/crtn.o
START GROUP
LOAD c:/program files (x86)/cypress/psoc creator/4.4/psoc creator/import/gnu/arm/5.4.1/bin/../lib/gcc/arm-none-eabi/5.4.1/armv7-m\libgcc.a
LOAD c:/program files (x86)/cypress/psoc creator/4.4/psoc creator/import/gnu/arm/5.4.1/bin/../lib/gcc/arm-none-eabi/5.4.1/../../../../arm-none-eabi/lib/armv7-m\libc.a
LOAD c:/program files (x86)/cypress/psoc creator/4.4/psoc creator/import/gnu/arm/5.4.1/bin/../lib/gcc/arm-none-eabi/5.4.1/../../../../arm-none-eabi/lib/armv7-m\libnosys.a
END GROUP
                0x00000000                CY_APPL_ORIGIN = 0x0
                0x00000100                CY_FLASH_ROW_SIZE = 0x100
                0x00000020                CY_ECC_ROW_SIZE = 0x20
                0x00000000                CY_EE_IN_BTLDR = 0x0
                0x00000000                CY_APPL_LOADABLE = 0x0
                0x00000800                CY_EE_SIZE = 0x800
                0x00000001                CY_APPL_NUM = 0x1
                0x00000001                CY_APPL_MAX = 0x1
                0x00000040                CY_METADATA_SIZE = 0x40
                0x00000000                CY_APPL_LOADABLE = 0x0
                0x00000000                CY_CHECKSUM_EXCLUDE_SIZE = ALIGN (0x0, CY_FLASH_ROW_SIZE)
                [!provide]                PROVIDE (__cy_heap_start, _end)
                0x00000001                PROVIDE (__cy_region_num, ((__cy_regions_end - __cy_regions) / 0x10))
                0x20008000                PROVIDE (__cy_stack, (ORIGIN (ram) + LENGTH (ram)))
                [!provide]                PROVIDE (__cy_heap_end, (__cy_stack - 0x800))

.cybootloader   0x00000000        0x0
 *(.cybootloader)
                0x00000000                appl1_start = CY_APPL_ORIGIN?CY_APPL_ORIGIN:ALIGN (CY_FLASH_ROW_SIZE)
                0x0001ff00                appl2_start = (appl1_start + ALIGN ((((LENGTH (rom) - appl1_start) - (0x2 * CY_FLASH_ROW_SIZE)) / 0x2), CY_FLASH_ROW_SIZE))
                0x00000000                appl_start = (CY_APPL_NUM == 0x1)?appl1_start:appl2_start
                0x00000000                ecc_offset = ((appl_start / CY_FLASH_ROW_SIZE) * CY_ECC_ROW_SIZE)
                0x00000000                ee_offset = (CY_APPL_LOADABLE && ! (CY_EE_IN_BTLDR))?((CY_EE_SIZE / CY_APPL_MAX) * (CY_APPL_NUM - 0x1)):0x0
                0x00000800                ee_size = (CY_APPL_LOADABLE && ! (CY_EE_IN_BTLDR))?(CY_EE_SIZE / CY_APPL_MAX):CY_EE_SIZE
                [!provide]                PROVIDE (CY_ECC_OFFSET, ecc_offset)

.text           0x00000000     0x158e
 CREATE_OBJECT_SYMBOLS
                0x00000000                PROVIDE (__cy_interrupt_vector, RomVectors)
 *(.romvectors)
 .romvectors    0x00000000       0x10 .\CortexM3\ARM_GCC_541\Debug\Cm3Start.o
                0x00000000                RomVectors
                0x00000001                ASSERT ((. != __cy_interrupt_vector), No interrupt vector)
                0x00000001                ASSERT (CY_APPL_ORIGIN?(SIZEOF (.cybootloader) <= CY_APPL_ORIGIN):0x1, Wrong image location)
                0x00000010                PROVIDE (__cy_reset, Reset)
 *(.text.Reset)
 .text.Reset    0x00000010       0x18 .\CortexM3\ARM_GCC_541\Debug\Cm3Start.o
                0x00000010                Reset
                0x00000001                ASSERT ((. != __cy_reset), No reset code)
 *(.dma_init)
                0x00000001                ASSERT ((((appl_start + .) <= 0x10000) || 0x1), DMA Init must be within the first 64k of flash)
 *(.text .text.* .gnu.linkonce.t.*)
 .text          0x00000028       0x5c c:/program files (x86)/cypress/psoc creator/4.4/psoc creator/import/gnu/arm/5.4.1/bin/../lib/gcc/arm-none-eabi/5.4.1/armv7-m/crtbegin.o
 .text.main     0x00000084       0x20 .\CortexM3\ARM_GCC_541\Debug\main.o
                0x00000084                main
 .text.isr_UART
                0x000000a4       0x28 .\CortexM3\ARM_GCC_541\Debug\statemachine.o
                0x000000a4                isr_UART
 .text.isr_pushButton
                0x000000cc       0x1c .\CortexM3\ARM_GCC_541\Debug\statemachine.o
                0x000000cc                isr_pushButton
 .text.init_func
                0x000000e8       0x28 .\CortexM3\ARM_GCC_541\Debug\statemachine.o
                0x000000e8                init_func
 .text.statemachine
                0x00000110       0xbc .\CortexM3\ARM_GCC_541\Debug\statemachine.o
                0x00000110                statemachine
 .text.CyClockStartupError
                0x000001cc        0x4 .\CortexM3\ARM_GCC_541\Debug\cyfitter_cfg.o
 .text.cfg_write_bytes32
                0x000001d0       0x34 .\CortexM3\ARM_GCC_541\Debug\cyfitter_cfg.o
 .text.AnalogSetDefault
                0x00000204       0x40 .\CortexM3\ARM_GCC_541\Debug\cyfitter_cfg.o
 .text.CYMEMZERO
                0x00000244        0xc .\CortexM3\ARM_GCC_541\Debug\cyfitter_cfg.o
 .text.CYCONFIGCPY
                0x00000250        0x8 .\CortexM3\ARM_GCC_541\Debug\cyfitter_cfg.o
 .text.ClockSetup
                0x00000258      0x100 .\CortexM3\ARM_GCC_541\Debug\cyfitter_cfg.o
 .text.ADC_DelSig_AMux_Set
                0x00000358       0x1c .\CortexM3\ARM_GCC_541\Debug\cyfitter_cfg.o
                0x00000358                ADC_DelSig_AMux_Set
 .text.ADC_DelSig_AMux_Unset
                0x00000374       0x1c .\CortexM3\ARM_GCC_541\Debug\cyfitter_cfg.o
                0x00000374                ADC_DelSig_AMux_Unset
 .text.cyfitter_cfg
                0x00000390      0x130 .\CortexM3\ARM_GCC_541\Debug\cyfitter_cfg.o
                0x00000390                cyfitter_cfg
 .text.IntDefaultHandler
                0x000004c0       0x10 .\CortexM3\ARM_GCC_541\Debug\Cm3Start.o
                0x000004c0                IntDefaultHandler
 .text.Start_c  0x000004d0       0x4c .\CortexM3\ARM_GCC_541\Debug\Cm3Start.o
                0x000004d0                Start_c
 .text.initialize_psoc
                0x0000051c       0x6c .\CortexM3\ARM_GCC_541\Debug\Cm3Start.o
                0x0000051c                initialize_psoc
 .text.LED_RED_Write
                0x00000588       0x18 .\CortexM3\ARM_GCC_541\Debug\TestBench.a(LED_RED.o)
                0x00000588                LED_RED_Write
 .text.CyDmacConfigure
                0x000005a0       0x34 .\CortexM3\ARM_GCC_541\Debug\TestBench.a(CyDmac.o)
                0x000005a0                CyDmacConfigure
 .text.CyDmaChEnable
                0x000005d4       0x38 .\CortexM3\ARM_GCC_541\Debug\TestBench.a(CyDmac.o)
                0x000005d4                CyDmaChEnable
 .text.CyDmaChPriority
                0x0000060c       0x24 .\CortexM3\ARM_GCC_541\Debug\TestBench.a(CyDmac.o)
                0x0000060c                CyDmaChPriority
 .text.CyDmaChSetExtendedAddress
                0x00000630       0x34 .\CortexM3\ARM_GCC_541\Debug\TestBench.a(CyDmac.o)
                0x00000630                CyDmaChSetExtendedAddress
 .text.CyDmaChSetInitialTd
                0x00000664       0x18 .\CortexM3\ARM_GCC_541\Debug\TestBench.a(CyDmac.o)
                0x00000664                CyDmaChSetInitialTd
 .text.CyDmaChSetConfiguration
                0x0000067c       0x44 .\CortexM3\ARM_GCC_541\Debug\TestBench.a(CyDmac.o)
                0x0000067c                CyDmaChSetConfiguration
 .text.CyDmaTdAllocate
                0x000006c0       0x34 .\CortexM3\ARM_GCC_541\Debug\TestBench.a(CyDmac.o)
                0x000006c0                CyDmaTdAllocate
 .text.CyDmaTdSetConfiguration
                0x000006f4       0x28 .\CortexM3\ARM_GCC_541\Debug\TestBench.a(CyDmac.o)
                0x000006f4                CyDmaTdSetConfiguration
 .text.CyDmaTdSetAddress
                0x0000071c       0x1c .\CortexM3\ARM_GCC_541\Debug\TestBench.a(CyDmac.o)
                0x0000071c                CyDmaTdSetAddress
 .text.CyHalt   0x00000738        0x4 .\CortexM3\ARM_GCC_541\Debug\TestBench.a(CyLib.o)
                0x00000738                CyHalt
 .text.CyDelayUs
                0x0000073c       0x14 .\CortexM3\ARM_GCC_541\Debug\TestBench.a(CyLib.o)
                0x0000073c                CyDelayUs
 .text.CyIntSetVector
                0x00000750       0x28 .\CortexM3\ARM_GCC_541\Debug\TestBench.a(CyLib.o)
                0x00000750                CyIntSetVector
 .text.CyIntSetPriority
                0x00000778       0x30 .\CortexM3\ARM_GCC_541\Debug\TestBench.a(CyLib.o)
                0x00000778                CyIntSetPriority
 .text.Push_Button_ClearInterrupt
                0x000007a8       0x10 .\CortexM3\ARM_GCC_541\Debug\TestBench.a(Push_Button.o)
                0x000007a8                Push_Button_ClearInterrupt
 .text.UART_Init
                0x000007b8       0x24 .\CortexM3\ARM_GCC_541\Debug\TestBench.a(UART.o)
                0x000007b8                UART_Init
 .text.UART_Enable
                0x000007dc       0x38 .\CortexM3\ARM_GCC_541\Debug\TestBench.a(UART.o)
                0x000007dc                UART_Enable
 .text.UART_Start
                0x00000814       0x1c .\CortexM3\ARM_GCC_541\Debug\TestBench.a(UART.o)
                0x00000814                UART_Start
 .text.UART_GetChar
                0x00000830       0x2c .\CortexM3\ARM_GCC_541\Debug\TestBench.a(UART.o)
                0x00000830                UART_GetChar
 .text.UART_PutChar
                0x0000085c       0x18 .\CortexM3\ARM_GCC_541\Debug\TestBench.a(UART.o)
                0x0000085c                UART_PutChar
 .text.UART_IntClock_Start
                0x00000874       0x1c .\CortexM3\ARM_GCC_541\Debug\TestBench.a(UART_IntClock.o)
                0x00000874                UART_IntClock_Start
 .text.isr_pushButton_SetVector
                0x00000890        0xc .\CortexM3\ARM_GCC_541\Debug\TestBench.a(isr_pushButton.o)
                0x00000890                isr_pushButton_SetVector
 .text.isr_pushButton_SetPriority
                0x0000089c       0x10 .\CortexM3\ARM_GCC_541\Debug\TestBench.a(isr_pushButton.o)
                0x0000089c                isr_pushButton_SetPriority
 .text.isr_pushButton_Enable
                0x000008ac        0xc .\CortexM3\ARM_GCC_541\Debug\TestBench.a(isr_pushButton.o)
                0x000008ac                isr_pushButton_Enable
 .text.isr_pushButton_Disable
                0x000008b8        0xc .\CortexM3\ARM_GCC_541\Debug\TestBench.a(isr_pushButton.o)
                0x000008b8                isr_pushButton_Disable
 .text.isr_pushButton_StartEx
                0x000008c4       0x1c .\CortexM3\ARM_GCC_541\Debug\TestBench.a(isr_pushButton.o)
                0x000008c4                isr_pushButton_StartEx
 .text.ADC_DelSig_GainCompensation
                0x000008e0       0xe0 .\CortexM3\ARM_GCC_541\Debug\TestBench.a(ADC_DelSig.o)
 .text.ADC_DelSig_SetDSMRef0Reg
                0x000009c0       0x4c .\CortexM3\ARM_GCC_541\Debug\TestBench.a(ADC_DelSig.o)
 .text.ADC_DelSig_InitConfig
                0x00000a0c      0x338 .\CortexM3\ARM_GCC_541\Debug\TestBench.a(ADC_DelSig.o)
 .text.ADC_DelSig_Init
                0x00000d44      0x108 .\CortexM3\ARM_GCC_541\Debug\TestBench.a(ADC_DelSig.o)
                0x00000d44                ADC_DelSig_Init
 .text.ADC_DelSig_Enable
                0x00000e4c       0xd8 .\CortexM3\ARM_GCC_541\Debug\TestBench.a(ADC_DelSig.o)
                0x00000e4c                ADC_DelSig_Enable
 .text.ADC_DelSig_Start
                0x00000f24       0x28 .\CortexM3\ARM_GCC_541\Debug\TestBench.a(ADC_DelSig.o)
                0x00000f24                ADC_DelSig_Start
 .text.ADC_DelSig_StartConvert
                0x00000f4c       0x10 .\CortexM3\ARM_GCC_541\Debug\TestBench.a(ADC_DelSig.o)
                0x00000f4c                ADC_DelSig_StartConvert
 .text.ADC_DelSig_IsEndConversion
                0x00000f5c       0x30 .\CortexM3\ARM_GCC_541\Debug\TestBench.a(ADC_DelSig.o)
                0x00000f5c                ADC_DelSig_IsEndConversion
 .text.ADC_DelSig_GetResult32
                0x00000f8c       0x6c .\CortexM3\ARM_GCC_541\Debug\TestBench.a(ADC_DelSig.o)
                0x00000f8c                ADC_DelSig_GetResult32
 .text.ADC_DelSig_ISR1
                0x00000ff8        0x4 .\CortexM3\ARM_GCC_541\Debug\TestBench.a(ADC_DelSig_INT.o)
                0x00000ff8                ADC_DelSig_ISR1
 .text.ADC_DelSig_ISR2
                0x00000ffc        0x4 .\CortexM3\ARM_GCC_541\Debug\TestBench.a(ADC_DelSig_INT.o)
                0x00000ffc                ADC_DelSig_ISR2
 .text.ADC_DelSig_ISR3
                0x00001000        0x4 .\CortexM3\ARM_GCC_541\Debug\TestBench.a(ADC_DelSig_INT.o)
                0x00001000                ADC_DelSig_ISR3
 .text.ADC_DelSig_ISR4
                0x00001004        0x4 .\CortexM3\ARM_GCC_541\Debug\TestBench.a(ADC_DelSig_INT.o)
                0x00001004                ADC_DelSig_ISR4
 .text.ADC_DelSig_AMux_Start
                0x00001008       0x20 .\CortexM3\ARM_GCC_541\Debug\TestBench.a(ADC_DelSig_AMux.o)
                0x00001008                ADC_DelSig_AMux_Start
 .text.ADC_DelSig_AMux_Select
                0x00001028       0x18 .\CortexM3\ARM_GCC_541\Debug\TestBench.a(ADC_DelSig_AMux.o)
                0x00001028                ADC_DelSig_AMux_Select
 .text.ADC_DelSig_Ext_CP_Clk_GetDividerRegister
                0x00001040        0xc .\CortexM3\ARM_GCC_541\Debug\TestBench.a(ADC_DelSig_Ext_CP_Clk.o)
                0x00001040                ADC_DelSig_Ext_CP_Clk_GetDividerRegister
 .text.ADC_DelSig_Ext_CP_Clk_SetModeRegister
                0x0000104c       0x14 .\CortexM3\ARM_GCC_541\Debug\TestBench.a(ADC_DelSig_Ext_CP_Clk.o)
                0x0000104c                ADC_DelSig_Ext_CP_Clk_SetModeRegister
 .text.ADC_DelSig_Ext_CP_Clk_GetSourceRegister
                0x00001060       0x10 .\CortexM3\ARM_GCC_541\Debug\TestBench.a(ADC_DelSig_Ext_CP_Clk.o)
                0x00001060                ADC_DelSig_Ext_CP_Clk_GetSourceRegister
 .text.ADC_DelSig_Ext_CP_Clk_SetDividerRegister
                0x00001070       0xd8 .\CortexM3\ARM_GCC_541\Debug\TestBench.a(ADC_DelSig_Ext_CP_Clk.o)
                0x00001070                ADC_DelSig_Ext_CP_Clk_SetDividerRegister
 .text.ADC_DelSig_theACLK_GetDividerRegister
                0x00001148        0xc .\CortexM3\ARM_GCC_541\Debug\TestBench.a(ADC_DelSig_theACLK.o)
                0x00001148                ADC_DelSig_theACLK_GetDividerRegister
 .text.ADC_DelSig_theACLK_SetModeRegister
                0x00001154       0x14 .\CortexM3\ARM_GCC_541\Debug\TestBench.a(ADC_DelSig_theACLK.o)
                0x00001154                ADC_DelSig_theACLK_SetModeRegister
 .text.ADC_DelSig_theACLK_GetSourceRegister
                0x00001168       0x10 .\CortexM3\ARM_GCC_541\Debug\TestBench.a(ADC_DelSig_theACLK.o)
                0x00001168                ADC_DelSig_theACLK_GetSourceRegister
 .text.ADC_DelSig_theACLK_SetDividerRegister
                0x00001178       0xd8 .\CortexM3\ARM_GCC_541\Debug\TestBench.a(ADC_DelSig_theACLK.o)
                0x00001178                ADC_DelSig_theACLK_SetDividerRegister
 .text.isr_UART_SetVector
                0x00001250        0xc .\CortexM3\ARM_GCC_541\Debug\TestBench.a(isr_UART.o)
                0x00001250                isr_UART_SetVector
 .text.isr_UART_SetPriority
                0x0000125c       0x10 .\CortexM3\ARM_GCC_541\Debug\TestBench.a(isr_UART.o)
                0x0000125c                isr_UART_SetPriority
 .text.isr_UART_Enable
                0x0000126c        0xc .\CortexM3\ARM_GCC_541\Debug\TestBench.a(isr_UART.o)
                0x0000126c                isr_UART_Enable
 .text.isr_UART_Disable
                0x00001278        0xc .\CortexM3\ARM_GCC_541\Debug\TestBench.a(isr_UART.o)
                0x00001278                isr_UART_Disable
 .text.isr_UART_StartEx
                0x00001284       0x1c .\CortexM3\ARM_GCC_541\Debug\TestBench.a(isr_UART.o)
                0x00001284                isr_UART_StartEx
 .text.WaveDAC_Enable
                0x000012a0       0x28 .\CortexM3\ARM_GCC_541\Debug\TestBench.a(WaveDAC.o)
                0x000012a0                WaveDAC_Enable
 .text.WaveDAC_Wave1Setup
                0x000012c8       0x40 .\CortexM3\ARM_GCC_541\Debug\TestBench.a(WaveDAC.o)
                0x000012c8                WaveDAC_Wave1Setup
 .text.WaveDAC_Wave2Setup
                0x00001308       0x40 .\CortexM3\ARM_GCC_541\Debug\TestBench.a(WaveDAC.o)
                0x00001308                WaveDAC_Wave2Setup
 .text.WaveDAC_Init
                0x00001348       0x40 .\CortexM3\ARM_GCC_541\Debug\TestBench.a(WaveDAC.o)
                0x00001348                WaveDAC_Init
 .text.WaveDAC_Start
                0x00001388       0x1c .\CortexM3\ARM_GCC_541\Debug\TestBench.a(WaveDAC.o)
                0x00001388                WaveDAC_Start
 .text.WaveDAC_DacClk_Start
                0x000013a4       0x1c .\CortexM3\ARM_GCC_541\Debug\TestBench.a(WaveDAC_DacClk.o)
                0x000013a4                WaveDAC_DacClk_Start
 .text.WaveDAC_Wave1_DMA_DmaInitialize
                0x000013c0       0x3c .\CortexM3\ARM_GCC_541\Debug\TestBench.a(WaveDAC_Wave1_DMA_dma.o)
                0x000013c0                WaveDAC_Wave1_DMA_DmaInitialize
 .text.WaveDAC_Wave2_DMA_DmaInitialize
                0x000013fc       0x3c .\CortexM3\ARM_GCC_541\Debug\TestBench.a(WaveDAC_Wave2_DMA_dma.o)
                0x000013fc                WaveDAC_Wave2_DMA_DmaInitialize
 .text.WaveDAC_VDAC8_Enable
                0x00001438       0x1c .\CortexM3\ARM_GCC_541\Debug\TestBench.a(WaveDAC_VDAC8.o)
                0x00001438                WaveDAC_VDAC8_Enable
 .text.WaveDAC_VDAC8_SetSpeed
                0x00001454       0x1c .\CortexM3\ARM_GCC_541\Debug\TestBench.a(WaveDAC_VDAC8.o)
                0x00001454                WaveDAC_VDAC8_SetSpeed
 .text.WaveDAC_VDAC8_SetValue
                0x00001470        0xc .\CortexM3\ARM_GCC_541\Debug\TestBench.a(WaveDAC_VDAC8.o)
                0x00001470                WaveDAC_VDAC8_SetValue
 .text.WaveDAC_VDAC8_DacTrim
                0x0000147c       0x24 .\CortexM3\ARM_GCC_541\Debug\TestBench.a(WaveDAC_VDAC8.o)
                0x0000147c                WaveDAC_VDAC8_DacTrim
 .text.WaveDAC_VDAC8_SetRange
                0x000014a0       0x20 .\CortexM3\ARM_GCC_541\Debug\TestBench.a(WaveDAC_VDAC8.o)
                0x000014a0                WaveDAC_VDAC8_SetRange
 .text.WaveDAC_VDAC8_Init
                0x000014c0       0x2c .\CortexM3\ARM_GCC_541\Debug\TestBench.a(WaveDAC_VDAC8.o)
                0x000014c0                WaveDAC_VDAC8_Init
 *fill*         0x000014ec        0x4 
 .text          0x000014f0       0x20 .\CortexM3\ARM_GCC_541\Debug\TestBench.a(CyBootAsmGnu.o)
                0x000014f0                CyDelayCycles
                0x00001500                CyEnterCriticalSection
                0x00001508                CyExitCriticalSection
 .text.__errno  0x00001510        0xc c:/program files (x86)/cypress/psoc creator/4.4/psoc creator/import/gnu/arm/5.4.1/bin/../lib/gcc/arm-none-eabi/5.4.1/../../../../arm-none-eabi/lib/armv7-m\libg_nano.a(lib_a-errno.o)
                0x00001510                __errno
 .text.__libc_init_array
                0x0000151c       0x4c c:/program files (x86)/cypress/psoc creator/4.4/psoc creator/import/gnu/arm/5.4.1/bin/../lib/gcc/arm-none-eabi/5.4.1/../../../../arm-none-eabi/lib/armv7-m\libg_nano.a(lib_a-init.o)
                0x0000151c                __libc_init_array
 .text.memcpy   0x00001568       0x16 c:/program files (x86)/cypress/psoc creator/4.4/psoc creator/import/gnu/arm/5.4.1/bin/../lib/gcc/arm-none-eabi/5.4.1/../../../../arm-none-eabi/lib/armv7-m\libg_nano.a(lib_a-memcpy-stub.o)
                0x00001568                memcpy
 .text.memset   0x0000157e       0x10 c:/program files (x86)/cypress/psoc creator/4.4/psoc creator/import/gnu/arm/5.4.1/bin/../lib/gcc/arm-none-eabi/5.4.1/../../../../arm-none-eabi/lib/armv7-m\libg_nano.a(lib_a-memset.o)
                0x0000157e                memset
 *(.plt)
 *(.gnu.warning)
 *(.glue_7t)
 .glue_7t       0x0000158e        0x0 linker stubs
 *(.glue_7)
 .glue_7        0x0000158e        0x0 linker stubs
 *(.vfp11_veneer)
 .vfp11_veneer  0x0000158e        0x0 linker stubs
 *(.bootloader)
 *(.ARM.extab* .gnu.linkonce.armextab.*)
 *(.gcc_except_table)

.v4_bx          0x00001590        0x0
 .v4_bx         0x00001590        0x0 linker stubs

.iplt           0x00001590        0x0
 .iplt          0x00001590        0x0 c:/program files (x86)/cypress/psoc creator/4.4/psoc creator/import/gnu/arm/5.4.1/bin/../lib/gcc/arm-none-eabi/5.4.1/armv7-m/crtbegin.o

.eh_frame_hdr
 *(.eh_frame_hdr)

.eh_frame       0x00001590        0x4
 *(.eh_frame)
 .eh_frame      0x00001590        0x0 c:/program files (x86)/cypress/psoc creator/4.4/psoc creator/import/gnu/arm/5.4.1/bin/../lib/gcc/arm-none-eabi/5.4.1/armv7-m/crtbegin.o
 .eh_frame      0x00001590        0x4 c:/program files (x86)/cypress/psoc creator/4.4/psoc creator/import/gnu/arm/5.4.1/bin/../lib/gcc/arm-none-eabi/5.4.1/armv7-m/crtend.o
                [!provide]                PROVIDE (__exidx_start, .)

.ARM.exidx
 *(.ARM.exidx* .gnu.linkonce.armexidx.*)
                0x00001594                __exidx_end = .

.rodata         0x00001594      0x4d4
 *(.rodata .rodata.* .gnu.linkonce.r.*)
 .rodata        0x00001594       0x4e .\CortexM3\ARM_GCC_541\Debug\cyfitter_cfg.o
                0x00001594                ADC_DelSig_AMux__addrTable
                0x0000159c                ADC_DelSig_AMux__maskTable
 *fill*         0x000015e2        0x2 
 .rodata        0x000015e4      0x44c .\CortexM3\ARM_GCC_541\Debug\TestBench.a(WaveDAC.o)
                0x000015e4                WaveDAC_wave1
                0x000019cc                WaveDAC_wave2
 .rodata.str1.1
                0x00001a30        0x2 c:/program files (x86)/cypress/psoc creator/4.4/psoc creator/import/gnu/arm/5.4.1/bin/../lib/gcc/arm-none-eabi/5.4.1/../../../../arm-none-eabi/lib/armv7-m\libg_nano.a(lib_a-impure.o)
                0x00001a34                . = ALIGN (0x4)
 *fill*         0x00001a32        0x2 
 *(.init)
 .init          0x00001a34        0x4 c:/program files (x86)/cypress/psoc creator/4.4/psoc creator/import/gnu/arm/5.4.1/bin/../lib/gcc/arm-none-eabi/5.4.1/armv7-m/crti.o
                0x00001a34                _init
 .init          0x00001a38        0x8 c:/program files (x86)/cypress/psoc creator/4.4/psoc creator/import/gnu/arm/5.4.1/bin/../lib/gcc/arm-none-eabi/5.4.1/armv7-m/crtn.o
                0x00001a40                . = ALIGN (0x4)
                0x00001a40                __preinit_array_start = .
 *(.preinit_array)
                0x00001a40                __preinit_array_end = .
                0x00001a40                . = ALIGN (0x4)
                0x00001a40                __init_array_start = .
 *(SORT(.init_array.*))
 *(.init_array)
 .init_array    0x00001a40        0x4 c:/program files (x86)/cypress/psoc creator/4.4/psoc creator/import/gnu/arm/5.4.1/bin/../lib/gcc/arm-none-eabi/5.4.1/armv7-m/crtbegin.o
 .init_array    0x00001a44        0x4 .\CortexM3\ARM_GCC_541\Debug\Cm3Start.o
                0x00001a48                __init_array_end = .
                0x00001a48                . = ALIGN (0x4)
 *(.fini)
 .fini          0x00001a48        0x4 c:/program files (x86)/cypress/psoc creator/4.4/psoc creator/import/gnu/arm/5.4.1/bin/../lib/gcc/arm-none-eabi/5.4.1/armv7-m/crti.o
                0x00001a48                _fini
 .fini          0x00001a4c        0x8 c:/program files (x86)/cypress/psoc creator/4.4/psoc creator/import/gnu/arm/5.4.1/bin/../lib/gcc/arm-none-eabi/5.4.1/armv7-m/crtn.o
                0x00001a54                . = ALIGN (0x4)
                0x00001a54                __fini_array_start = .
 *(.fini_array)
 .fini_array    0x00001a54        0x4 c:/program files (x86)/cypress/psoc creator/4.4/psoc creator/import/gnu/arm/5.4.1/bin/../lib/gcc/arm-none-eabi/5.4.1/armv7-m/crtbegin.o
 *(SORT(.fini_array.*))
                0x00001a58                __fini_array_end = .
                0x00001a58                . = ALIGN (0x4)
 *crtbegin.o(.ctors)
 *(EXCLUDE_FILE(*crtend.o) .ctors)
 *(SORT(.ctors.*))
 *crtend.o(.ctors)
                0x00001a58                . = ALIGN (0x4)
 *crtbegin.o(.dtors)
 *(EXCLUDE_FILE(*crtend.o) .dtors)
 *(SORT(.dtors.*))
 *crtend.o(.dtors)
                0x00001a58                . = ALIGN (0x4)
                0x00001a58                __cy_regions = .
                0x00001a58        0x4 LONG 0x1a68 __cy_region_init_ram
                0x00001a5c        0x4 LONG 0x1fff80c8 __cy_region_start_data
                0x00001a60        0x4 LONG 0x88 __cy_region_init_size_ram
                0x00001a64        0x4 LONG 0x2050 __cy_region_zero_size_ram
                0x00001a68                __cy_regions_end = .
                0x00001a68                . = ALIGN (0x8)
                0x00001a68                _etext = .

.cy_checksum_exclude
                0x00001a68        0x0
 *(.cy_checksum_exclude)

.ramvectors     0x1fff8000       0xc0
                0x1fff8000                __cy_region_start_ram = .
 *(.ramvectors)
 .ramvectors    0x1fff8000       0xc0 .\CortexM3\ARM_GCC_541\Debug\Cm3Start.o
                0x1fff8000                CyRamVectors

.noinit         0x1fff80c0        0x1
 *(.noinit)
 .noinit        0x1fff80c0        0x1 .\CortexM3\ARM_GCC_541\Debug\TestBench.a(CyLib.o)
                0x1fff80c0                CyResetStatus

.data           0x1fff80c8       0x88 load address 0x00001a68
                0x1fff80c8                __cy_region_start_data = .
 *(.jcr)
 .jcr           0x1fff80c8        0x0 c:/program files (x86)/cypress/psoc creator/4.4/psoc creator/import/gnu/arm/5.4.1/bin/../lib/gcc/arm-none-eabi/5.4.1/armv7-m/crtbegin.o
 .jcr           0x1fff80c8        0x4 c:/program files (x86)/cypress/psoc creator/4.4/psoc creator/import/gnu/arm/5.4.1/bin/../lib/gcc/arm-none-eabi/5.4.1/armv7-m/crtend.o
 *(.got.plt)
 *(.got)
 *(.shdata)
 *(.data .data.* .gnu.linkonce.d.*)
 .data          0x1fff80cc        0x8 .\CortexM3\ARM_GCC_541\Debug\TestBench.a(CyDmac.o)
 .data          0x1fff80d4       0x10 .\CortexM3\ARM_GCC_541\Debug\TestBench.a(CyLib.o)
                0x1fff80d4                cydelay_32k_ms
                0x1fff80d8                cydelay_freq_khz
                0x1fff80dc                cydelay_freq_mhz
                0x1fff80e0                cydelay_freq_hz
 .data          0x1fff80e4        0x1 .\CortexM3\ARM_GCC_541\Debug\TestBench.a(ADC_DelSig.o)
                0x1fff80e4                ADC_DelSig_Config
 .data          0x1fff80e5        0x1 .\CortexM3\ARM_GCC_541\Debug\TestBench.a(ADC_DelSig_AMux.o)
 .data          0x1fff80e6        0x1 .\CortexM3\ARM_GCC_541\Debug\TestBench.a(WaveDAC_Wave1_DMA_dma.o)
                0x1fff80e6                WaveDAC_Wave1_DMA_DmaHandle
 .data          0x1fff80e7        0x1 .\CortexM3\ARM_GCC_541\Debug\TestBench.a(WaveDAC_Wave2_DMA_dma.o)
                0x1fff80e7                WaveDAC_Wave2_DMA_DmaHandle
 .data.impure_data
                0x1fff80e8       0x60 c:/program files (x86)/cypress/psoc creator/4.4/psoc creator/import/gnu/arm/5.4.1/bin/../lib/gcc/arm-none-eabi/5.4.1/../../../../arm-none-eabi/lib/armv7-m\libg_nano.a(lib_a-impure.o)
 .data._impure_ptr
                0x1fff8148        0x4 c:/program files (x86)/cypress/psoc creator/4.4/psoc creator/import/gnu/arm/5.4.1/bin/../lib/gcc/arm-none-eabi/5.4.1/../../../../arm-none-eabi/lib/armv7-m\libg_nano.a(lib_a-impure.o)
                0x1fff8148                _impure_ptr
                0x1fff8150                . = ALIGN (0x8)
 *fill*         0x1fff814c        0x4 
 *(.ram)
                0x1fff8150                _edata = .

.igot.plt       0x1fff8150        0x0 load address 0x00001af0
 .igot.plt      0x1fff8150        0x0 c:/program files (x86)/cypress/psoc creator/4.4/psoc creator/import/gnu/arm/5.4.1/bin/../lib/gcc/arm-none-eabi/5.4.1/armv7-m/crtbegin.o

.bss            0x1fff8150     0x2050 load address 0x00001af0
                0x1fff8150                PROVIDE (__bss_start__, .)
 *(.shbss)
 *(.bss .bss.* .gnu.linkonce.b.*)
 .bss           0x1fff8150       0x1c c:/program files (x86)/cypress/psoc creator/4.4/psoc creator/import/gnu/arm/5.4.1/bin/../lib/gcc/arm-none-eabi/5.4.1/armv7-m/crtbegin.o
 .bss           0x1fff816c     0x2008 .\CortexM3\ARM_GCC_541\Debug\statemachine.o
                0x1fff816c                charS
                0x1fff816d                charO
                0x1fff816e                buttonPressed
                0x1fff816f                state
                0x1fff8170                count
                0x1fff8174                fftArray
 .bss           0x1fffa174        0x2 .\CortexM3\ARM_GCC_541\Debug\TestBench.a(UART.o)
                0x1fffa174                UART_initVar
 *fill*         0x1fffa176        0x2 
 .bss           0x1fffa178       0x18 .\CortexM3\ARM_GCC_541\Debug\TestBench.a(ADC_DelSig.o)
                0x1fffa188                ADC_DelSig_stopConversion
                0x1fffa189                ADC_DelSig_convDone
                0x1fffa18a                ADC_DelSig_initVar
                0x1fffa18b                ADC_DelSig_started
                0x1fffa18c                ADC_DelSig_Offset
 .bss           0x1fffa190        0x5 .\CortexM3\ARM_GCC_541\Debug\TestBench.a(WaveDAC.o)
                0x1fffa194                WaveDAC_initVar
 *(COMMON)
 COMMON         0x1fffa195        0x1 .\CortexM3\ARM_GCC_541\Debug\statemachine.o
                0x1fffa195                charRx
 *fill*         0x1fffa196        0x2 
 COMMON         0x1fffa198        0x4 .\CortexM3\ARM_GCC_541\Debug\TestBench.a(ADC_DelSig.o)
                0x1fffa198                ADC_DelSig_CountsPerVolt
                0x1fffa1a0                . = ALIGN (0x8)
 *fill*         0x1fffa19c        0x4 
 *(.ram.b)
                0x1fffa1a0                _end = .
                0x1fffa1a0                __end = .
                0x1fffa1a0                PROVIDE (end, .)
                0x1fffa1a0                PROVIDE (__bss_end__, .)
                0x00001a68                __cy_region_init_ram = LOADADDR (.data)
                0x00000088                __cy_region_init_size_ram = (_edata - ADDR (.data))
                0x00002050                __cy_region_zero_size_ram = (_end - _edata)

.heap           0x1fffa1a0       0x80 load address 0x00001af0
                0x1fffa1a0                . = _end
                0x1fffa220                . = (. + 0x80)
 *fill*         0x1fffa1a0       0x80 
                0x1fffa220                __cy_heap_limit = .

.stack          0x20007800      0x800
                0x20007800                __cy_stack_limit = .
                0x20008000                . = (. + 0x800)
 *fill*         0x20007800      0x800 
                0x00000001                ASSERT ((__cy_stack_limit >= __cy_heap_limit), region RAM overflowed with stack)
                0x00000000                cy_checksum_exclude_size = (CY_APPL_LOADABLE == 0x1)?SIZEOF (.cy_checksum_exclude):0x0
                0x00000001                ASSERT ((cy_checksum_exclude_size <= CY_CHECKSUM_EXCLUDE_SIZE), CY_BOOT: Section .cy_checksum_exclude size exceedes specified limit.)

.cyloadermeta
 *(.cyloadermeta)

.cyloadablemeta
 *(.cyloadablemeta)

.cyconfigecc    0x80000000      0x460
 *(.cyconfigecc)
 .cyconfigecc   0x80000000      0x460 .\CortexM3\ARM_GCC_541\Debug\cymetadata.o
                0x80000000                cy_meta_configecc

.cycustnvl      0x90000000        0x4
 *(.cycustnvl)
 .cycustnvl     0x90000000        0x4 .\CortexM3\ARM_GCC_541\Debug\cymetadata.o
                0x90000000                cy_meta_custnvl

.cywolatch      0x90100000        0x4
 *(.cywolatch)
 .cywolatch     0x90100000        0x4 .\CortexM3\ARM_GCC_541\Debug\cymetadata.o
                0x90100000                cy_meta_wonvl

.cyeeprom       0x90200000        0x0
 *(.cyeeprom)
                0x00000001                ASSERT ((. <= ((0x90200000 + ee_offset) + ee_size)), .cyeeprom data will not fit in EEPROM)

.cyflashprotect
                0x90400000      0x100
 *(.cyflashprotect)
 .cyflashprotect
                0x90400000      0x100 .\CortexM3\ARM_GCC_541\Debug\cymetadata.o
                0x90400000                cy_meta_flashprotect

.cymeta         0x90500000        0xc
 *(.cymeta)
 .cymeta        0x90500000        0xc .\CortexM3\ARM_GCC_541\Debug\cymetadata.o
                0x90500000                cy_metadata

.rel.dyn        0x00001af0        0x0 load address 0x9050000c
 .rel.iplt      0x00001af0        0x0 c:/program files (x86)/cypress/psoc creator/4.4/psoc creator/import/gnu/arm/5.4.1/bin/../lib/gcc/arm-none-eabi/5.4.1/armv7-m/crtbegin.o

.stab
 *(.stab)

.stabstr
 *(.stabstr)

.debug
 *(.debug)

.line
 *(.line)

.debug_srcinfo
 *(.debug_srcinfo)

.debug_sfnames
 *(.debug_sfnames)

.debug_aranges  0x00000000      0xce0
 *(.debug_aranges)
 .debug_aranges
                0x00000000       0x20 .\CortexM3\ARM_GCC_541\Debug\main.o
 .debug_aranges
                0x00000020       0x38 .\CortexM3\ARM_GCC_541\Debug\statemachine.o
 .debug_aranges
                0x00000058       0x68 .\CortexM3\ARM_GCC_541\Debug\cyfitter_cfg.o
 .debug_aranges
                0x000000c0       0x18 .\CortexM3\ARM_GCC_541\Debug\cymetadata.o
 .debug_aranges
                0x000000d8       0x48 .\CortexM3\ARM_GCC_541\Debug\Cm3Start.o
 .debug_aranges
                0x00000120       0x38 .\CortexM3\ARM_GCC_541\Debug\TestBench.a(LED_RED.o)
 .debug_aranges
                0x00000158       0xd8 .\CortexM3\ARM_GCC_541\Debug\TestBench.a(CyDmac.o)
 .debug_aranges
                0x00000230      0x2a0 .\CortexM3\ARM_GCC_541\Debug\TestBench.a(CyLib.o)
 .debug_aranges
                0x000004d0       0x98 .\CortexM3\ARM_GCC_541\Debug\TestBench.a(cyPm.o)
 .debug_aranges
                0x00000568       0x48 .\CortexM3\ARM_GCC_541\Debug\TestBench.a(Push_Button.o)
 .debug_aranges
                0x000005b0       0xf0 .\CortexM3\ARM_GCC_541\Debug\TestBench.a(UART.o)
 .debug_aranges
                0x000006a0       0x70 .\CortexM3\ARM_GCC_541\Debug\TestBench.a(UART_IntClock.o)
 .debug_aranges
                0x00000710       0x80 .\CortexM3\ARM_GCC_541\Debug\TestBench.a(isr_pushButton.o)
 .debug_aranges
                0x00000790       0xe8 .\CortexM3\ARM_GCC_541\Debug\TestBench.a(ADC_DelSig.o)
 .debug_aranges
                0x00000878       0x38 .\CortexM3\ARM_GCC_541\Debug\TestBench.a(ADC_DelSig_INT.o)
 .debug_aranges
                0x000008b0       0x30 .\CortexM3\ARM_GCC_541\Debug\TestBench.a(ADC_DelSig_AMux.o)
 .debug_aranges
                0x000008e0       0x70 .\CortexM3\ARM_GCC_541\Debug\TestBench.a(ADC_DelSig_Ext_CP_Clk.o)
 .debug_aranges
                0x00000950       0x80 .\CortexM3\ARM_GCC_541\Debug\TestBench.a(ADC_DelSig_theACLK.o)
 .debug_aranges
                0x000009d0       0x80 .\CortexM3\ARM_GCC_541\Debug\TestBench.a(isr_UART.o)
 .debug_aranges
                0x00000a50       0x50 .\CortexM3\ARM_GCC_541\Debug\TestBench.a(WaveDAC.o)
 .debug_aranges
                0x00000aa0       0x70 .\CortexM3\ARM_GCC_541\Debug\TestBench.a(WaveDAC_DacClk.o)
 .debug_aranges
                0x00000b10       0x28 .\CortexM3\ARM_GCC_541\Debug\TestBench.a(WaveDAC_Wave1_DMA_dma.o)
 .debug_aranges
                0x00000b38       0x28 .\CortexM3\ARM_GCC_541\Debug\TestBench.a(WaveDAC_Wave2_DMA_dma.o)
 .debug_aranges
                0x00000b60       0x58 .\CortexM3\ARM_GCC_541\Debug\TestBench.a(WaveDAC_VDAC8.o)
 .debug_aranges
                0x00000bb8       0x20 .\CortexM3\ARM_GCC_541\Debug\TestBench.a(CyBootAsmGnu.o)
 .debug_aranges
                0x00000bd8       0x88 .\CortexM3\ARM_GCC_541\Debug\TestBench.a(CyFlash.o)
 .debug_aranges
                0x00000c60       0x80 .\CortexM3\ARM_GCC_541\Debug\TestBench.a(CySpc.o)

.debug_pubnames
 *(.debug_pubnames)

.debug_info     0x00000000     0x746b
 *(.debug_info .gnu.linkonce.wi.*)
 .debug_info    0x00000000      0x15e .\CortexM3\ARM_GCC_541\Debug\main.o
 .debug_info    0x0000015e      0x361 .\CortexM3\ARM_GCC_541\Debug\statemachine.o
 .debug_info    0x000004bf      0x6a0 .\CortexM3\ARM_GCC_541\Debug\cyfitter_cfg.o
 .debug_info    0x00000b5f      0x136 .\CortexM3\ARM_GCC_541\Debug\cymetadata.o
 .debug_info    0x00000c95      0x3cf .\CortexM3\ARM_GCC_541\Debug\Cm3Start.o
 .debug_info    0x00001064      0x11f .\CortexM3\ARM_GCC_541\Debug\TestBench.a(LED_RED.o)
 .debug_info    0x00001183      0x94e .\CortexM3\ARM_GCC_541\Debug\TestBench.a(CyDmac.o)
 .debug_info    0x00001ad1     0x1374 .\CortexM3\ARM_GCC_541\Debug\TestBench.a(CyLib.o)
 .debug_info    0x00002e45      0xa2a .\CortexM3\ARM_GCC_541\Debug\TestBench.a(cyPm.o)
 .debug_info    0x0000386f      0x174 .\CortexM3\ARM_GCC_541\Debug\TestBench.a(Push_Button.o)
 .debug_info    0x000039e3      0x60c .\CortexM3\ARM_GCC_541\Debug\TestBench.a(UART.o)
 .debug_info    0x00003fef      0x283 .\CortexM3\ARM_GCC_541\Debug\TestBench.a(UART_IntClock.o)
 .debug_info    0x00004272      0x2d2 .\CortexM3\ARM_GCC_541\Debug\TestBench.a(isr_pushButton.o)
 .debug_info    0x00004544      0xbed .\CortexM3\ARM_GCC_541\Debug\TestBench.a(ADC_DelSig.o)
 .debug_info    0x00005131       0xd3 .\CortexM3\ARM_GCC_541\Debug\TestBench.a(ADC_DelSig_INT.o)
 .debug_info    0x00005204      0x165 .\CortexM3\ARM_GCC_541\Debug\TestBench.a(ADC_DelSig_AMux.o)
 .debug_info    0x00005369      0x283 .\CortexM3\ARM_GCC_541\Debug\TestBench.a(ADC_DelSig_Ext_CP_Clk.o)
 .debug_info    0x000055ec      0x2c4 .\CortexM3\ARM_GCC_541\Debug\TestBench.a(ADC_DelSig_theACLK.o)
 .debug_info    0x000058b0      0x2d2 .\CortexM3\ARM_GCC_541\Debug\TestBench.a(isr_UART.o)
 .debug_info    0x00005b82      0x519 .\CortexM3\ARM_GCC_541\Debug\TestBench.a(WaveDAC.o)
 .debug_info    0x0000609b      0x283 .\CortexM3\ARM_GCC_541\Debug\TestBench.a(WaveDAC_DacClk.o)
 .debug_info    0x0000631e      0x1aa .\CortexM3\ARM_GCC_541\Debug\TestBench.a(WaveDAC_Wave1_DMA_dma.o)
 .debug_info    0x000064c8      0x1a7 .\CortexM3\ARM_GCC_541\Debug\TestBench.a(WaveDAC_Wave2_DMA_dma.o)
 .debug_info    0x0000666f      0x1de .\CortexM3\ARM_GCC_541\Debug\TestBench.a(WaveDAC_VDAC8.o)
 .debug_info    0x0000684d       0x81 .\CortexM3\ARM_GCC_541\Debug\TestBench.a(CyBootAsmGnu.o)
 .debug_info    0x000068ce      0x64d .\CortexM3\ARM_GCC_541\Debug\TestBench.a(CyFlash.o)
 .debug_info    0x00006f1b      0x550 .\CortexM3\ARM_GCC_541\Debug\TestBench.a(CySpc.o)

.debug_abbrev   0x00000000     0x206b
 *(.debug_abbrev)
 .debug_abbrev  0x00000000       0xdc .\CortexM3\ARM_GCC_541\Debug\main.o
 .debug_abbrev  0x000000dc      0x139 .\CortexM3\ARM_GCC_541\Debug\statemachine.o
 .debug_abbrev  0x00000215      0x22d .\CortexM3\ARM_GCC_541\Debug\cyfitter_cfg.o
 .debug_abbrev  0x00000442       0x77 .\CortexM3\ARM_GCC_541\Debug\cymetadata.o
 .debug_abbrev  0x000004b9      0x1e8 .\CortexM3\ARM_GCC_541\Debug\Cm3Start.o
 .debug_abbrev  0x000006a1       0x90 .\CortexM3\ARM_GCC_541\Debug\TestBench.a(LED_RED.o)
 .debug_abbrev  0x00000731      0x1b2 .\CortexM3\ARM_GCC_541\Debug\TestBench.a(CyDmac.o)
 .debug_abbrev  0x000008e3      0x254 .\CortexM3\ARM_GCC_541\Debug\TestBench.a(CyLib.o)
 .debug_abbrev  0x00000b37      0x1ab .\CortexM3\ARM_GCC_541\Debug\TestBench.a(cyPm.o)
 .debug_abbrev  0x00000ce2       0x90 .\CortexM3\ARM_GCC_541\Debug\TestBench.a(Push_Button.o)
 .debug_abbrev  0x00000d72      0x175 .\CortexM3\ARM_GCC_541\Debug\TestBench.a(UART.o)
 .debug_abbrev  0x00000ee7      0x139 .\CortexM3\ARM_GCC_541\Debug\TestBench.a(UART_IntClock.o)
 .debug_abbrev  0x00001020      0x173 .\CortexM3\ARM_GCC_541\Debug\TestBench.a(isr_pushButton.o)
 .debug_abbrev  0x00001193      0x1eb .\CortexM3\ARM_GCC_541\Debug\TestBench.a(ADC_DelSig.o)
 .debug_abbrev  0x0000137e       0x42 .\CortexM3\ARM_GCC_541\Debug\TestBench.a(ADC_DelSig_INT.o)
 .debug_abbrev  0x000013c0       0xb1 .\CortexM3\ARM_GCC_541\Debug\TestBench.a(ADC_DelSig_AMux.o)
 .debug_abbrev  0x00001471      0x139 .\CortexM3\ARM_GCC_541\Debug\TestBench.a(ADC_DelSig_Ext_CP_Clk.o)
 .debug_abbrev  0x000015aa      0x121 .\CortexM3\ARM_GCC_541\Debug\TestBench.a(ADC_DelSig_theACLK.o)
 .debug_abbrev  0x000016cb      0x173 .\CortexM3\ARM_GCC_541\Debug\TestBench.a(isr_UART.o)
 .debug_abbrev  0x0000183e      0x114 .\CortexM3\ARM_GCC_541\Debug\TestBench.a(WaveDAC.o)
 .debug_abbrev  0x00001952      0x139 .\CortexM3\ARM_GCC_541\Debug\TestBench.a(WaveDAC_DacClk.o)
 .debug_abbrev  0x00001a8b       0xcd .\CortexM3\ARM_GCC_541\Debug\TestBench.a(WaveDAC_Wave1_DMA_dma.o)
 .debug_abbrev  0x00001b58       0xcd .\CortexM3\ARM_GCC_541\Debug\TestBench.a(WaveDAC_Wave2_DMA_dma.o)
 .debug_abbrev  0x00001c25       0xf7 .\CortexM3\ARM_GCC_541\Debug\TestBench.a(WaveDAC_VDAC8.o)
 .debug_abbrev  0x00001d1c       0x14 .\CortexM3\ARM_GCC_541\Debug\TestBench.a(CyBootAsmGnu.o)
 .debug_abbrev  0x00001d30      0x1a7 .\CortexM3\ARM_GCC_541\Debug\TestBench.a(CyFlash.o)
 .debug_abbrev  0x00001ed7      0x194 .\CortexM3\ARM_GCC_541\Debug\TestBench.a(CySpc.o)

.debug_line     0x00000000     0x31fa
 *(.debug_line)
 .debug_line    0x00000000      0x18a .\CortexM3\ARM_GCC_541\Debug\main.o
 .debug_line    0x0000018a      0x277 .\CortexM3\ARM_GCC_541\Debug\statemachine.o
 .debug_line    0x00000401      0x225 .\CortexM3\ARM_GCC_541\Debug\cyfitter_cfg.o
 .debug_line    0x00000626      0x141 .\CortexM3\ARM_GCC_541\Debug\cymetadata.o
 .debug_line    0x00000767      0x241 .\CortexM3\ARM_GCC_541\Debug\Cm3Start.o
 .debug_line    0x000009a8       0x94 .\CortexM3\ARM_GCC_541\Debug\TestBench.a(LED_RED.o)
 .debug_line    0x00000a3c      0x2e4 .\CortexM3\ARM_GCC_541\Debug\TestBench.a(CyDmac.o)
 .debug_line    0x00000d20      0x816 .\CortexM3\ARM_GCC_541\Debug\TestBench.a(CyLib.o)
 .debug_line    0x00001536      0x367 .\CortexM3\ARM_GCC_541\Debug\TestBench.a(cyPm.o)
 .debug_line    0x0000189d       0xbc .\CortexM3\ARM_GCC_541\Debug\TestBench.a(Push_Button.o)
 .debug_line    0x00001959      0x2bc .\CortexM3\ARM_GCC_541\Debug\TestBench.a(UART.o)
 .debug_line    0x00001c15      0x17c .\CortexM3\ARM_GCC_541\Debug\TestBench.a(UART_IntClock.o)
 .debug_line    0x00001d91      0x13b .\CortexM3\ARM_GCC_541\Debug\TestBench.a(isr_pushButton.o)
 .debug_line    0x00001ecc      0x3e4 .\CortexM3\ARM_GCC_541\Debug\TestBench.a(ADC_DelSig.o)
 .debug_line    0x000022b0       0x87 .\CortexM3\ARM_GCC_541\Debug\TestBench.a(ADC_DelSig_INT.o)
 .debug_line    0x00002337       0xb3 .\CortexM3\ARM_GCC_541\Debug\TestBench.a(ADC_DelSig_AMux.o)
 .debug_line    0x000023ea      0x184 .\CortexM3\ARM_GCC_541\Debug\TestBench.a(ADC_DelSig_Ext_CP_Clk.o)
 .debug_line    0x0000256e      0x1a4 .\CortexM3\ARM_GCC_541\Debug\TestBench.a(ADC_DelSig_theACLK.o)
 .debug_line    0x00002712      0x135 .\CortexM3\ARM_GCC_541\Debug\TestBench.a(isr_UART.o)
 .debug_line    0x00002847      0x151 .\CortexM3\ARM_GCC_541\Debug\TestBench.a(WaveDAC.o)
 .debug_line    0x00002998      0x17d .\CortexM3\ARM_GCC_541\Debug\TestBench.a(WaveDAC_DacClk.o)
 .debug_line    0x00002b15       0x8e .\CortexM3\ARM_GCC_541\Debug\TestBench.a(WaveDAC_Wave1_DMA_dma.o)
 .debug_line    0x00002ba3       0x8e .\CortexM3\ARM_GCC_541\Debug\TestBench.a(WaveDAC_Wave2_DMA_dma.o)
 .debug_line    0x00002c31       0xe9 .\CortexM3\ARM_GCC_541\Debug\TestBench.a(WaveDAC_VDAC8.o)
 .debug_line    0x00002d1a       0x66 .\CortexM3\ARM_GCC_541\Debug\TestBench.a(CyBootAsmGnu.o)
 .debug_line    0x00002d80      0x21a .\CortexM3\ARM_GCC_541\Debug\TestBench.a(CyFlash.o)
 .debug_line    0x00002f9a      0x260 .\CortexM3\ARM_GCC_541\Debug\TestBench.a(CySpc.o)

.debug_frame    0x00000000     0x1f90
 *(.debug_frame)
 .debug_frame   0x00000000       0x2c .\CortexM3\ARM_GCC_541\Debug\main.o
 .debug_frame   0x0000002c       0x84 .\CortexM3\ARM_GCC_541\Debug\statemachine.o
 .debug_frame   0x000000b0      0x104 .\CortexM3\ARM_GCC_541\Debug\cyfitter_cfg.o
 .debug_frame   0x000001b4       0xb8 .\CortexM3\ARM_GCC_541\Debug\Cm3Start.o
 .debug_frame   0x0000026c       0x50 .\CortexM3\ARM_GCC_541\Debug\TestBench.a(LED_RED.o)
 .debug_frame   0x000002bc      0x1f8 .\CortexM3\ARM_GCC_541\Debug\TestBench.a(CyDmac.o)
 .debug_frame   0x000004b4      0x738 .\CortexM3\ARM_GCC_541\Debug\TestBench.a(CyLib.o)
 .debug_frame   0x00000bec      0x1f8 .\CortexM3\ARM_GCC_541\Debug\TestBench.a(cyPm.o)
 .debug_frame   0x00000de4       0x70 .\CortexM3\ARM_GCC_541\Debug\TestBench.a(Push_Button.o)
 .debug_frame   0x00000e54      0x250 .\CortexM3\ARM_GCC_541\Debug\TestBench.a(UART.o)
 .debug_frame   0x000010a4       0xe0 .\CortexM3\ARM_GCC_541\Debug\TestBench.a(UART_IntClock.o)
 .debug_frame   0x00001184      0x104 .\CortexM3\ARM_GCC_541\Debug\TestBench.a(isr_pushButton.o)
 .debug_frame   0x00001288      0x284 .\CortexM3\ARM_GCC_541\Debug\TestBench.a(ADC_DelSig.o)
 .debug_frame   0x0000150c       0x50 .\CortexM3\ARM_GCC_541\Debug\TestBench.a(ADC_DelSig_INT.o)
 .debug_frame   0x0000155c       0x64 .\CortexM3\ARM_GCC_541\Debug\TestBench.a(ADC_DelSig_AMux.o)
 .debug_frame   0x000015c0       0xe0 .\CortexM3\ARM_GCC_541\Debug\TestBench.a(ADC_DelSig_Ext_CP_Clk.o)
 .debug_frame   0x000016a0      0x100 .\CortexM3\ARM_GCC_541\Debug\TestBench.a(ADC_DelSig_theACLK.o)
 .debug_frame   0x000017a0      0x104 .\CortexM3\ARM_GCC_541\Debug\TestBench.a(isr_UART.o)
 .debug_frame   0x000018a4       0xe0 .\CortexM3\ARM_GCC_541\Debug\TestBench.a(WaveDAC.o)
 .debug_frame   0x00001984       0xe0 .\CortexM3\ARM_GCC_541\Debug\TestBench.a(WaveDAC_DacClk.o)
 .debug_frame   0x00001a64       0x54 .\CortexM3\ARM_GCC_541\Debug\TestBench.a(WaveDAC_Wave1_DMA_dma.o)
 .debug_frame   0x00001ab8       0x54 .\CortexM3\ARM_GCC_541\Debug\TestBench.a(WaveDAC_Wave2_DMA_dma.o)
 .debug_frame   0x00001b0c       0xb4 .\CortexM3\ARM_GCC_541\Debug\TestBench.a(WaveDAC_VDAC8.o)
 .debug_frame   0x00001bc0      0x194 .\CortexM3\ARM_GCC_541\Debug\TestBench.a(CyFlash.o)
 .debug_frame   0x00001d54      0x180 .\CortexM3\ARM_GCC_541\Debug\TestBench.a(CySpc.o)
 .debug_frame   0x00001ed4       0x20 c:/program files (x86)/cypress/psoc creator/4.4/psoc creator/import/gnu/arm/5.4.1/bin/../lib/gcc/arm-none-eabi/5.4.1/../../../../arm-none-eabi/lib/armv7-m\libg_nano.a(lib_a-errno.o)
 .debug_frame   0x00001ef4       0x28 c:/program files (x86)/cypress/psoc creator/4.4/psoc creator/import/gnu/arm/5.4.1/bin/../lib/gcc/arm-none-eabi/5.4.1/../../../../arm-none-eabi/lib/armv7-m\libg_nano.a(lib_a-exit.o)
 .debug_frame   0x00001f1c       0x2c c:/program files (x86)/cypress/psoc creator/4.4/psoc creator/import/gnu/arm/5.4.1/bin/../lib/gcc/arm-none-eabi/5.4.1/../../../../arm-none-eabi/lib/armv7-m\libg_nano.a(lib_a-init.o)
 .debug_frame   0x00001f48       0x28 c:/program files (x86)/cypress/psoc creator/4.4/psoc creator/import/gnu/arm/5.4.1/bin/../lib/gcc/arm-none-eabi/5.4.1/../../../../arm-none-eabi/lib/armv7-m\libg_nano.a(lib_a-memcpy-stub.o)
 .debug_frame   0x00001f70       0x20 c:/program files (x86)/cypress/psoc creator/4.4/psoc creator/import/gnu/arm/5.4.1/bin/../lib/gcc/arm-none-eabi/5.4.1/../../../../arm-none-eabi/lib/armv7-m\libg_nano.a(lib_a-memset.o)

.debug_str      0x00000000     0x2c54
 *(.debug_str)
 .debug_str     0x00000000      0x18c .\CortexM3\ARM_GCC_541\Debug\main.o
                                0x1dd (size before relaxing)
 .debug_str     0x0000018c      0x16e .\CortexM3\ARM_GCC_541\Debug\statemachine.o
                                0x346 (size before relaxing)
 .debug_str     0x000002fa      0x217 .\CortexM3\ARM_GCC_541\Debug\cyfitter_cfg.o
                                0x39d (size before relaxing)
 .debug_str     0x00000511       0x75 .\CortexM3\ARM_GCC_541\Debug\cymetadata.o
                                0x1d5 (size before relaxing)
 .debug_str     0x00000586      0x154 .\CortexM3\ARM_GCC_541\Debug\Cm3Start.o
                                0x30b (size before relaxing)
 .debug_str     0x000006da       0x67 .\CortexM3\ARM_GCC_541\Debug\TestBench.a(LED_RED.o)
                                0x1dd (size before relaxing)
 .debug_str     0x00000741      0x384 .\CortexM3\ARM_GCC_541\Debug\TestBench.a(CyDmac.o)
                                0x53b (size before relaxing)
 .debug_str     0x00000ac5      0x7f4 .\CortexM3\ARM_GCC_541\Debug\TestBench.a(CyLib.o)
                                0xa38 (size before relaxing)
 .debug_str     0x000012b9      0x365 .\CortexM3\ARM_GCC_541\Debug\TestBench.a(cyPm.o)
                                0x724 (size before relaxing)
 .debug_str     0x0000161e       0x9f .\CortexM3\ARM_GCC_541\Debug\TestBench.a(Push_Button.o)
                                0x239 (size before relaxing)
 .debug_str     0x000016bd      0x26c .\CortexM3\ARM_GCC_541\Debug\TestBench.a(UART.o)
                                0x466 (size before relaxing)
 .debug_str     0x00001929      0x183 .\CortexM3\ARM_GCC_541\Debug\TestBench.a(UART_IntClock.o)
                                0x327 (size before relaxing)
 .debug_str     0x00001aac      0x14d .\CortexM3\ARM_GCC_541\Debug\TestBench.a(isr_pushButton.o)
                                0x315 (size before relaxing)
 .debug_str     0x00001bf9      0x429 .\CortexM3\ARM_GCC_541\Debug\TestBench.a(ADC_DelSig.o)
                                0x6d9 (size before relaxing)
 .debug_str     0x00002022       0x68 .\CortexM3\ARM_GCC_541\Debug\TestBench.a(ADC_DelSig_INT.o)
                                0x1d4 (size before relaxing)
 .debug_str     0x0000208a       0x7b .\CortexM3\ARM_GCC_541\Debug\TestBench.a(ADC_DelSig_AMux.o)
                                0x221 (size before relaxing)
 .debug_str     0x00002105      0x170 .\CortexM3\ARM_GCC_541\Debug\TestBench.a(ADC_DelSig_Ext_CP_Clk.o)
                                0x387 (size before relaxing)
 .debug_str     0x00002275      0x1a3 .\CortexM3\ARM_GCC_541\Debug\TestBench.a(ADC_DelSig_theACLK.o)
                                0x3b4 (size before relaxing)
 .debug_str     0x00002418       0xff .\CortexM3\ARM_GCC_541\Debug\TestBench.a(isr_UART.o)
                                0x2c1 (size before relaxing)
 .debug_str     0x00002517      0x216 .\CortexM3\ARM_GCC_541\Debug\TestBench.a(WaveDAC.o)
                                0x40f (size before relaxing)
 .debug_str     0x0000272d      0x142 .\CortexM3\ARM_GCC_541\Debug\TestBench.a(WaveDAC_DacClk.o)
                                0x333 (size before relaxing)
 .debug_str     0x0000286f       0xa3 .\CortexM3\ARM_GCC_541\Debug\TestBench.a(WaveDAC_Wave1_DMA_dma.o)
                                0x28d (size before relaxing)
 .debug_str     0x00002912       0x68 .\CortexM3\ARM_GCC_541\Debug\TestBench.a(WaveDAC_Wave2_DMA_dma.o)
                                0x28d (size before relaxing)
 .debug_str     0x0000297a       0x73 .\CortexM3\ARM_GCC_541\Debug\TestBench.a(WaveDAC_VDAC8.o)
                                0x260 (size before relaxing)
 .debug_str     0x000029ed      0x1bb .\CortexM3\ARM_GCC_541\Debug\TestBench.a(CyFlash.o)
                                0x3b1 (size before relaxing)
 .debug_str     0x00002ba8       0xac .\CortexM3\ARM_GCC_541\Debug\TestBench.a(CySpc.o)
                                0x329 (size before relaxing)

.debug_loc      0x00000000     0x38f6
 *(.debug_loc)
 .debug_loc     0x00000000       0xc0 .\CortexM3\ARM_GCC_541\Debug\statemachine.o
 .debug_loc     0x000000c0      0x29c .\CortexM3\ARM_GCC_541\Debug\cyfitter_cfg.o
 .debug_loc     0x0000035c      0x144 .\CortexM3\ARM_GCC_541\Debug\Cm3Start.o
 .debug_loc     0x000004a0       0x42 .\CortexM3\ARM_GCC_541\Debug\TestBench.a(LED_RED.o)
 .debug_loc     0x000004e2      0xb8e .\CortexM3\ARM_GCC_541\Debug\TestBench.a(CyDmac.o)
 .debug_loc     0x00001070      0xa11 .\CortexM3\ARM_GCC_541\Debug\TestBench.a(CyLib.o)
 .debug_loc     0x00001a81      0x1e4 .\CortexM3\ARM_GCC_541\Debug\TestBench.a(cyPm.o)
 .debug_loc     0x00001c65       0x84 .\CortexM3\ARM_GCC_541\Debug\TestBench.a(Push_Button.o)
 .debug_loc     0x00001ce9      0x258 .\CortexM3\ARM_GCC_541\Debug\TestBench.a(UART.o)
 .debug_loc     0x00001f41      0x128 .\CortexM3\ARM_GCC_541\Debug\TestBench.a(UART_IntClock.o)
 .debug_loc     0x00002069       0x56 .\CortexM3\ARM_GCC_541\Debug\TestBench.a(isr_pushButton.o)
 .debug_loc     0x000020bf      0x681 .\CortexM3\ARM_GCC_541\Debug\TestBench.a(ADC_DelSig.o)
 .debug_loc     0x00002740       0x6c .\CortexM3\ARM_GCC_541\Debug\TestBench.a(ADC_DelSig_AMux.o)
 .debug_loc     0x000027ac      0x12c .\CortexM3\ARM_GCC_541\Debug\TestBench.a(ADC_DelSig_Ext_CP_Clk.o)
 .debug_loc     0x000028d8      0x14d .\CortexM3\ARM_GCC_541\Debug\TestBench.a(ADC_DelSig_theACLK.o)
 .debug_loc     0x00002a25       0x56 .\CortexM3\ARM_GCC_541\Debug\TestBench.a(isr_UART.o)
 .debug_loc     0x00002a7b      0x11b .\CortexM3\ARM_GCC_541\Debug\TestBench.a(WaveDAC.o)
 .debug_loc     0x00002b96      0x128 .\CortexM3\ARM_GCC_541\Debug\TestBench.a(WaveDAC_DacClk.o)
 .debug_loc     0x00002cbe       0x84 .\CortexM3\ARM_GCC_541\Debug\TestBench.a(WaveDAC_Wave1_DMA_dma.o)
 .debug_loc     0x00002d42       0x84 .\CortexM3\ARM_GCC_541\Debug\TestBench.a(WaveDAC_Wave2_DMA_dma.o)
 .debug_loc     0x00002dc6       0x79 .\CortexM3\ARM_GCC_541\Debug\TestBench.a(WaveDAC_VDAC8.o)
 .debug_loc     0x00002e3f      0x3b2 .\CortexM3\ARM_GCC_541\Debug\TestBench.a(CyFlash.o)
 .debug_loc     0x000031f1      0x705 .\CortexM3\ARM_GCC_541\Debug\TestBench.a(CySpc.o)

.debug_macinfo
 *(.debug_macinfo)

.debug_ranges   0x00000000      0xb48
 *(.debug_ranges)
 .debug_ranges  0x00000000       0x10 .\CortexM3\ARM_GCC_541\Debug\main.o
 .debug_ranges  0x00000010       0x58 .\CortexM3\ARM_GCC_541\Debug\statemachine.o
 .debug_ranges  0x00000068       0x58 .\CortexM3\ARM_GCC_541\Debug\cyfitter_cfg.o
 .debug_ranges  0x000000c0       0x38 .\CortexM3\ARM_GCC_541\Debug\Cm3Start.o
 .debug_ranges  0x000000f8       0x28 .\CortexM3\ARM_GCC_541\Debug\TestBench.a(LED_RED.o)
 .debug_ranges  0x00000120       0xc8 .\CortexM3\ARM_GCC_541\Debug\TestBench.a(CyDmac.o)
 .debug_ranges  0x000001e8      0x290 .\CortexM3\ARM_GCC_541\Debug\TestBench.a(CyLib.o)
 .debug_ranges  0x00000478       0x88 .\CortexM3\ARM_GCC_541\Debug\TestBench.a(cyPm.o)
 .debug_ranges  0x00000500       0x38 .\CortexM3\ARM_GCC_541\Debug\TestBench.a(Push_Button.o)
 .debug_ranges  0x00000538       0xe0 .\CortexM3\ARM_GCC_541\Debug\TestBench.a(UART.o)
 .debug_ranges  0x00000618       0x60 .\CortexM3\ARM_GCC_541\Debug\TestBench.a(UART_IntClock.o)
 .debug_ranges  0x00000678       0x70 .\CortexM3\ARM_GCC_541\Debug\TestBench.a(isr_pushButton.o)
 .debug_ranges  0x000006e8       0xd8 .\CortexM3\ARM_GCC_541\Debug\TestBench.a(ADC_DelSig.o)
 .debug_ranges  0x000007c0       0x28 .\CortexM3\ARM_GCC_541\Debug\TestBench.a(ADC_DelSig_INT.o)
 .debug_ranges  0x000007e8       0x20 .\CortexM3\ARM_GCC_541\Debug\TestBench.a(ADC_DelSig_AMux.o)
 .debug_ranges  0x00000808       0x60 .\CortexM3\ARM_GCC_541\Debug\TestBench.a(ADC_DelSig_Ext_CP_Clk.o)
 .debug_ranges  0x00000868       0x70 .\CortexM3\ARM_GCC_541\Debug\TestBench.a(ADC_DelSig_theACLK.o)
 .debug_ranges  0x000008d8       0x70 .\CortexM3\ARM_GCC_541\Debug\TestBench.a(isr_UART.o)
 .debug_ranges  0x00000948       0x40 .\CortexM3\ARM_GCC_541\Debug\TestBench.a(WaveDAC.o)
 .debug_ranges  0x00000988       0x60 .\CortexM3\ARM_GCC_541\Debug\TestBench.a(WaveDAC_DacClk.o)
 .debug_ranges  0x000009e8       0x18 .\CortexM3\ARM_GCC_541\Debug\TestBench.a(WaveDAC_Wave1_DMA_dma.o)
 .debug_ranges  0x00000a00       0x18 .\CortexM3\ARM_GCC_541\Debug\TestBench.a(WaveDAC_Wave2_DMA_dma.o)
 .debug_ranges  0x00000a18       0x48 .\CortexM3\ARM_GCC_541\Debug\TestBench.a(WaveDAC_VDAC8.o)
 .debug_ranges  0x00000a60       0x78 .\CortexM3\ARM_GCC_541\Debug\TestBench.a(CyFlash.o)
 .debug_ranges  0x00000ad8       0x70 .\CortexM3\ARM_GCC_541\Debug\TestBench.a(CySpc.o)

.comment        0x00000000       0x6e
 .comment       0x00000000       0x6e .\CortexM3\ARM_GCC_541\Debug\main.o
                                 0x6f (size before relaxing)
 .comment       0x0000006e       0x6f .\CortexM3\ARM_GCC_541\Debug\statemachine.o
 .comment       0x0000006e       0x6f .\CortexM3\ARM_GCC_541\Debug\cyfitter_cfg.o
 .comment       0x0000006e       0x6f .\CortexM3\ARM_GCC_541\Debug\cymetadata.o
 .comment       0x0000006e       0x6f .\CortexM3\ARM_GCC_541\Debug\Cm3Start.o
 .comment       0x0000006e       0x6f .\CortexM3\ARM_GCC_541\Debug\TestBench.a(LED_RED.o)
 .comment       0x0000006e       0x6f .\CortexM3\ARM_GCC_541\Debug\TestBench.a(CyDmac.o)
 .comment       0x0000006e       0x6f .\CortexM3\ARM_GCC_541\Debug\TestBench.a(CyLib.o)
 .comment       0x0000006e       0x6f .\CortexM3\ARM_GCC_541\Debug\TestBench.a(cyPm.o)
 .comment       0x0000006e       0x6f .\CortexM3\ARM_GCC_541\Debug\TestBench.a(Push_Button.o)
 .comment       0x0000006e       0x6f .\CortexM3\ARM_GCC_541\Debug\TestBench.a(UART.o)
 .comment       0x0000006e       0x6f .\CortexM3\ARM_GCC_541\Debug\TestBench.a(UART_IntClock.o)
 .comment       0x0000006e       0x6f .\CortexM3\ARM_GCC_541\Debug\TestBench.a(isr_pushButton.o)
 .comment       0x0000006e       0x6f .\CortexM3\ARM_GCC_541\Debug\TestBench.a(ADC_DelSig.o)
 .comment       0x0000006e       0x6f .\CortexM3\ARM_GCC_541\Debug\TestBench.a(ADC_DelSig_INT.o)
 .comment       0x0000006e       0x6f .\CortexM3\ARM_GCC_541\Debug\TestBench.a(ADC_DelSig_AMux.o)
 .comment       0x0000006e       0x6f .\CortexM3\ARM_GCC_541\Debug\TestBench.a(ADC_DelSig_Ext_CP_Clk.o)
 .comment       0x0000006e       0x6f .\CortexM3\ARM_GCC_541\Debug\TestBench.a(ADC_DelSig_theACLK.o)
 .comment       0x0000006e       0x6f .\CortexM3\ARM_GCC_541\Debug\TestBench.a(isr_UART.o)
 .comment       0x0000006e       0x6f .\CortexM3\ARM_GCC_541\Debug\TestBench.a(WaveDAC.o)
 .comment       0x0000006e       0x6f .\CortexM3\ARM_GCC_541\Debug\TestBench.a(WaveDAC_DacClk.o)
 .comment       0x0000006e       0x6f .\CortexM3\ARM_GCC_541\Debug\TestBench.a(WaveDAC_Wave1_DMA_dma.o)
 .comment       0x0000006e       0x6f .\CortexM3\ARM_GCC_541\Debug\TestBench.a(WaveDAC_Wave2_DMA_dma.o)
 .comment       0x0000006e       0x6f .\CortexM3\ARM_GCC_541\Debug\TestBench.a(WaveDAC_VDAC8.o)
 .comment       0x0000006e       0x6f .\CortexM3\ARM_GCC_541\Debug\TestBench.a(CyFlash.o)
 .comment       0x0000006e       0x6f .\CortexM3\ARM_GCC_541\Debug\TestBench.a(CySpc.o)

.debug_weaknames
 *(.debug_weaknames)

.debug_funcnames
 *(.debug_funcnames)

.debug_typenames
 *(.debug_typenames)

.debug_varnames
 *(.debug_varnames)

.note.gnu.arm.ident
 *(.note.gnu.arm.ident)

.ARM.attributes
                0x00000000       0x29
 *(.ARM.attributes)
 .ARM.attributes
                0x00000000       0x1d c:/program files (x86)/cypress/psoc creator/4.4/psoc creator/import/gnu/arm/5.4.1/bin/../lib/gcc/arm-none-eabi/5.4.1/armv7-m/crti.o
 .ARM.attributes
                0x0000001d       0x2d c:/program files (x86)/cypress/psoc creator/4.4/psoc creator/import/gnu/arm/5.4.1/bin/../lib/gcc/arm-none-eabi/5.4.1/armv7-m/crtbegin.o
 .ARM.attributes
                0x0000004a       0x1b c:/program files (x86)/cypress/psoc creator/4.4/psoc creator/import/gnu/arm/5.4.1/bin/../lib/gcc/arm-none-eabi/5.4.1/../../../../arm-none-eabi/lib/armv7-m/crt0.o
 .ARM.attributes
                0x00000065       0x33 .\CortexM3\ARM_GCC_541\Debug\main.o
 .ARM.attributes
                0x00000098       0x33 .\CortexM3\ARM_GCC_541\Debug\statemachine.o
 .ARM.attributes
                0x000000cb       0x33 .\CortexM3\ARM_GCC_541\Debug\cyfitter_cfg.o
 .ARM.attributes
                0x000000fe       0x33 .\CortexM3\ARM_GCC_541\Debug\cymetadata.o
 .ARM.attributes
                0x00000131       0x33 .\CortexM3\ARM_GCC_541\Debug\Cm3Start.o
 .ARM.attributes
                0x00000164       0x33 .\CortexM3\ARM_GCC_541\Debug\TestBench.a(LED_RED.o)
 .ARM.attributes
                0x00000197       0x33 .\CortexM3\ARM_GCC_541\Debug\TestBench.a(CyDmac.o)
 .ARM.attributes
                0x000001ca       0x33 .\CortexM3\ARM_GCC_541\Debug\TestBench.a(CyLib.o)
 .ARM.attributes
                0x000001fd       0x33 .\CortexM3\ARM_GCC_541\Debug\TestBench.a(cyPm.o)
 .ARM.attributes
                0x00000230       0x33 .\CortexM3\ARM_GCC_541\Debug\TestBench.a(Push_Button.o)
 .ARM.attributes
                0x00000263       0x33 .\CortexM3\ARM_GCC_541\Debug\TestBench.a(UART.o)
 .ARM.attributes
                0x00000296       0x33 .\CortexM3\ARM_GCC_541\Debug\TestBench.a(UART_IntClock.o)
 .ARM.attributes
                0x000002c9       0x33 .\CortexM3\ARM_GCC_541\Debug\TestBench.a(isr_pushButton.o)
 .ARM.attributes
                0x000002fc       0x33 .\CortexM3\ARM_GCC_541\Debug\TestBench.a(ADC_DelSig.o)
 .ARM.attributes
                0x0000032f       0x33 .\CortexM3\ARM_GCC_541\Debug\TestBench.a(ADC_DelSig_INT.o)
 .ARM.attributes
                0x00000362       0x33 .\CortexM3\ARM_GCC_541\Debug\TestBench.a(ADC_DelSig_AMux.o)
 .ARM.attributes
                0x00000395       0x33 .\CortexM3\ARM_GCC_541\Debug\TestBench.a(ADC_DelSig_Ext_CP_Clk.o)
 .ARM.attributes
                0x000003c8       0x33 .\CortexM3\ARM_GCC_541\Debug\TestBench.a(ADC_DelSig_theACLK.o)
 .ARM.attributes
                0x000003fb       0x33 .\CortexM3\ARM_GCC_541\Debug\TestBench.a(isr_UART.o)
 .ARM.attributes
                0x0000042e       0x33 .\CortexM3\ARM_GCC_541\Debug\TestBench.a(WaveDAC.o)
 .ARM.attributes
                0x00000461       0x33 .\CortexM3\ARM_GCC_541\Debug\TestBench.a(WaveDAC_DacClk.o)
 .ARM.attributes
                0x00000494       0x33 .\CortexM3\ARM_GCC_541\Debug\TestBench.a(WaveDAC_Wave1_DMA_dma.o)
 .ARM.attributes
                0x000004c7       0x33 .\CortexM3\ARM_GCC_541\Debug\TestBench.a(WaveDAC_Wave2_DMA_dma.o)
 .ARM.attributes
                0x000004fa       0x33 .\CortexM3\ARM_GCC_541\Debug\TestBench.a(WaveDAC_VDAC8.o)
 .ARM.attributes
                0x0000052d       0x21 .\CortexM3\ARM_GCC_541\Debug\TestBench.a(CyBootAsmGnu.o)
 .ARM.attributes
                0x0000054e       0x33 .\CortexM3\ARM_GCC_541\Debug\TestBench.a(CyFlash.o)
 .ARM.attributes
                0x00000581       0x33 .\CortexM3\ARM_GCC_541\Debug\TestBench.a(CySpc.o)
 .ARM.attributes
                0x000005b4       0x1d c:/program files (x86)/cypress/psoc creator/4.4/psoc creator/import/gnu/arm/5.4.1/bin/../lib/gcc/arm-none-eabi/5.4.1/armv7-m\libgcc.a(_arm_addsubdf3.o)
 .ARM.attributes
                0x000005d1       0x1d c:/program files (x86)/cypress/psoc creator/4.4/psoc creator/import/gnu/arm/5.4.1/bin/../lib/gcc/arm-none-eabi/5.4.1/armv7-m\libgcc.a(_arm_cmpdf2.o)
 .ARM.attributes
                0x000005ee       0x1d c:/program files (x86)/cypress/psoc creator/4.4/psoc creator/import/gnu/arm/5.4.1/bin/../lib/gcc/arm-none-eabi/5.4.1/armv7-m\libgcc.a(_arm_addsubsf3.o)
 .ARM.attributes
                0x0000060b       0x1d c:/program files (x86)/cypress/psoc creator/4.4/psoc creator/import/gnu/arm/5.4.1/bin/../lib/gcc/arm-none-eabi/5.4.1/armv7-m\libgcc.a(_arm_muldivsf3.o)
 .ARM.attributes
                0x00000628       0x1d c:/program files (x86)/cypress/psoc creator/4.4/psoc creator/import/gnu/arm/5.4.1/bin/../lib/gcc/arm-none-eabi/5.4.1/armv7-m\libgcc.a(_arm_fixunssfsi.o)
 .ARM.attributes
                0x00000645       0x2d c:/program files (x86)/cypress/psoc creator/4.4/psoc creator/import/gnu/arm/5.4.1/bin/../lib/gcc/arm-none-eabi/5.4.1/../../../../arm-none-eabi/lib/armv7-m\libg_nano.a(lib_a-errno.o)
 .ARM.attributes
                0x00000672       0x2d c:/program files (x86)/cypress/psoc creator/4.4/psoc creator/import/gnu/arm/5.4.1/bin/../lib/gcc/arm-none-eabi/5.4.1/../../../../arm-none-eabi/lib/armv7-m\libg_nano.a(lib_a-exit.o)
 .ARM.attributes
                0x0000069f       0x2d c:/program files (x86)/cypress/psoc creator/4.4/psoc creator/import/gnu/arm/5.4.1/bin/../lib/gcc/arm-none-eabi/5.4.1/../../../../arm-none-eabi/lib/armv7-m\libg_nano.a(lib_a-impure.o)
 .ARM.attributes
                0x000006cc       0x2d c:/program files (x86)/cypress/psoc creator/4.4/psoc creator/import/gnu/arm/5.4.1/bin/../lib/gcc/arm-none-eabi/5.4.1/../../../../arm-none-eabi/lib/armv7-m\libg_nano.a(lib_a-init.o)
 .ARM.attributes
                0x000006f9       0x2d c:/program files (x86)/cypress/psoc creator/4.4/psoc creator/import/gnu/arm/5.4.1/bin/../lib/gcc/arm-none-eabi/5.4.1/../../../../arm-none-eabi/lib/armv7-m\libg_nano.a(lib_a-memcpy-stub.o)
 .ARM.attributes
                0x00000726       0x2d c:/program files (x86)/cypress/psoc creator/4.4/psoc creator/import/gnu/arm/5.4.1/bin/../lib/gcc/arm-none-eabi/5.4.1/../../../../arm-none-eabi/lib/armv7-m\libg_nano.a(lib_a-memset.o)
 .ARM.attributes
                0x00000753       0x2d c:/program files (x86)/cypress/psoc creator/4.4/psoc creator/import/gnu/arm/5.4.1/bin/../lib/gcc/arm-none-eabi/5.4.1/armv7-m/crtend.o
 .ARM.attributes
                0x00000780       0x1d c:/program files (x86)/cypress/psoc creator/4.4/psoc creator/import/gnu/arm/5.4.1/bin/../lib/gcc/arm-none-eabi/5.4.1/armv7-m/crtn.o

/DISCARD/
 *(.note.GNU-stack)
OUTPUT(C:\Sandbox\Sem2\SDHD\Git\SDHD\Lab3\TestBench.cydsn\CortexM3\ARM_GCC_541\Debug\TestBench.elf elf32-littlearm)
