Archive member included to satisfy reference by file (symbol)

.\CortexM3\ARM_GCC_541\Debug\TestBench.a(LED_RED.o)
                              .\CortexM3\ARM_GCC_541\Debug\statemachine.o (LED_RED_Write)
.\CortexM3\ARM_GCC_541\Debug\TestBench.a(LED_GREEN.o)
                              .\CortexM3\ARM_GCC_541\Debug\statemachine.o (LED_GREEN_Write)
.\CortexM3\ARM_GCC_541\Debug\TestBench.a(CyDmac.o)
                              .\CortexM3\ARM_GCC_541\Debug\Cm3Start.o (CyDmacConfigure)
.\CortexM3\ARM_GCC_541\Debug\TestBench.a(CyLib.o)
                              .\CortexM3\ARM_GCC_541\Debug\Cm3Start.o (CyHalt)
.\CortexM3\ARM_GCC_541\Debug\TestBench.a(cyPm.o)
                              .\CortexM3\ARM_GCC_541\Debug\TestBench.a(CyLib.o) (CyPmReadStatus)
.\CortexM3\ARM_GCC_541\Debug\TestBench.a(LED_ORANGE.o)
                              .\CortexM3\ARM_GCC_541\Debug\statemachine.o (LED_ORANGE_Write)
.\CortexM3\ARM_GCC_541\Debug\TestBench.a(Push_Button.o)
                              .\CortexM3\ARM_GCC_541\Debug\statemachine.o (Push_Button_ClearInterrupt)
.\CortexM3\ARM_GCC_541\Debug\TestBench.a(UART.o)
                              .\CortexM3\ARM_GCC_541\Debug\statemachine.o (UART_Start)
.\CortexM3\ARM_GCC_541\Debug\TestBench.a(UART_IntClock.o)
                              .\CortexM3\ARM_GCC_541\Debug\TestBench.a(UART.o) (UART_IntClock_Start)
.\CortexM3\ARM_GCC_541\Debug\TestBench.a(isr_pushButton.o)
                              .\CortexM3\ARM_GCC_541\Debug\statemachine.o (isr_pushButton_StartEx)
.\CortexM3\ARM_GCC_541\Debug\TestBench.a(ADC_DelSig.o)
                              .\CortexM3\ARM_GCC_541\Debug\statemachine.o (ADC_DelSig_Start)
.\CortexM3\ARM_GCC_541\Debug\TestBench.a(ADC_DelSig_INT.o)
                              .\CortexM3\ARM_GCC_541\Debug\TestBench.a(ADC_DelSig.o) (ADC_DelSig_ISR1)
.\CortexM3\ARM_GCC_541\Debug\TestBench.a(ADC_DelSig_AMux.o)
                              .\CortexM3\ARM_GCC_541\Debug\TestBench.a(ADC_DelSig.o) (ADC_DelSig_AMux_Select)
.\CortexM3\ARM_GCC_541\Debug\TestBench.a(ADC_DelSig_Ext_CP_Clk.o)
                              .\CortexM3\ARM_GCC_541\Debug\TestBench.a(ADC_DelSig.o) (ADC_DelSig_Ext_CP_Clk_SetModeRegister)
.\CortexM3\ARM_GCC_541\Debug\TestBench.a(ADC_DelSig_theACLK.o)
                              .\CortexM3\ARM_GCC_541\Debug\TestBench.a(ADC_DelSig.o) (ADC_DelSig_theACLK_SetModeRegister)
.\CortexM3\ARM_GCC_541\Debug\TestBench.a(isr_UART.o)
                              .\CortexM3\ARM_GCC_541\Debug\statemachine.o (isr_UART_StartEx)
.\CortexM3\ARM_GCC_541\Debug\TestBench.a(WaveDAC.o)
                              .\CortexM3\ARM_GCC_541\Debug\statemachine.o (WaveDAC_Start)
.\CortexM3\ARM_GCC_541\Debug\TestBench.a(WaveDAC_DacClk.o)
                              .\CortexM3\ARM_GCC_541\Debug\TestBench.a(WaveDAC.o) (WaveDAC_DacClk_Start)
.\CortexM3\ARM_GCC_541\Debug\TestBench.a(WaveDAC_Wave1_DMA_dma.o)
                              .\CortexM3\ARM_GCC_541\Debug\TestBench.a(WaveDAC.o) (WaveDAC_Wave1_DMA_DmaInitialize)
.\CortexM3\ARM_GCC_541\Debug\TestBench.a(WaveDAC_Wave2_DMA_dma.o)
                              .\CortexM3\ARM_GCC_541\Debug\TestBench.a(WaveDAC.o) (WaveDAC_Wave2_DMA_DmaInitialize)
.\CortexM3\ARM_GCC_541\Debug\TestBench.a(WaveDAC_VDAC8.o)
                              .\CortexM3\ARM_GCC_541\Debug\TestBench.a(WaveDAC.o) (WaveDAC_VDAC8_Enable)
.\CortexM3\ARM_GCC_541\Debug\TestBench.a(CyBootAsmGnu.o)
                              .\CortexM3\ARM_GCC_541\Debug\cyfitter_cfg.o (CyDelayCycles)
.\CortexM3\ARM_GCC_541\Debug\TestBench.a(CyFlash.o)
                              .\CortexM3\ARM_GCC_541\Debug\TestBench.a(cyPm.o) (CyFlash_SetWaitCycles)
.\CortexM3\ARM_GCC_541\Debug\TestBench.a(CySpc.o)
                              .\CortexM3\ARM_GCC_541\Debug\TestBench.a(CyFlash.o) (CySpcStart)
.\source\asw\fft_application\libfft_application.a(fft_application.o)
                              .\CortexM3\ARM_GCC_541\Debug\statemachine.o (fft_app)
.\source\asw\fft_application\libfft_application.a(arm_rfft_q31.o)
                              .\source\asw\fft_application\libfft_application.a(fft_application.o) (arm_rfft_q31)
.\source\asw\fft_application\libfft_application.a(arm_rfft_init_q31.o)
                              .\source\asw\fft_application\libfft_application.a(fft_application.o) (arm_rfft_init_q31)
.\source\asw\fft_application\libfft_application.a(arm_cfft_q31.o)
                              .\source\asw\fft_application\libfft_application.a(arm_rfft_q31.o) (arm_cfft_q31)
.\source\asw\fft_application\libfft_application.a(arm_cfft_radix4_q31.o)
                              .\source\asw\fft_application\libfft_application.a(arm_cfft_q31.o) (arm_radix4_butterfly_q31)
.\source\asw\fft_application\libfft_application.a(arm_const_structs.o)
                              .\source\asw\fft_application\libfft_application.a(arm_rfft_init_q31.o) (arm_cfft_sR_q31_len4096)
.\source\asw\fft_application\libfft_application.a(arm_bitreversal2.o)
[...]
Memory Configuration

Name             Origin             Length             Attributes
rom              0x00000000         0x00040000         xr
ram              0x1fff8000         0x00010000         xrw
*default*        0x00000000         0xffffffff

Linker script and memory map

LOAD c:/program files (x86)/cypress/psoc creator/4.4/psoc creator/import/gnu/arm/5.4.1/bin/../lib/gcc/arm-none-eabi/5.4.1/armv7-m/crti.o
LOAD c:/program files (x86)/cypress/psoc creator/4.4/psoc creator/import/gnu/arm/5.4.1/bin/../lib/gcc/arm-none-eabi/5.4.1/armv7-m/crtbegin.o
LOAD c:/program files (x86)/cypress/psoc creator/4.4/psoc creator/import/gnu/arm/5.4.1/bin/../lib/gcc/arm-none-eabi/5.4.1/../../../../arm-none-eabi/lib/armv7-m/crt0.o
START GROUP
LOAD .\CortexM3\ARM_GCC_541\Debug\main.o
LOAD .\CortexM3\ARM_GCC_541\Debug\statemachine.o
LOAD .\CortexM3\ARM_GCC_541\Debug\cyfitter_cfg.o
LOAD .\CortexM3\ARM_GCC_541\Debug\cymetadata.o
LOAD .\CortexM3\ARM_GCC_541\Debug\Cm3Start.o
LOAD .\CortexM3\ARM_GCC_541\Debug\TestBench.a
LOAD C:\Program Files (x86)\Cypress\PSoC Creator\4.4\PSoC Creator\psoc\content\cycomponentlibrary\CyComponentLibrary.cylib\CortexM3\ARM_GCC_541\Debug\CyComponentLibrary.a
LOAD .\source\asw\fft_application\libfft_application.a
END GROUP
START GROUP
LOAD c:/program files (x86)/cypress/psoc creator/4.4/psoc creator/import/gnu/arm/5.4.1/bin/../lib/gcc/arm-none-eabi/5.4.1/armv7-m\libgcc.a
LOAD c:/program files (x86)/cypress/psoc creator/4.4/psoc creator/import/gnu/arm/5.4.1/bin/../lib/gcc/arm-none-eabi/5.4.1/../../../../arm-none-eabi/lib/armv7-m\libg_nano.a
LOAD c:/program files (x86)/cypress/psoc creator/4.4/psoc creator/import/gnu/arm/5.4.1/bin/../lib/gcc/arm-none-eabi/5.4.1/../../../../arm-none-eabi/lib/armv7-m\libc_nano.a
END GROUP
START GROUP
LOAD c:/program files (x86)/cypress/psoc creator/4.4/psoc creator/import/gnu/arm/5.4.1/bin/../lib/gcc/arm-none-eabi/5.4.1/armv7-m\libgcc.a
LOAD c:/program files (x86)/cypress/psoc creator/4.4/psoc creator/import/gnu/arm/5.4.1/bin/../lib/gcc/arm-none-eabi/5.4.1/../../../../arm-none-eabi/lib/armv7-m\libc_nano.a
END GROUP
LOAD c:/program files (x86)/cypress/psoc creator/4.4/psoc creator/import/gnu/arm/5.4.1/bin/../lib/gcc/arm-none-eabi/5.4.1/armv7-m/crtend.o
LOAD c:/program files (x86)/cypress/psoc creator/4.4/psoc creator/import/gnu/arm/5.4.1/bin/../lib/gcc/arm-none-eabi/5.4.1/armv7-m/crtn.o
START GROUP
LOAD c:/program files (x86)/cypress/psoc creator/4.4/psoc creator/import/gnu/arm/5.4.1/bin/../lib/gcc/arm-none-eabi/5.4.1/armv7-m\libgcc.a
LOAD c:/program files (x86)/cypress/psoc creator/4.4/psoc creator/import/gnu/arm/5.4.1/bin/../lib/gcc/arm-none-eabi/5.4.1/../../../../arm-none-eabi/lib/armv7-m\libc.a
LOAD c:/program files (x86)/cypress/psoc creator/4.4/psoc creator/import/gnu/arm/5.4.1/bin/../lib/gcc/arm-none-eabi/5.4.1/../../../../arm-none-eabi/lib/armv7-m\libnosys.a
END GROUP
                0x00000000                CY_APPL_ORIGIN = 0x0
                0x00000100                CY_FLASH_ROW_SIZE = 0x100
                0x00000020                CY_ECC_ROW_SIZE = 0x20
                0x00000000                CY_EE_IN_BTLDR = 0x0
                0x00000000                CY_APPL_LOADABLE = 0x0
                0x00000800                CY_EE_SIZE = 0x800
                0x00000001                CY_APPL_NUM = 0x1
                0x00000001                CY_APPL_MAX = 0x1
                0x00000040                CY_METADATA_SIZE = 0x40
                0x00000000                CY_APPL_LOADABLE = 0x0
                0x00000000                CY_CHECKSUM_EXCLUDE_SIZE = ALIGN (0x0, CY_FLASH_ROW_SIZE)
                [!provide]                PROVIDE (__cy_heap_start, _end)
                0x00000001                PROVIDE (__cy_region_num, ((__cy_regions_end - __cy_regions) / 0x10))
                0x20008000                PROVIDE (__cy_stack, (ORIGIN (ram) + LENGTH (ram)))
                [!provide]                PROVIDE (__cy_heap_end, (__cy_stack - 0x800))

.cybootloader   0x00000000        0x0
 *(.cybootloader)
                0x00000000                appl1_start = CY_APPL_ORIGIN?CY_APPL_ORIGIN:ALIGN (CY_FLASH_ROW_SIZE)
                0x0001ff00                appl2_start = (appl1_start + ALIGN ((((LENGTH (rom) - appl1_start) - (0x2 * CY_FLASH_ROW_SIZE)) / 0x2), CY_FLASH_ROW_SIZE))
                0x00000000                appl_start = (CY_APPL_NUM == 0x1)?appl1_start:appl2_start
                0x00000000                ecc_offset = ((appl_start / CY_FLASH_ROW_SIZE) * CY_ECC_ROW_SIZE)
                0x00000000                ee_offset = (CY_APPL_LOADABLE && ! (CY_EE_IN_BTLDR))?((CY_EE_SIZE / CY_APPL_MAX) * (CY_APPL_NUM - 0x1)):0x0
                0x00000800                ee_size = (CY_APPL_LOADABLE && ! (CY_EE_IN_BTLDR))?(CY_EE_SIZE / CY_APPL_MAX):CY_EE_SIZE
                [!provide]                PROVIDE (CY_ECC_OFFSET, ecc_offset)

.text           0x00000000     0x2cf0
 CREATE_OBJECT_SYMBOLS
                0x00000000                PROVIDE (__cy_interrupt_vector, RomVectors)
 *(.romvectors)
 .romvectors    0x00000000       0x10 .\CortexM3\ARM_GCC_541\Debug\Cm3Start.o
                0x00000000                RomVectors
                0x00000001                ASSERT ((. != __cy_interrupt_vector), No interrupt vector)
                0x00000001                ASSERT (CY_APPL_ORIGIN?(SIZEOF (.cybootloader) <= CY_APPL_ORIGIN):0x1, Wrong image location)
                0x00000010                PROVIDE (__cy_reset, Reset)
 *(.text.Reset)
 .text.Reset    0x00000010       0x18 .\CortexM3\ARM_GCC_541\Debug\Cm3Start.o
                0x00000010                Reset
                0x00000001                ASSERT ((. != __cy_reset), No reset code)
 *(.dma_init)
                0x00000001                ASSERT ((((appl_start + .) <= 0x10000) || 0x1), DMA Init must be within the first 64k of flash)
 *(.text .text.* .gnu.linkonce.t.*)
 .text          0x00000028       0x5c c:/program files (x86)/cypress/psoc creator/4.4/psoc creator/import/gnu/arm/5.4.1/bin/../lib/gcc/arm-none-eabi/5.4.1/armv7-m/crtbegin.o
 .text.main     0x00000084       0x20 .\CortexM3\ARM_GCC_541\Debug\main.o
                0x00000084                main
 .text.isr_UART
                0x000000a4       0x2c .\CortexM3\ARM_GCC_541\Debug\statemachine.o
                0x000000a4                isr_UART
 .text.isr_pushButton
                0x000000d0       0x1c .\CortexM3\ARM_GCC_541\Debug\statemachine.o
                0x000000d0                isr_pushButton
 .text.init_func
                0x000000ec       0x28 .\CortexM3\ARM_GCC_541\Debug\statemachine.o
                0x000000ec                init_func
 .text.statemachine
                0x00000114      0x128 .\CortexM3\ARM_GCC_541\Debug\statemachine.o
                0x00000114                statemachine
 .text.CyClockStartupError
                0x0000023c        0x4 .\CortexM3\ARM_GCC_541\Debug\cyfitter_cfg.o
 .text.cfg_write_bytes32
                0x00000240       0x34 .\CortexM3\ARM_GCC_541\Debug\cyfitter_cfg.o
 .text.AnalogSetDefault
                0x00000274       0x40 .\CortexM3\ARM_GCC_541\Debug\cyfitter_cfg.o
 .text.CYMEMZERO
                0x000002b4        0xc .\CortexM3\ARM_GCC_541\Debug\cyfitter_cfg.o
 .text.CYCONFIGCPY
                0x000002c0        0x8 .\CortexM3\ARM_GCC_541\Debug\cyfitter_cfg.o
 .text.ClockSetup
                0x000002c8      0x100 .\CortexM3\ARM_GCC_541\Debug\cyfitter_cfg.o
 .text.ADC_DelSig_AMux_Set
                0x000003c8       0x1c .\CortexM3\ARM_GCC_541\Debug\cyfitter_cfg.o
                0x000003c8                ADC_DelSig_AMux_Set
 .text.ADC_DelSig_AMux_Unset
                0x000003e4       0x1c .\CortexM3\ARM_GCC_541\Debug\cyfitter_cfg.o
                0x000003e4                ADC_DelSig_AMux_Unset
 .text.cyfitter_cfg
                0x00000400      0x130 .\CortexM3\ARM_GCC_541\Debug\cyfitter_cfg.o
                0x00000400                cyfitter_cfg
 .text.IntDefaultHandler
                0x00000530       0x10 .\CortexM3\ARM_GCC_541\Debug\Cm3Start.o
                0x00000530                IntDefaultHandler
 .text._sbrk    0x00000540       0x30 .\CortexM3\ARM_GCC_541\Debug\Cm3Start.o
                0x00000540                _sbrk
 .text.Start_c  0x00000570       0x4c .\CortexM3\ARM_GCC_541\Debug\Cm3Start.o
                0x00000570                Start_c
 .text.initialize_psoc
                0x000005bc       0x6c .\CortexM3\ARM_GCC_541\Debug\Cm3Start.o
                0x000005bc                initialize_psoc
 .text.LED_RED_Write
                0x00000628       0x18 .\CortexM3\ARM_GCC_541\Debug\TestBench.a(LED_RED.o)
                0x00000628                LED_RED_Write
 .text.LED_GREEN_Write
                0x00000640       0x18 .\CortexM3\ARM_GCC_541\Debug\TestBench.a(LED_GREEN.o)
                0x00000640                LED_GREEN_Write
 .text.CyDmacConfigure
                0x00000658       0x34 .\CortexM3\ARM_GCC_541\Debug\TestBench.a(CyDmac.o)
                0x00000658                CyDmacConfigure
 .text.CyDmaChEnable
                0x0000068c       0x38 .\CortexM3\ARM_GCC_541\Debug\TestBench.a(CyDmac.o)
                0x0000068c                CyDmaChEnable
 .text.CyDmaChPriority
                0x000006c4       0x24 .\CortexM3\ARM_GCC_541\Debug\TestBench.a(CyDmac.o)
                0x000006c4                CyDmaChPriority
 .text.CyDmaChSetExtendedAddress
                0x000006e8       0x34 .\CortexM3\ARM_GCC_541\Debug\TestBench.a(CyDmac.o)
                0x000006e8                CyDmaChSetExtendedAddress
 .text.CyDmaChSetInitialTd
                0x0000071c       0x18 .\CortexM3\ARM_GCC_541\Debug\TestBench.a(CyDmac.o)
                0x0000071c                CyDmaChSetInitialTd
 .text.CyDmaChSetConfiguration
                0x00000734       0x44 .\CortexM3\ARM_GCC_541\Debug\TestBench.a(CyDmac.o)
                0x00000734                CyDmaChSetConfiguration
 .text.CyDmaTdAllocate
                0x00000778       0x34 .\CortexM3\ARM_GCC_541\Debug\TestBench.a(CyDmac.o)
                0x00000778                CyDmaTdAllocate
 .text.CyDmaTdSetConfiguration
                0x000007ac       0x28 .\CortexM3\ARM_GCC_541\Debug\TestBench.a(CyDmac.o)
                0x000007ac                CyDmaTdSetConfiguration
 .text.CyDmaTdSetAddress
                0x000007d4       0x1c .\CortexM3\ARM_GCC_541\Debug\TestBench.a(CyDmac.o)
                0x000007d4                CyDmaTdSetAddress
 .text.CyHalt   0x000007f0        0x4 .\CortexM3\ARM_GCC_541\Debug\TestBench.a(CyLib.o)
                0x000007f0                CyHalt
 .text.CyDelayUs
                0x000007f4       0x14 .\CortexM3\ARM_GCC_541\Debug\TestBench.a(CyLib.o)
                0x000007f4                CyDelayUs
 .text.CyIntSetVector
                0x00000808       0x28 .\CortexM3\ARM_GCC_541\Debug\TestBench.a(CyLib.o)
                0x00000808                CyIntSetVector
 .text.CyIntSetPriority
                0x00000830       0x30 .\CortexM3\ARM_GCC_541\Debug\TestBench.a(CyLib.o)
                0x00000830                CyIntSetPriority
 .text.LED_ORANGE_Write
                0x00000860       0x18 .\CortexM3\ARM_GCC_541\Debug\TestBench.a(LED_ORANGE.o)
                0x00000860                LED_ORANGE_Write
 .text.Push_Button_ClearInterrupt
                0x00000878       0x10 .\CortexM3\ARM_GCC_541\Debug\TestBench.a(Push_Button.o)
                0x00000878                Push_Button_ClearInterrupt
 .text.UART_Init
                0x00000888       0x24 .\CortexM3\ARM_GCC_541\Debug\TestBench.a(UART.o)
                0x00000888                UART_Init
 .text.UART_Enable
                0x000008ac       0x38 .\CortexM3\ARM_GCC_541\Debug\TestBench.a(UART.o)
                0x000008ac                UART_Enable
 .text.UART_Start
                0x000008e4       0x1c .\CortexM3\ARM_GCC_541\Debug\TestBench.a(UART.o)
                0x000008e4                UART_Start
 .text.UART_GetChar
                0x00000900       0x2c .\CortexM3\ARM_GCC_541\Debug\TestBench.a(UART.o)
                0x00000900                UART_GetChar
 .text.UART_PutChar
                0x0000092c       0x18 .\CortexM3\ARM_GCC_541\Debug\TestBench.a(UART.o)
                0x0000092c                UART_PutChar
 .text.UART_IntClock_Start
                0x00000944       0x1c .\CortexM3\ARM_GCC_541\Debug\TestBench.a(UART_IntClock.o)
                0x00000944                UART_IntClock_Start
 .text.isr_pushButton_SetVector
                0x00000960        0xc .\CortexM3\ARM_GCC_541\Debug\TestBench.a(isr_pushButton.o)
                0x00000960                isr_pushButton_SetVector
 .text.isr_pushButton_SetPriority
                0x0000096c       0x10 .\CortexM3\ARM_GCC_541\Debug\TestBench.a(isr_pushButton.o)
                0x0000096c                isr_pushButton_SetPriority
 .text.isr_pushButton_Enable
                0x0000097c        0xc .\CortexM3\ARM_GCC_541\Debug\TestBench.a(isr_pushButton.o)
                0x0000097c                isr_pushButton_Enable
 .text.isr_pushButton_Disable
                0x00000988        0xc .\CortexM3\ARM_GCC_541\Debug\TestBench.a(isr_pushButton.o)
                0x00000988                isr_pushButton_Disable
 .text.isr_pushButton_StartEx
                0x00000994       0x1c .\CortexM3\ARM_GCC_541\Debug\TestBench.a(isr_pushButton.o)
                0x00000994                isr_pushButton_StartEx
 .text.ADC_DelSig_GainCompensation
                0x000009b0       0xe0 .\CortexM3\ARM_GCC_541\Debug\TestBench.a(ADC_DelSig.o)
 .text.ADC_DelSig_SetDSMRef0Reg
                0x00000a90       0x4c .\CortexM3\ARM_GCC_541\Debug\TestBench.a(ADC_DelSig.o)
 .text.ADC_DelSig_InitConfig
                0x00000adc      0x338 .\CortexM3\ARM_GCC_541\Debug\TestBench.a(ADC_DelSig.o)
 .text.ADC_DelSig_Init
                0x00000e14      0x108 .\CortexM3\ARM_GCC_541\Debug\TestBench.a(ADC_DelSig.o)
                0x00000e14                ADC_DelSig_Init
 .text.ADC_DelSig_Enable
                0x00000f1c       0xd8 .\CortexM3\ARM_GCC_541\Debug\TestBench.a(ADC_DelSig.o)
                0x00000f1c                ADC_DelSig_Enable
 .text.ADC_DelSig_Start
                0x00000ff4       0x28 .\CortexM3\ARM_GCC_541\Debug\TestBench.a(ADC_DelSig.o)
                0x00000ff4                ADC_DelSig_Start
 .text.ADC_DelSig_StartConvert
                0x0000101c       0x10 .\CortexM3\ARM_GCC_541\Debug\TestBench.a(ADC_DelSig.o)
                0x0000101c                ADC_DelSig_StartConvert
 .text.ADC_DelSig_IsEndConversion
                0x0000102c       0x30 .\CortexM3\ARM_GCC_541\Debug\TestBench.a(ADC_DelSig.o)
                0x0000102c                ADC_DelSig_IsEndConversion
 .text.ADC_DelSig_GetResult32
                0x0000105c       0x6c .\CortexM3\ARM_GCC_541\Debug\TestBench.a(ADC_DelSig.o)
                0x0000105c                ADC_DelSig_GetResult32
 .text.ADC_DelSig_ISR1
                0x000010c8        0x4 .\CortexM3\ARM_GCC_541\Debug\TestBench.a(ADC_DelSig_INT.o)
                0x000010c8                ADC_DelSig_ISR1
 .text.ADC_DelSig_ISR2
                0x000010cc        0x4 .\CortexM3\ARM_GCC_541\Debug\TestBench.a(ADC_DelSig_INT.o)
                0x000010cc                ADC_DelSig_ISR2
 .text.ADC_DelSig_ISR3
                0x000010d0        0x4 .\CortexM3\ARM_GCC_541\Debug\TestBench.a(ADC_DelSig_INT.o)
                0x000010d0                ADC_DelSig_ISR3
 .text.ADC_DelSig_ISR4
                0x000010d4        0x4 .\CortexM3\ARM_GCC_541\Debug\TestBench.a(ADC_DelSig_INT.o)
                0x000010d4                ADC_DelSig_ISR4
 .text.ADC_DelSig_AMux_Start
                0x000010d8       0x20 .\CortexM3\ARM_GCC_541\Debug\TestBench.a(ADC_DelSig_AMux.o)
                0x000010d8                ADC_DelSig_AMux_Start
 .text.ADC_DelSig_AMux_Select
                0x000010f8       0x18 .\CortexM3\ARM_GCC_541\Debug\TestBench.a(ADC_DelSig_AMux.o)
                0x000010f8                ADC_DelSig_AMux_Select
 .text.ADC_DelSig_Ext_CP_Clk_GetDividerRegister
                0x00001110        0xc .\CortexM3\ARM_GCC_541\Debug\TestBench.a(ADC_DelSig_Ext_CP_Clk.o)
                0x00001110                ADC_DelSig_Ext_CP_Clk_GetDividerRegister
 .text.ADC_DelSig_Ext_CP_Clk_SetModeRegister
                0x0000111c       0x14 .\CortexM3\ARM_GCC_541\Debug\TestBench.a(ADC_DelSig_Ext_CP_Clk.o)
                0x0000111c                ADC_DelSig_Ext_CP_Clk_SetModeRegister
 .text.ADC_DelSig_Ext_CP_Clk_GetSourceRegister
                0x00001130       0x10 .\CortexM3\ARM_GCC_541\Debug\TestBench.a(ADC_DelSig_Ext_CP_Clk.o)
                0x00001130                ADC_DelSig_Ext_CP_Clk_GetSourceRegister
 .text.ADC_DelSig_Ext_CP_Clk_SetDividerRegister
                0x00001140       0xd8 .\CortexM3\ARM_GCC_541\Debug\TestBench.a(ADC_DelSig_Ext_CP_Clk.o)
                0x00001140                ADC_DelSig_Ext_CP_Clk_SetDividerRegister
 .text.ADC_DelSig_theACLK_GetDividerRegister
                0x00001218        0xc .\CortexM3\ARM_GCC_541\Debug\TestBench.a(ADC_DelSig_theACLK.o)
                0x00001218                ADC_DelSig_theACLK_GetDividerRegister
 .text.ADC_DelSig_theACLK_SetModeRegister
                0x00001224       0x14 .\CortexM3\ARM_GCC_541\Debug\TestBench.a(ADC_DelSig_theACLK.o)
                0x00001224                ADC_DelSig_theACLK_SetModeRegister
 .text.ADC_DelSig_theACLK_GetSourceRegister
                0x00001238       0x10 .\CortexM3\ARM_GCC_541\Debug\TestBench.a(ADC_DelSig_theACLK.o)
                0x00001238                ADC_DelSig_theACLK_GetSourceRegister
 .text.ADC_DelSig_theACLK_SetDividerRegister
                0x00001248       0xd8 .\CortexM3\ARM_GCC_541\Debug\TestBench.a(ADC_DelSig_theACLK.o)
                0x00001248                ADC_DelSig_theACLK_SetDividerRegister
 .text.isr_UART_SetVector
                0x00001320        0xc .\CortexM3\ARM_GCC_541\Debug\TestBench.a(isr_UART.o)
                0x00001320                isr_UART_SetVector
 .text.isr_UART_SetPriority
                0x0000132c       0x10 .\CortexM3\ARM_GCC_541\Debug\TestBench.a(isr_UART.o)
                0x0000132c                isr_UART_SetPriority
 .text.isr_UART_Enable
                0x0000133c        0xc .\CortexM3\ARM_GCC_541\Debug\TestBench.a(isr_UART.o)
                0x0000133c                isr_UART_Enable
 .text.isr_UART_Disable
                0x00001348        0xc .\CortexM3\ARM_GCC_541\Debug\TestBench.a(isr_UART.o)
                0x00001348                isr_UART_Disable
 .text.isr_UART_StartEx
                0x00001354       0x1c .\CortexM3\ARM_GCC_541\Debug\TestBench.a(isr_UART.o)
                0x00001354                isr_UART_StartEx
 .text.isr_UART_ClearPending
                0x00001370        0xc .\CortexM3\ARM_GCC_541\Debug\TestBench.a(isr_UART.o)
                0x00001370                isr_UART_ClearPending
 .text.WaveDAC_Enable
                0x0000137c       0x28 .\CortexM3\ARM_GCC_541\Debug\TestBench.a(WaveDAC.o)
                0x0000137c                WaveDAC_Enable
 .text.WaveDAC_Wave1Setup
                0x000013a4       0x40 .\CortexM3\ARM_GCC_541\Debug\TestBench.a(WaveDAC.o)
                0x000013a4                WaveDAC_Wave1Setup
 .text.WaveDAC_Wave2Setup
                0x000013e4       0x40 .\CortexM3\ARM_GCC_541\Debug\TestBench.a(WaveDAC.o)
                0x000013e4                WaveDAC_Wave2Setup
 .text.WaveDAC_Init
                0x00001424       0x40 .\CortexM3\ARM_GCC_541\Debug\TestBench.a(WaveDAC.o)
                0x00001424                WaveDAC_Init
 .text.WaveDAC_Start
                0x00001464       0x1c .\CortexM3\ARM_GCC_541\Debug\TestBench.a(WaveDAC.o)
                0x00001464                WaveDAC_Start
 .text.WaveDAC_DacClk_Start
                0x00001480       0x1c .\CortexM3\ARM_GCC_541\Debug\TestBench.a(WaveDAC_DacClk.o)
                0x00001480                WaveDAC_DacClk_Start
 .text.WaveDAC_Wave1_DMA_DmaInitialize
                0x0000149c       0x3c .\CortexM3\ARM_GCC_541\Debug\TestBench.a(WaveDAC_Wave1_DMA_dma.o)
                0x0000149c                WaveDAC_Wave1_DMA_DmaInitialize
 .text.WaveDAC_Wave2_DMA_DmaInitialize
                0x000014d8       0x3c .\CortexM3\ARM_GCC_541\Debug\TestBench.a(WaveDAC_Wave2_DMA_dma.o)
                0x000014d8                WaveDAC_Wave2_DMA_DmaInitialize
 .text.WaveDAC_VDAC8_Enable
                0x00001514       0x1c .\CortexM3\ARM_GCC_541\Debug\TestBench.a(WaveDAC_VDAC8.o)
                0x00001514                WaveDAC_VDAC8_Enable
 .text.WaveDAC_VDAC8_SetSpeed
                0x00001530       0x1c .\CortexM3\ARM_GCC_541\Debug\TestBench.a(WaveDAC_VDAC8.o)
                0x00001530                WaveDAC_VDAC8_SetSpeed
 .text.WaveDAC_VDAC8_SetValue
                0x0000154c        0xc .\CortexM3\ARM_GCC_541\Debug\TestBench.a(WaveDAC_VDAC8.o)
                0x0000154c                WaveDAC_VDAC8_SetValue
 .text.WaveDAC_VDAC8_DacTrim
                0x00001558       0x24 .\CortexM3\ARM_GCC_541\Debug\TestBench.a(WaveDAC_VDAC8.o)
                0x00001558                WaveDAC_VDAC8_DacTrim
 .text.WaveDAC_VDAC8_SetRange
                0x0000157c       0x20 .\CortexM3\ARM_GCC_541\Debug\TestBench.a(WaveDAC_VDAC8.o)
                0x0000157c                WaveDAC_VDAC8_SetRange
 .text.WaveDAC_VDAC8_Init
                0x0000159c       0x2c .\CortexM3\ARM_GCC_541\Debug\TestBench.a(WaveDAC_VDAC8.o)
                0x0000159c                WaveDAC_VDAC8_Init
 .text          0x000015c8       0x20 .\CortexM3\ARM_GCC_541\Debug\TestBench.a(CyBootAsmGnu.o)
                0x000015c8                CyDelayCycles
                0x000015d8                CyEnterCriticalSection
                0x000015e0                CyExitCriticalSection
 .text.fft_app  0x000015e8       0x44 .\source\asw\fft_application\libfft_application.a(fft_application.o)
                0x000015e8                fft_app
 .text.arm_split_rfft_q31
                0x0000162c      0x21c .\source\asw\fft_application\libfft_application.a(arm_rfft_q31.o)
                0x0000162c                arm_split_rfft_q31
 .text.arm_split_rifft_q31
                0x00001848      0x1bc .\source\asw\fft_application\libfft_application.a(arm_rfft_q31.o)
                0x00001848                arm_split_rifft_q31
 .text.arm_rfft_q31
                0x00001a04       0x70 .\source\asw\fft_application\libfft_application.a(arm_rfft_q31.o)
                0x00001a04                arm_rfft_q31
 .text.arm_rfft_init_q31
                0x00001a74       0xf0 .\source\asw\fft_application\libfft_application.a(arm_rfft_init_q31.o)
                0x00001a74                arm_rfft_init_q31
 .text.arm_cfft_radix4by2_q31
                0x00001b64      0x18c .\source\asw\fft_application\libfft_application.a(arm_cfft_q31.o)
                0x00001b64                arm_cfft_radix4by2_q31
 .text.arm_cfft_radix4by2_inverse_q31
                0x00001cf0      0x18c .\source\asw\fft_application\libfft_application.a(arm_cfft_q31.o)
                0x00001cf0                arm_cfft_radix4by2_inverse_q31
 .text.arm_cfft_q31
                0x00001e7c       0xbc .\source\asw\fft_application\libfft_application.a(arm_cfft_q31.o)
                0x00001e7c                arm_cfft_q31
 .text.arm_radix4_butterfly_q31
                0x00001f38      0x570 .\source\asw\fft_application\libfft_application.a(arm_cfft_radix4_q31.o)
                0x00001f38                arm_radix4_butterfly_q31
 .text.arm_radix4_butterfly_inverse_q31
                0x000024a8      0x570 .\source\asw\fft_application\libfft_application.a(arm_cfft_radix4_q31.o)
                0x000024a8                arm_radix4_butterfly_inverse_q31
 .text          0x00002a18       0xc0 .\source\asw\fft_application\libfft_application.a(arm_bitreversal2.o)
                0x00002a18                arm_bitreversal_32
                0x00002a82                arm_bitreversal_16
 .text.__errno  0x00002ad8        0xc c:/program files (x86)/cypress/psoc creator/4.4/psoc creator/import/gnu/arm/5.4.1/bin/../lib/gcc/arm-none-eabi/5.4.1/../../../../arm-none-eabi/lib/armv7-m\libg_nano.a(lib_a-errno.o)
                0x00002ad8                __errno
 .text.__libc_init_array
                0x00002ae4       0x4c c:/program files (x86)/cypress/psoc creator/4.4/psoc creator/import/gnu/arm/5.4.1/bin/../lib/gcc/arm-none-eabi/5.4.1/../../../../arm-none-eabi/lib/armv7-m\libg_nano.a(lib_a-init.o)
                0x00002ae4                __libc_init_array
 .text.malloc   0x00002b30       0x10 c:/program files (x86)/cypress/psoc creator/4.4/psoc creator/import/gnu/arm/5.4.1/bin/../lib/gcc/arm-none-eabi/5.4.1/../../../../arm-none-eabi/lib/armv7-m\libg_nano.a(lib_a-malloc.o)
                0x00002b30                malloc
 .text.free     0x00002b40       0x10 c:/program files (x86)/cypress/psoc creator/4.4/psoc creator/import/gnu/arm/5.4.1/bin/../lib/gcc/arm-none-eabi/5.4.1/../../../../arm-none-eabi/lib/armv7-m\libg_nano.a(lib_a-malloc.o)
                0x00002b40                free
 .text.memcpy   0x00002b50       0x16 c:/program files (x86)/cypress/psoc creator/4.4/psoc creator/import/gnu/arm/5.4.1/bin/../lib/gcc/arm-none-eabi/5.4.1/../../../../arm-none-eabi/lib/armv7-m\libg_nano.a(lib_a-memcpy-stub.o)
                0x00002b50                memcpy
 .text.memset   0x00002b66       0x10 c:/program files (x86)/cypress/psoc creator/4.4/psoc creator/import/gnu/arm/5.4.1/bin/../lib/gcc/arm-none-eabi/5.4.1/../../../../arm-none-eabi/lib/armv7-m\libg_nano.a(lib_a-memset.o)
                0x00002b66                memset
 *fill*         0x00002b76        0x2 
 .text._free_r  0x00002b78       0x98 c:/program files (x86)/cypress/psoc creator/4.4/psoc creator/import/gnu/arm/5.4.1/bin/../lib/gcc/arm-none-eabi/5.4.1/../../../../arm-none-eabi/lib/armv7-m\libg_nano.a(lib_a-nano-freer.o)
                0x00002b78                _free_r
 .text._malloc_r
                0x00002c10       0xbc c:/program files (x86)/cypress/psoc creator/4.4/psoc creator/import/gnu/arm/5.4.1/bin/../lib/gcc/arm-none-eabi/5.4.1/../../../../arm-none-eabi/lib/armv7-m\libg_nano.a(lib_a-nano-mallocr.o)
                0x00002c10                _malloc_r
 .text._sbrk_r  0x00002ccc       0x20 c:/program files (x86)/cypress/psoc creator/4.4/psoc creator/import/gnu/arm/5.4.1/bin/../lib/gcc/arm-none-eabi/5.4.1/../../../../arm-none-eabi/lib/armv7-m\libg_nano.a(lib_a-sbrkr.o)
                0x00002ccc                _sbrk_r
 .text.__malloc_lock
                0x00002cec        0x2 c:/program files (x86)/cypress/psoc creator/4.4/psoc creator/import/gnu/arm/5.4.1/bin/../lib/gcc/arm-none-eabi/5.4.1/../../../../arm-none-eabi/lib/armv7-m\libg_nano.a(lib_a-mlock.o)
                0x00002cec                __malloc_lock
 .text.__malloc_unlock
                0x00002cee        0x2 c:/program files (x86)/cypress/psoc creator/4.4/psoc creator/import/gnu/arm/5.4.1/bin/../lib/gcc/arm-none-eabi/5.4.1/../../../../arm-none-eabi/lib/armv7-m\libg_nano.a(lib_a-mlock.o)
                0x00002cee                __malloc_unlock
 *(.plt)
 *(.gnu.warning)
 *(.glue_7t)
 .glue_7t       0x00002cf0        0x0 linker stubs
 *(.glue_7)
 .glue_7        0x00002cf0        0x0 linker stubs
 *(.vfp11_veneer)
 .vfp11_veneer  0x00002cf0        0x0 linker stubs
 *(.bootloader)
 *(.ARM.extab* .gnu.linkonce.armextab.*)
 *(.gcc_except_table)

.v4_bx          0x00002cf0        0x0
 .v4_bx         0x00002cf0        0x0 linker stubs

.iplt           0x00002cf0        0x0
 .iplt          0x00002cf0        0x0 c:/program files (x86)/cypress/psoc creator/4.4/psoc creator/import/gnu/arm/5.4.1/bin/../lib/gcc/arm-none-eabi/5.4.1/armv7-m/crtbegin.o

.eh_frame_hdr
 *(.eh_frame_hdr)

.eh_frame       0x00002cf0        0x4
 *(.eh_frame)
 .eh_frame      0x00002cf0        0x0 c:/program files (x86)/cypress/psoc creator/4.4/psoc creator/import/gnu/arm/5.4.1/bin/../lib/gcc/arm-none-eabi/5.4.1/armv7-m/crtbegin.o
 .eh_frame      0x00002cf0        0x4 c:/program files (x86)/cypress/psoc creator/4.4/psoc creator/import/gnu/arm/5.4.1/bin/../lib/gcc/arm-none-eabi/5.4.1/armv7-m/crtend.o
                [!provide]                PROVIDE (__exidx_start, .)

.ARM.exidx
 *(.ARM.exidx* .gnu.linkonce.armexidx.*)
                0x00002cf4                __exidx_end = .

.rodata         0x00002cf4    0x202fc
 *(.rodata .rodata.* .gnu.linkonce.r.*)
 .rodata        0x00002cf4       0x4e .\CortexM3\ARM_GCC_541\Debug\cyfitter_cfg.o
                0x00002cf4                ADC_DelSig_AMux__addrTable
                0x00002cfc                ADC_DelSig_AMux__maskTable
 *fill*         0x00002d42        0x2 
 .rodata        0x00002d44      0x44c .\CortexM3\ARM_GCC_541\Debug\TestBench.a(WaveDAC.o)
                0x00002d44                WaveDAC_wave1
                0x0000312c                WaveDAC_wave2
 .rodata.realCoefAQ31
                0x00003190     0x8000 .\source\asw\fft_application\libfft_application.a(arm_rfft_init_q31.o)
                0x00003190                realCoefAQ31
 .rodata.realCoefBQ31
                0x0000b190     0x8000 .\source\asw\fft_application\libfft_application.a(arm_rfft_init_q31.o)
                0x0000b190                realCoefBQ31
 .rodata.arm_cfft_sR_q31_len32
                0x00013190       0x10 .\source\asw\fft_application\libfft_application.a(arm_const_structs.o)
                0x00013190                arm_cfft_sR_q31_len32
 .rodata.arm_cfft_sR_q31_len512
                0x000131a0       0x10 .\source\asw\fft_application\libfft_application.a(arm_const_structs.o)
                0x000131a0                arm_cfft_sR_q31_len512
 .rodata.arm_cfft_sR_q31_len16
                0x000131b0       0x10 .\source\asw\fft_application\libfft_application.a(arm_const_structs.o)
                0x000131b0                arm_cfft_sR_q31_len16
 .rodata.arm_cfft_sR_q31_len256
                0x000131c0       0x10 .\source\asw\fft_application\libfft_application.a(arm_const_structs.o)
                0x000131c0                arm_cfft_sR_q31_len256
 .rodata.arm_cfft_sR_q31_len1024
                0x000131d0       0x10 .\source\asw\fft_application\libfft_application.a(arm_const_structs.o)
                0x000131d0                arm_cfft_sR_q31_len1024
 .rodata.arm_cfft_sR_q31_len64
                0x000131e0       0x10 .\source\asw\fft_application\libfft_application.a(arm_const_structs.o)
                0x000131e0                arm_cfft_sR_q31_len64
 .rodata.arm_cfft_sR_q31_len128
                0x000131f0       0x10 .\source\asw\fft_application\libfft_application.a(arm_const_structs.o)
                0x000131f0                arm_cfft_sR_q31_len128
 .rodata.arm_cfft_sR_q31_len2048
                0x00013200       0x10 .\source\asw\fft_application\libfft_application.a(arm_const_structs.o)
                0x00013200                arm_cfft_sR_q31_len2048
 .rodata.arm_cfft_sR_q31_len4096
                0x00013210       0x10 .\source\asw\fft_application\libfft_application.a(arm_const_structs.o)
                0x00013210                arm_cfft_sR_q31_len4096
 .rodata.armBitRevIndexTable_fixed_128
                0x00013220       0xe0 .\source\asw\fft_application\libfft_application.a(arm_common_tables.o)
                0x00013220                armBitRevIndexTable_fixed_128
 .rodata.armBitRevIndexTable_fixed_2048
                0x00013300      0xf80 .\source\asw\fft_application\libfft_application.a(arm_common_tables.o)
                0x00013300                armBitRevIndexTable_fixed_2048
 .rodata.twiddleCoef_32_q31
                0x00014280       0xc0 .\source\asw\fft_application\libfft_application.a(arm_common_tables.o)
                0x00014280                twiddleCoef_32_q31
 .rodata.armBitRevIndexTable_fixed_4096
                0x00014340     0x1f80 .\source\asw\fft_application\libfft_application.a(arm_common_tables.o)
                0x00014340                armBitRevIndexTable_fixed_4096
 .rodata.armBitRevIndexTable_fixed_1024
                0x000162c0      0x7c0 .\source\asw\fft_application\libfft_application.a(arm_common_tables.o)
                0x000162c0                armBitRevIndexTable_fixed_1024
 .rodata.twiddleCoef_1024_q31
                0x00016a80     0x1800 .\source\asw\fft_application\libfft_application.a(arm_common_tables.o)
                0x00016a80                twiddleCoef_1024_q31
 .rodata.twiddleCoef_4096_q31
                0x00018280     0x6000 .\source\asw\fft_application\libfft_application.a(arm_common_tables.o)
                0x00018280                twiddleCoef_4096_q31
 .rodata.twiddleCoef_16_q31
                0x0001e280       0x60 .\source\asw\fft_application\libfft_application.a(arm_common_tables.o)
                0x0001e280                twiddleCoef_16_q31
 .rodata.twiddleCoef_64_q31
                0x0001e2e0      0x180 .\source\asw\fft_application\libfft_application.a(arm_common_tables.o)
                0x0001e2e0                twiddleCoef_64_q31
 .rodata.twiddleCoef_2048_q31
                0x0001e460     0x3000 .\source\asw\fft_application\libfft_application.a(arm_common_tables.o)
                0x0001e460                twiddleCoef_2048_q31
 .rodata.twiddleCoef_256_q31
                0x00021460      0x600 .\source\asw\fft_application\libfft_application.a(arm_common_tables.o)
                0x00021460                twiddleCoef_256_q31
 .rodata.twiddleCoef_512_q31
                0x00021a60      0xc00 .\source\asw\fft_application\libfft_application.a(arm_common_tables.o)
                0x00021a60                twiddleCoef_512_q31
 .rodata.armBitRevIndexTable_fixed_512
                0x00022660      0x3c0 .\source\asw\fft_application\libfft_application.a(arm_common_tables.o)
                0x00022660                armBitRevIndexTable_fixed_512
 .rodata.armBitRevIndexTable_fixed_16
                0x00022a20       0x18 .\source\asw\fft_application\libfft_application.a(arm_common_tables.o)
                0x00022a20                armBitRevIndexTable_fixed_16
 .rodata.armBitRevIndexTable_fixed_32
                0x00022a38       0x30 .\source\asw\fft_application\libfft_application.a(arm_common_tables.o)
                0x00022a38                armBitRevIndexTable_fixed_32
 .rodata.armBitRevIndexTable_fixed_256
                0x00022a68      0x1e0 .\source\asw\fft_application\libfft_application.a(arm_common_tables.o)
                0x00022a68                armBitRevIndexTable_fixed_256
 .rodata.armBitRevIndexTable_fixed_64
                0x00022c48       0x70 .\source\asw\fft_application\libfft_application.a(arm_common_tables.o)
                0x00022c48                armBitRevIndexTable_fixed_64
 .rodata.twiddleCoef_128_q31
                0x00022cb8      0x300 .\source\asw\fft_application\libfft_application.a(arm_common_tables.o)
                0x00022cb8                twiddleCoef_128_q31
 .rodata.str1.1
                0x00022fb8        0x2 c:/program files (x86)/cypress/psoc creator/4.4/psoc creator/import/gnu/arm/5.4.1/bin/../lib/gcc/arm-none-eabi/5.4.1/../../../../arm-none-eabi/lib/armv7-m\libg_nano.a(lib_a-impure.o)
                0x00022fbc                . = ALIGN (0x4)
 *fill*         0x00022fba        0x2 
 *(.init)
 .init          0x00022fbc        0x4 c:/program files (x86)/cypress/psoc creator/4.4/psoc creator/import/gnu/arm/5.4.1/bin/../lib/gcc/arm-none-eabi/5.4.1/armv7-m/crti.o
                0x00022fbc                _init
 .init          0x00022fc0        0x8 c:/program files (x86)/cypress/psoc creator/4.4/psoc creator/import/gnu/arm/5.4.1/bin/../lib/gcc/arm-none-eabi/5.4.1/armv7-m/crtn.o
                0x00022fc8                . = ALIGN (0x4)
                0x00022fc8                __preinit_array_start = .
 *(.preinit_array)
                0x00022fc8                __preinit_array_end = .
                0x00022fc8                . = ALIGN (0x4)
                0x00022fc8                __init_array_start = .
 *(SORT(.init_array.*))
 *(.init_array)
 .init_array    0x00022fc8        0x4 c:/program files (x86)/cypress/psoc creator/4.4/psoc creator/import/gnu/arm/5.4.1/bin/../lib/gcc/arm-none-eabi/5.4.1/armv7-m/crtbegin.o
 .init_array    0x00022fcc        0x4 .\CortexM3\ARM_GCC_541\Debug\Cm3Start.o
                0x00022fd0                __init_array_end = .
                0x00022fd0                . = ALIGN (0x4)
 *(.fini)
 .fini          0x00022fd0        0x4 c:/program files (x86)/cypress/psoc creator/4.4/psoc creator/import/gnu/arm/5.4.1/bin/../lib/gcc/arm-none-eabi/5.4.1/armv7-m/crti.o
                0x00022fd0                _fini
 .fini          0x00022fd4        0x8 c:/program files (x86)/cypress/psoc creator/4.4/psoc creator/import/gnu/arm/5.4.1/bin/../lib/gcc/arm-none-eabi/5.4.1/armv7-m/crtn.o
                0x00022fdc                . = ALIGN (0x4)
                0x00022fdc                __fini_array_start = .
 *(.fini_array)
 .fini_array    0x00022fdc        0x4 c:/program files (x86)/cypress/psoc creator/4.4/psoc creator/import/gnu/arm/5.4.1/bin/../lib/gcc/arm-none-eabi/5.4.1/armv7-m/crtbegin.o
 *(SORT(.fini_array.*))
                0x00022fe0                __fini_array_end = .
                0x00022fe0                . = ALIGN (0x4)
 *crtbegin.o(.ctors)
 *(EXCLUDE_FILE(*crtend.o) .ctors)
 *(SORT(.ctors.*))
 *crtend.o(.ctors)
                0x00022fe0                . = ALIGN (0x4)
 *crtbegin.o(.dtors)
 *(EXCLUDE_FILE(*crtend.o) .dtors)
 *(SORT(.dtors.*))
 *crtend.o(.dtors)
                0x00022fe0                . = ALIGN (0x4)
                0x00022fe0                __cy_regions = .
                0x00022fe0        0x4 LONG 0x22ff0 __cy_region_init_ram
                0x00022fe4        0x4 LONG 0x1fff80c8 __cy_region_start_data
                0x00022fe8        0x4 LONG 0x88 __cy_region_init_size_ram
                0x00022fec        0x4 LONG 0x2060 __cy_region_zero_size_ram
                0x00022ff0                __cy_regions_end = .
                0x00022ff0                . = ALIGN (0x8)
                0x00022ff0                _etext = .

.cy_checksum_exclude
                0x00022ff0        0x0
 *(.cy_checksum_exclude)

.ramvectors     0x1fff8000       0xc0
                0x1fff8000                __cy_region_start_ram = .
 *(.ramvectors)
 .ramvectors    0x1fff8000       0xc0 .\CortexM3\ARM_GCC_541\Debug\Cm3Start.o
                0x1fff8000                CyRamVectors

.noinit         0x1fff80c0        0x1
 *(.noinit)
 .noinit        0x1fff80c0        0x1 .\CortexM3\ARM_GCC_541\Debug\TestBench.a(CyLib.o)
                0x1fff80c0                CyResetStatus

.data           0x1fff80c8       0x88 load address 0x00022ff0
                0x1fff80c8                __cy_region_start_data = .
 *(.jcr)
 .jcr           0x1fff80c8        0x0 c:/program files (x86)/cypress/psoc creator/4.4/psoc creator/import/gnu/arm/5.4.1/bin/../lib/gcc/arm-none-eabi/5.4.1/armv7-m/crtbegin.o
 .jcr           0x1fff80c8        0x4 c:/program files (x86)/cypress/psoc creator/4.4/psoc creator/import/gnu/arm/5.4.1/bin/../lib/gcc/arm-none-eabi/5.4.1/armv7-m/crtend.o
 *(.got.plt)
 *(.got)
 *(.shdata)
 *(.data .data.* .gnu.linkonce.d.*)
 .data          0x1fff80cc        0x4 .\CortexM3\ARM_GCC_541\Debug\Cm3Start.o
 .data          0x1fff80d0        0x8 .\CortexM3\ARM_GCC_541\Debug\TestBench.a(CyDmac.o)
 .data          0x1fff80d8       0x10 .\CortexM3\ARM_GCC_541\Debug\TestBench.a(CyLib.o)
                0x1fff80d8                cydelay_32k_ms
                0x1fff80dc                cydelay_freq_khz
                0x1fff80e0                cydelay_freq_mhz
                0x1fff80e4                cydelay_freq_hz
 .data          0x1fff80e8        0x1 .\CortexM3\ARM_GCC_541\Debug\TestBench.a(ADC_DelSig.o)
                0x1fff80e8                ADC_DelSig_Config
 .data          0x1fff80e9        0x1 .\CortexM3\ARM_GCC_541\Debug\TestBench.a(ADC_DelSig_AMux.o)
 .data          0x1fff80ea        0x1 .\CortexM3\ARM_GCC_541\Debug\TestBench.a(WaveDAC_Wave1_DMA_dma.o)
                0x1fff80ea                WaveDAC_Wave1_DMA_DmaHandle
 .data          0x1fff80eb        0x1 .\CortexM3\ARM_GCC_541\Debug\TestBench.a(WaveDAC_Wave2_DMA_dma.o)
                0x1fff80eb                WaveDAC_Wave2_DMA_DmaHandle
 .data.impure_data
                0x1fff80ec       0x60 c:/program files (x86)/cypress/psoc creator/4.4/psoc creator/import/gnu/arm/5.4.1/bin/../lib/gcc/arm-none-eabi/5.4.1/../../../../arm-none-eabi/lib/armv7-m\libg_nano.a(lib_a-impure.o)
 .data._impure_ptr
                0x1fff814c        0x4 c:/program files (x86)/cypress/psoc creator/4.4/psoc creator/import/gnu/arm/5.4.1/bin/../lib/gcc/arm-none-eabi/5.4.1/../../../../arm-none-eabi/lib/armv7-m\libg_nano.a(lib_a-impure.o)
                0x1fff814c                _impure_ptr
                0x1fff8150                . = ALIGN (0x8)
 *(.ram)
                0x1fff8150                _edata = .

.igot.plt       0x1fff8150        0x0 load address 0x00023078
 .igot.plt      0x1fff8150        0x0 c:/program files (x86)/cypress/psoc creator/4.4/psoc creator/import/gnu/arm/5.4.1/bin/../lib/gcc/arm-none-eabi/5.4.1/armv7-m/crtbegin.o

.bss            0x1fff8150     0x2060 load address 0x00023078
                0x1fff8150                PROVIDE (__bss_start__, .)
 *(.shbss)
 *(.bss .bss.* .gnu.linkonce.b.*)
 .bss           0x1fff8150       0x1c c:/program files (x86)/cypress/psoc creator/4.4/psoc creator/import/gnu/arm/5.4.1/bin/../lib/gcc/arm-none-eabi/5.4.1/armv7-m/crtbegin.o
 .bss           0x1fff816c     0x2008 .\CortexM3\ARM_GCC_541\Debug\statemachine.o
                0x1fff816c                charS
                0x1fff816d                charO
                0x1fff816e                buttonPressed
                0x1fff816f                state
                0x1fff8170                count
                0x1fff8174                fftArray
 .bss           0x1fffa174        0x2 .\CortexM3\ARM_GCC_541\Debug\TestBench.a(UART.o)
                0x1fffa174                UART_initVar
 *fill*         0x1fffa176        0x2 
 .bss           0x1fffa178       0x18 .\CortexM3\ARM_GCC_541\Debug\TestBench.a(ADC_DelSig.o)
                0x1fffa188                ADC_DelSig_stopConversion
                0x1fffa189                ADC_DelSig_convDone
                0x1fffa18a                ADC_DelSig_initVar
                0x1fffa18b                ADC_DelSig_started
                0x1fffa18c                ADC_DelSig_Offset
 .bss           0x1fffa190        0x5 .\CortexM3\ARM_GCC_541\Debug\TestBench.a(WaveDAC.o)
                0x1fffa194                WaveDAC_initVar
 *fill*         0x1fffa195        0x3 
 .bss.__malloc_sbrk_start
                0x1fffa198        0x4 c:/program files (x86)/cypress/psoc creator/4.4/psoc creator/import/gnu/arm/5.4.1/bin/../lib/gcc/arm-none-eabi/5.4.1/../../../../arm-none-eabi/lib/armv7-m\libg_nano.a(lib_a-nano-mallocr.o)
                0x1fffa198                __malloc_sbrk_start
 .bss.__malloc_free_list
                0x1fffa19c        0x4 c:/program files (x86)/cypress/psoc creator/4.4/psoc creator/import/gnu/arm/5.4.1/bin/../lib/gcc/arm-none-eabi/5.4.1/../../../../arm-none-eabi/lib/armv7-m\libg_nano.a(lib_a-nano-mallocr.o)
                0x1fffa19c                __malloc_free_list
 *(COMMON)
 COMMON         0x1fffa1a0        0x1 .\CortexM3\ARM_GCC_541\Debug\statemachine.o
                0x1fffa1a0                charRx
 *fill*         0x1fffa1a1        0x3 
 COMMON         0x1fffa1a4        0x4 .\CortexM3\ARM_GCC_541\Debug\TestBench.a(ADC_DelSig.o)
                0x1fffa1a4                ADC_DelSig_CountsPerVolt
 COMMON         0x1fffa1a8        0x4 c:/program files (x86)/cypress/psoc creator/4.4/psoc creator/import/gnu/arm/5.4.1/bin/../lib/gcc/arm-none-eabi/5.4.1/../../../../arm-none-eabi/lib/armv7-m\libg_nano.a(lib_a-reent.o)
                0x1fffa1a8                errno
                0x1fffa1b0                . = ALIGN (0x8)
 *fill*         0x1fffa1ac        0x4 
 *(.ram.b)
                0x1fffa1b0                _end = .
                0x1fffa1b0                __end = .
                0x1fffa1b0                PROVIDE (end, .)
                0x1fffa1b0                PROVIDE (__bss_end__, .)
                0x00022ff0                __cy_region_init_ram = LOADADDR (.data)
                0x00000088                __cy_region_init_size_ram = (_edata - ADDR (.data))
                0x00002060                __cy_region_zero_size_ram = (_end - _edata)

.heap           0x1fffa1b0     0x2000 load address 0x00023078
                0x1fffa1b0                . = _end
                0x1fffc1b0                . = (. + 0x2000)
 *fill*         0x1fffa1b0     0x2000 
                0x1fffc1b0                __cy_heap_limit = .

.stack          0x20007800      0x800
                0x20007800                __cy_stack_limit = .
                0x20008000                . = (. + 0x800)
 *fill*         0x20007800      0x800 
                0x00000001                ASSERT ((__cy_stack_limit >= __cy_heap_limit), region RAM overflowed with stack)
                0x00000000                cy_checksum_exclude_size = (CY_APPL_LOADABLE == 0x1)?SIZEOF (.cy_checksum_exclude):0x0
                0x00000001                ASSERT ((cy_checksum_exclude_size <= CY_CHECKSUM_EXCLUDE_SIZE), CY_BOOT: Section .cy_checksum_exclude size exceedes specified limit.)

.cyloadermeta
 *(.cyloadermeta)

.cyloadablemeta
 *(.cyloadablemeta)

.cyconfigecc    0x80000000      0x460
 *(.cyconfigecc)
 .cyconfigecc   0x80000000      0x460 .\CortexM3\ARM_GCC_541\Debug\cymetadata.o
                0x80000000                cy_meta_configecc

.cycustnvl      0x90000000        0x4
 *(.cycustnvl)
 .cycustnvl     0x90000000        0x4 .\CortexM3\ARM_GCC_541\Debug\cymetadata.o
                0x90000000                cy_meta_custnvl

.cywolatch      0x90100000        0x4
 *(.cywolatch)
 .cywolatch     0x90100000        0x4 .\CortexM3\ARM_GCC_541\Debug\cymetadata.o
                0x90100000                cy_meta_wonvl

.cyeeprom       0x90200000        0x0
 *(.cyeeprom)
                0x00000001                ASSERT ((. <= ((0x90200000 + ee_offset) + ee_size)), .cyeeprom data will not fit in EEPROM)

.cyflashprotect
                0x90400000      0x100
 *(.cyflashprotect)
 .cyflashprotect
                0x90400000      0x100 .\CortexM3\ARM_GCC_541\Debug\cymetadata.o
                0x90400000                cy_meta_flashprotect

.cymeta         0x90500000        0xc
 *(.cymeta)
 .cymeta        0x90500000        0xc .\CortexM3\ARM_GCC_541\Debug\cymetadata.o
                0x90500000                cy_metadata

.rel.dyn        0x00023078        0x0 load address 0x9050000c
 .rel.iplt      0x00023078        0x0 c:/program files (x86)/cypress/psoc creator/4.4/psoc creator/import/gnu/arm/5.4.1/bin/../lib/gcc/arm-none-eabi/5.4.1/armv7-m/crtbegin.o

.stab
 *(.stab)

.stabstr
 *(.stabstr)

.debug
 *(.debug)

.line
 *(.line)

.debug_srcinfo
 *(.debug_srcinfo)

.debug_sfnames
 *(.debug_sfnames)

.debug_aranges  0x00000000      0xe70
 *(.debug_aranges)
 .debug_aranges
                0x00000000       0x20 .\CortexM3\ARM_GCC_541\Debug\main.o
 .debug_aranges
                0x00000020       0x38 .\CortexM3\ARM_GCC_541\Debug\statemachine.o
 .debug_aranges
                0x00000058       0x68 .\CortexM3\ARM_GCC_541\Debug\cyfitter_cfg.o
 .debug_aranges
                0x000000c0       0x18 .\CortexM3\ARM_GCC_541\Debug\cymetadata.o
 .debug_aranges
                0x000000d8       0x48 .\CortexM3\ARM_GCC_541\Debug\Cm3Start.o
 .debug_aranges
                0x00000120       0x38 .\CortexM3\ARM_GCC_541\Debug\TestBench.a(LED_RED.o)
 .debug_aranges
                0x00000158       0x38 .\CortexM3\ARM_GCC_541\Debug\TestBench.a(LED_GREEN.o)
 .debug_aranges
                0x00000190       0xd8 .\CortexM3\ARM_GCC_541\Debug\TestBench.a(CyDmac.o)
 .debug_aranges
                0x00000268      0x2a0 .\CortexM3\ARM_GCC_541\Debug\TestBench.a(CyLib.o)
 .debug_aranges
                0x00000508       0x98 .\CortexM3\ARM_GCC_541\Debug\TestBench.a(cyPm.o)
 .debug_aranges
                0x000005a0       0x38 .\CortexM3\ARM_GCC_541\Debug\TestBench.a(LED_ORANGE.o)
 .debug_aranges
                0x000005d8       0x48 .\CortexM3\ARM_GCC_541\Debug\TestBench.a(Push_Button.o)
 .debug_aranges
                0x00000620       0xf0 .\CortexM3\ARM_GCC_541\Debug\TestBench.a(UART.o)
 .debug_aranges
                0x00000710       0x70 .\CortexM3\ARM_GCC_541\Debug\TestBench.a(UART_IntClock.o)
 .debug_aranges
                0x00000780       0x80 .\CortexM3\ARM_GCC_541\Debug\TestBench.a(isr_pushButton.o)
 .debug_aranges
                0x00000800       0xe8 .\CortexM3\ARM_GCC_541\Debug\TestBench.a(ADC_DelSig.o)
 .debug_aranges
                0x000008e8       0x38 .\CortexM3\ARM_GCC_541\Debug\TestBench.a(ADC_DelSig_INT.o)
 .debug_aranges
                0x00000920       0x30 .\CortexM3\ARM_GCC_541\Debug\TestBench.a(ADC_DelSig_AMux.o)
 .debug_aranges
                0x00000950       0x70 .\CortexM3\ARM_GCC_541\Debug\TestBench.a(ADC_DelSig_Ext_CP_Clk.o)
 .debug_aranges
                0x000009c0       0x80 .\CortexM3\ARM_GCC_541\Debug\TestBench.a(ADC_DelSig_theACLK.o)
 .debug_aranges
                0x00000a40       0x80 .\CortexM3\ARM_GCC_541\Debug\TestBench.a(isr_UART.o)
 .debug_aranges
                0x00000ac0       0x50 .\CortexM3\ARM_GCC_541\Debug\TestBench.a(WaveDAC.o)
 .debug_aranges
                0x00000b10       0x70 .\CortexM3\ARM_GCC_541\Debug\TestBench.a(WaveDAC_DacClk.o)
 .debug_aranges
                0x00000b80       0x28 .\CortexM3\ARM_GCC_541\Debug\TestBench.a(WaveDAC_Wave1_DMA_dma.o)
 .debug_aranges
                0x00000ba8       0x28 .\CortexM3\ARM_GCC_541\Debug\TestBench.a(WaveDAC_Wave2_DMA_dma.o)
 .debug_aranges
                0x00000bd0       0x58 .\CortexM3\ARM_GCC_541\Debug\TestBench.a(WaveDAC_VDAC8.o)
 .debug_aranges
                0x00000c28       0x20 .\CortexM3\ARM_GCC_541\Debug\TestBench.a(CyBootAsmGnu.o)
 .debug_aranges
                0x00000c48       0x88 .\CortexM3\ARM_GCC_541\Debug\TestBench.a(CyFlash.o)
 .debug_aranges
                0x00000cd0       0x80 .\CortexM3\ARM_GCC_541\Debug\TestBench.a(CySpc.o)
 .debug_aranges
                0x00000d50       0x20 .\source\asw\fft_application\libfft_application.a(fft_application.o)
 .debug_aranges
                0x00000d70       0x30 .\source\asw\fft_application\libfft_application.a(arm_rfft_q31.o)
 .debug_aranges
                0x00000da0       0x20 .\source\asw\fft_application\libfft_application.a(arm_rfft_init_q31.o)
 .debug_aranges
                0x00000dc0       0x30 .\source\asw\fft_application\libfft_application.a(arm_cfft_q31.o)
 .debug_aranges
                0x00000df0       0x30 .\source\asw\fft_application\libfft_application.a(arm_cfft_radix4_q31.o)
 .debug_aranges
                0x00000e20       0x18 .\source\asw\fft_application\libfft_application.a(arm_const_structs.o)
 .debug_aranges
                0x00000e38       0x20 .\source\asw\fft_application\libfft_application.a(arm_bitreversal2.o)
 .debug_aranges
                0x00000e58       0x18 .\source\asw\fft_application\libfft_application.a(arm_common_tables.o)

.debug_pubnames
 *(.debug_pubnames)

.debug_info     0x00000000     0xa7db
 *(.debug_info .gnu.linkonce.wi.*)
 .debug_info    0x00000000      0x154 .\CortexM3\ARM_GCC_541\Debug\main.o
 .debug_info    0x00000154      0x4af .\CortexM3\ARM_GCC_541\Debug\statemachine.o
 .debug_info    0x00000603      0x6a0 .\CortexM3\ARM_GCC_541\Debug\cyfitter_cfg.o
 .debug_info    0x00000ca3      0x136 .\CortexM3\ARM_GCC_541\Debug\cymetadata.o
 .debug_info    0x00000dd9      0x3cf .\CortexM3\ARM_GCC_541\Debug\Cm3Start.o
 .debug_info    0x000011a8      0x11f .\CortexM3\ARM_GCC_541\Debug\TestBench.a(LED_RED.o)
 .debug_info    0x000012c7      0x11f .\CortexM3\ARM_GCC_541\Debug\TestBench.a(LED_GREEN.o)
 .debug_info    0x000013e6      0x94e .\CortexM3\ARM_GCC_541\Debug\TestBench.a(CyDmac.o)
 .debug_info    0x00001d34     0x1374 .\CortexM3\ARM_GCC_541\Debug\TestBench.a(CyLib.o)
 .debug_info    0x000030a8      0xa2a .\CortexM3\ARM_GCC_541\Debug\TestBench.a(cyPm.o)
 .debug_info    0x00003ad2      0x11f .\CortexM3\ARM_GCC_541\Debug\TestBench.a(LED_ORANGE.o)
 .debug_info    0x00003bf1      0x174 .\CortexM3\ARM_GCC_541\Debug\TestBench.a(Push_Button.o)
 .debug_info    0x00003d65      0x60c .\CortexM3\ARM_GCC_541\Debug\TestBench.a(UART.o)
 .debug_info    0x00004371      0x283 .\CortexM3\ARM_GCC_541\Debug\TestBench.a(UART_IntClock.o)
 .debug_info    0x000045f4      0x2d2 .\CortexM3\ARM_GCC_541\Debug\TestBench.a(isr_pushButton.o)
 .debug_info    0x000048c6      0xbed .\CortexM3\ARM_GCC_541\Debug\TestBench.a(ADC_DelSig.o)
 .debug_info    0x000054b3       0xd3 .\CortexM3\ARM_GCC_541\Debug\TestBench.a(ADC_DelSig_INT.o)
 .debug_info    0x00005586      0x165 .\CortexM3\ARM_GCC_541\Debug\TestBench.a(ADC_DelSig_AMux.o)
 .debug_info    0x000056eb      0x283 .\CortexM3\ARM_GCC_541\Debug\TestBench.a(ADC_DelSig_Ext_CP_Clk.o)
 .debug_info    0x0000596e      0x2c4 .\CortexM3\ARM_GCC_541\Debug\TestBench.a(ADC_DelSig_theACLK.o)
 .debug_info    0x00005c32      0x2d2 .\CortexM3\ARM_GCC_541\Debug\TestBench.a(isr_UART.o)
 .debug_info    0x00005f04      0x519 .\CortexM3\ARM_GCC_541\Debug\TestBench.a(WaveDAC.o)
 .debug_info    0x0000641d      0x283 .\CortexM3\ARM_GCC_541\Debug\TestBench.a(WaveDAC_DacClk.o)
 .debug_info    0x000066a0      0x1aa .\CortexM3\ARM_GCC_541\Debug\TestBench.a(WaveDAC_Wave1_DMA_dma.o)
 .debug_info    0x0000684a      0x1a7 .\CortexM3\ARM_GCC_541\Debug\TestBench.a(WaveDAC_Wave2_DMA_dma.o)
 .debug_info    0x000069f1      0x1de .\CortexM3\ARM_GCC_541\Debug\TestBench.a(WaveDAC_VDAC8.o)
 .debug_info    0x00006bcf       0x81 .\CortexM3\ARM_GCC_541\Debug\TestBench.a(CyBootAsmGnu.o)
 .debug_info    0x00006c50      0x64d .\CortexM3\ARM_GCC_541\Debug\TestBench.a(CyFlash.o)
 .debug_info    0x0000729d      0x550 .\CortexM3\ARM_GCC_541\Debug\TestBench.a(CySpc.o)
 .debug_info    0x000077ed      0x36c .\source\asw\fft_application\libfft_application.a(fft_application.o)
 .debug_info    0x00007b59      0x4f7 .\source\asw\fft_application\libfft_application.a(arm_rfft_q31.o)
 .debug_info    0x00008050      0x327 .\source\asw\fft_application\libfft_application.a(arm_rfft_init_q31.o)
 .debug_info    0x00008377      0x4a3 .\source\asw\fft_application\libfft_application.a(arm_cfft_q31.o)
 .debug_info    0x0000881a      0x815 .\source\asw\fft_application\libfft_application.a(arm_cfft_radix4_q31.o)
 .debug_info    0x0000902f      0xd8a .\source\asw\fft_application\libfft_application.a(arm_const_structs.o)
 .debug_info    0x00009db9       0xac .\source\asw\fft_application\libfft_application.a(arm_bitreversal2.o)
 .debug_info    0x00009e65      0x976 .\source\asw\fft_application\libfft_application.a(arm_common_tables.o)

.debug_abbrev   0x00000000     0x28ed
 *(.debug_abbrev)
 .debug_abbrev  0x00000000       0xe9 .\CortexM3\ARM_GCC_541\Debug\main.o
 .debug_abbrev  0x000000e9      0x13b .\CortexM3\ARM_GCC_541\Debug\statemachine.o
 .debug_abbrev  0x00000224      0x22d .\CortexM3\ARM_GCC_541\Debug\cyfitter_cfg.o
 .debug_abbrev  0x00000451       0x77 .\CortexM3\ARM_GCC_541\Debug\cymetadata.o
 .debug_abbrev  0x000004c8      0x1e8 .\CortexM3\ARM_GCC_541\Debug\Cm3Start.o
 .debug_abbrev  0x000006b0       0x90 .\CortexM3\ARM_GCC_541\Debug\TestBench.a(LED_RED.o)
 .debug_abbrev  0x00000740       0x90 .\CortexM3\ARM_GCC_541\Debug\TestBench.a(LED_GREEN.o)
 .debug_abbrev  0x000007d0      0x1b2 .\CortexM3\ARM_GCC_541\Debug\TestBench.a(CyDmac.o)
 .debug_abbrev  0x00000982      0x254 .\CortexM3\ARM_GCC_541\Debug\TestBench.a(CyLib.o)
 .debug_abbrev  0x00000bd6      0x1ab .\CortexM3\ARM_GCC_541\Debug\TestBench.a(cyPm.o)
 .debug_abbrev  0x00000d81       0x90 .\CortexM3\ARM_GCC_541\Debug\TestBench.a(LED_ORANGE.o)
 .debug_abbrev  0x00000e11       0x90 .\CortexM3\ARM_GCC_541\Debug\TestBench.a(Push_Button.o)
 .debug_abbrev  0x00000ea1      0x175 .\CortexM3\ARM_GCC_541\Debug\TestBench.a(UART.o)
 .debug_abbrev  0x00001016      0x139 .\CortexM3\ARM_GCC_541\Debug\TestBench.a(UART_IntClock.o)
 .debug_abbrev  0x0000114f      0x173 .\CortexM3\ARM_GCC_541\Debug\TestBench.a(isr_pushButton.o)
 .debug_abbrev  0x000012c2      0x1eb .\CortexM3\ARM_GCC_541\Debug\TestBench.a(ADC_DelSig.o)
 .debug_abbrev  0x000014ad       0x42 .\CortexM3\ARM_GCC_541\Debug\TestBench.a(ADC_DelSig_INT.o)
 .debug_abbrev  0x000014ef       0xb1 .\CortexM3\ARM_GCC_541\Debug\TestBench.a(ADC_DelSig_AMux.o)
 .debug_abbrev  0x000015a0      0x139 .\CortexM3\ARM_GCC_541\Debug\TestBench.a(ADC_DelSig_Ext_CP_Clk.o)
 .debug_abbrev  0x000016d9      0x121 .\CortexM3\ARM_GCC_541\Debug\TestBench.a(ADC_DelSig_theACLK.o)
 .debug_abbrev  0x000017fa      0x173 .\CortexM3\ARM_GCC_541\Debug\TestBench.a(isr_UART.o)
 .debug_abbrev  0x0000196d      0x114 .\CortexM3\ARM_GCC_541\Debug\TestBench.a(WaveDAC.o)
 .debug_abbrev  0x00001a81      0x139 .\CortexM3\ARM_GCC_541\Debug\TestBench.a(WaveDAC_DacClk.o)
 .debug_abbrev  0x00001bba       0xcd .\CortexM3\ARM_GCC_541\Debug\TestBench.a(WaveDAC_Wave1_DMA_dma.o)
 .debug_abbrev  0x00001c87       0xcd .\CortexM3\ARM_GCC_541\Debug\TestBench.a(WaveDAC_Wave2_DMA_dma.o)
 .debug_abbrev  0x00001d54       0xf7 .\CortexM3\ARM_GCC_541\Debug\TestBench.a(WaveDAC_VDAC8.o)
 .debug_abbrev  0x00001e4b       0x14 .\CortexM3\ARM_GCC_541\Debug\TestBench.a(CyBootAsmGnu.o)
 .debug_abbrev  0x00001e5f      0x1a7 .\CortexM3\ARM_GCC_541\Debug\TestBench.a(CyFlash.o)
 .debug_abbrev  0x00002006      0x194 .\CortexM3\ARM_GCC_541\Debug\TestBench.a(CySpc.o)
 .debug_abbrev  0x0000219a      0x15d .\source\asw\fft_application\libfft_application.a(fft_application.o)
 .debug_abbrev  0x000022f7      0x128 .\source\asw\fft_application\libfft_application.a(arm_rfft_q31.o)
 .debug_abbrev  0x0000241f      0x12e .\source\asw\fft_application\libfft_application.a(arm_rfft_init_q31.o)
 .debug_abbrev  0x0000254d       0xfb .\source\asw\fft_application\libfft_application.a(arm_cfft_q31.o)
 .debug_abbrev  0x00002648      0x142 .\source\asw\fft_application\libfft_application.a(arm_cfft_radix4_q31.o)
 .debug_abbrev  0x0000278a       0xcb .\source\asw\fft_application\libfft_application.a(arm_const_structs.o)
 .debug_abbrev  0x00002855       0x14 .\source\asw\fft_application\libfft_application.a(arm_bitreversal2.o)
 .debug_abbrev  0x00002869       0x84 .\source\asw\fft_application\libfft_application.a(arm_common_tables.o)

.debug_line     0x00000000     0x47c4
 *(.debug_line)
 .debug_line    0x00000000      0x197 .\CortexM3\ARM_GCC_541\Debug\main.o
 .debug_line    0x00000197      0x2ec .\CortexM3\ARM_GCC_541\Debug\statemachine.o
 .debug_line    0x00000483      0x225 .\CortexM3\ARM_GCC_541\Debug\cyfitter_cfg.o
 .debug_line    0x000006a8      0x141 .\CortexM3\ARM_GCC_541\Debug\cymetadata.o
 .debug_line    0x000007e9      0x241 .\CortexM3\ARM_GCC_541\Debug\Cm3Start.o
 .debug_line    0x00000a2a       0x94 .\CortexM3\ARM_GCC_541\Debug\TestBench.a(LED_RED.o)
 .debug_line    0x00000abe       0x96 .\CortexM3\ARM_GCC_541\Debug\TestBench.a(LED_GREEN.o)
 .debug_line    0x00000b54      0x2e4 .\CortexM3\ARM_GCC_541\Debug\TestBench.a(CyDmac.o)
 .debug_line    0x00000e38      0x816 .\CortexM3\ARM_GCC_541\Debug\TestBench.a(CyLib.o)
 .debug_line    0x0000164e      0x367 .\CortexM3\ARM_GCC_541\Debug\TestBench.a(cyPm.o)
 .debug_line    0x000019b5       0x97 .\CortexM3\ARM_GCC_541\Debug\TestBench.a(LED_ORANGE.o)
 .debug_line    0x00001a4c       0xbc .\CortexM3\ARM_GCC_541\Debug\TestBench.a(Push_Button.o)
 .debug_line    0x00001b08      0x2bc .\CortexM3\ARM_GCC_541\Debug\TestBench.a(UART.o)
 .debug_line    0x00001dc4      0x17c .\CortexM3\ARM_GCC_541\Debug\TestBench.a(UART_IntClock.o)
 .debug_line    0x00001f40      0x13b .\CortexM3\ARM_GCC_541\Debug\TestBench.a(isr_pushButton.o)
 .debug_line    0x0000207b      0x3e4 .\CortexM3\ARM_GCC_541\Debug\TestBench.a(ADC_DelSig.o)
 .debug_line    0x0000245f       0x87 .\CortexM3\ARM_GCC_541\Debug\TestBench.a(ADC_DelSig_INT.o)
 .debug_line    0x000024e6       0xb3 .\CortexM3\ARM_GCC_541\Debug\TestBench.a(ADC_DelSig_AMux.o)
 .debug_line    0x00002599      0x184 .\CortexM3\ARM_GCC_541\Debug\TestBench.a(ADC_DelSig_Ext_CP_Clk.o)
 .debug_line    0x0000271d      0x1a4 .\CortexM3\ARM_GCC_541\Debug\TestBench.a(ADC_DelSig_theACLK.o)
 .debug_line    0x000028c1      0x135 .\CortexM3\ARM_GCC_541\Debug\TestBench.a(isr_UART.o)
 .debug_line    0x000029f6      0x151 .\CortexM3\ARM_GCC_541\Debug\TestBench.a(WaveDAC.o)
 .debug_line    0x00002b47      0x17d .\CortexM3\ARM_GCC_541\Debug\TestBench.a(WaveDAC_DacClk.o)
 .debug_line    0x00002cc4       0x8e .\CortexM3\ARM_GCC_541\Debug\TestBench.a(WaveDAC_Wave1_DMA_dma.o)
 .debug_line    0x00002d52       0x8e .\CortexM3\ARM_GCC_541\Debug\TestBench.a(WaveDAC_Wave2_DMA_dma.o)
 .debug_line    0x00002de0       0xe9 .\CortexM3\ARM_GCC_541\Debug\TestBench.a(WaveDAC_VDAC8.o)
 .debug_line    0x00002ec9       0x66 .\CortexM3\ARM_GCC_541\Debug\TestBench.a(CyBootAsmGnu.o)
 .debug_line    0x00002f2f      0x21a .\CortexM3\ARM_GCC_541\Debug\TestBench.a(CyFlash.o)
 .debug_line    0x00003149      0x260 .\CortexM3\ARM_GCC_541\Debug\TestBench.a(CySpc.o)
 .debug_line    0x000033a9      0x22f .\source\asw\fft_application\libfft_application.a(fft_application.o)
 .debug_line    0x000035d8      0x1ff .\source\asw\fft_application\libfft_application.a(arm_rfft_q31.o)
 .debug_line    0x000037d7      0x1dd .\source\asw\fft_application\libfft_application.a(arm_rfft_init_q31.o)
 .debug_line    0x000039b4      0x2f5 .\source\asw\fft_application\libfft_application.a(arm_cfft_q31.o)
 .debug_line    0x00003ca9      0x792 .\source\asw\fft_application\libfft_application.a(arm_cfft_radix4_q31.o)
 .debug_line    0x0000443b      0x17c .\source\asw\fft_application\libfft_application.a(arm_const_structs.o)
 .debug_line    0x000045b7       0xa8 .\source\asw\fft_application\libfft_application.a(arm_bitreversal2.o)
 .debug_line    0x0000465f      0x165 .\source\asw\fft_application\libfft_application.a(arm_common_tables.o)

.debug_frame    0x00000000     0x23cc
 *(.debug_frame)
 .debug_frame   0x00000000       0x2c .\CortexM3\ARM_GCC_541\Debug\main.o
 .debug_frame   0x0000002c       0x84 .\CortexM3\ARM_GCC_541\Debug\statemachine.o
 .debug_frame   0x000000b0      0x104 .\CortexM3\ARM_GCC_541\Debug\cyfitter_cfg.o
 .debug_frame   0x000001b4       0xb8 .\CortexM3\ARM_GCC_541\Debug\Cm3Start.o
 .debug_frame   0x0000026c       0x50 .\CortexM3\ARM_GCC_541\Debug\TestBench.a(LED_RED.o)
 .debug_frame   0x000002bc       0x50 .\CortexM3\ARM_GCC_541\Debug\TestBench.a(LED_GREEN.o)
 .debug_frame   0x0000030c      0x1f8 .\CortexM3\ARM_GCC_541\Debug\TestBench.a(CyDmac.o)
 .debug_frame   0x00000504      0x738 .\CortexM3\ARM_GCC_541\Debug\TestBench.a(CyLib.o)
 .debug_frame   0x00000c3c      0x1f8 .\CortexM3\ARM_GCC_541\Debug\TestBench.a(cyPm.o)
 .debug_frame   0x00000e34       0x50 .\CortexM3\ARM_GCC_541\Debug\TestBench.a(LED_ORANGE.o)
 .debug_frame   0x00000e84       0x70 .\CortexM3\ARM_GCC_541\Debug\TestBench.a(Push_Button.o)
 .debug_frame   0x00000ef4      0x250 .\CortexM3\ARM_GCC_541\Debug\TestBench.a(UART.o)
 .debug_frame   0x00001144       0xe0 .\CortexM3\ARM_GCC_541\Debug\TestBench.a(UART_IntClock.o)
 .debug_frame   0x00001224      0x104 .\CortexM3\ARM_GCC_541\Debug\TestBench.a(isr_pushButton.o)
 .debug_frame   0x00001328      0x284 .\CortexM3\ARM_GCC_541\Debug\TestBench.a(ADC_DelSig.o)
 .debug_frame   0x000015ac       0x50 .\CortexM3\ARM_GCC_541\Debug\TestBench.a(ADC_DelSig_INT.o)
 .debug_frame   0x000015fc       0x64 .\CortexM3\ARM_GCC_541\Debug\TestBench.a(ADC_DelSig_AMux.o)
 .debug_frame   0x00001660       0xe0 .\CortexM3\ARM_GCC_541\Debug\TestBench.a(ADC_DelSig_Ext_CP_Clk.o)
 .debug_frame   0x00001740      0x100 .\CortexM3\ARM_GCC_541\Debug\TestBench.a(ADC_DelSig_theACLK.o)
 .debug_frame   0x00001840      0x104 .\CortexM3\ARM_GCC_541\Debug\TestBench.a(isr_UART.o)
 .debug_frame   0x00001944       0xe0 .\CortexM3\ARM_GCC_541\Debug\TestBench.a(WaveDAC.o)
 .debug_frame   0x00001a24       0xe0 .\CortexM3\ARM_GCC_541\Debug\TestBench.a(WaveDAC_DacClk.o)
 .debug_frame   0x00001b04       0x54 .\CortexM3\ARM_GCC_541\Debug\TestBench.a(WaveDAC_Wave1_DMA_dma.o)
 .debug_frame   0x00001b58       0x54 .\CortexM3\ARM_GCC_541\Debug\TestBench.a(WaveDAC_Wave2_DMA_dma.o)
 .debug_frame   0x00001bac       0xb4 .\CortexM3\ARM_GCC_541\Debug\TestBench.a(WaveDAC_VDAC8.o)
 .debug_frame   0x00001c60      0x194 .\CortexM3\ARM_GCC_541\Debug\TestBench.a(CyFlash.o)
 .debug_frame   0x00001df4      0x180 .\CortexM3\ARM_GCC_541\Debug\TestBench.a(CySpc.o)
 .debug_frame   0x00001f74       0x38 .\source\asw\fft_application\libfft_application.a(fft_application.o)
 .debug_frame   0x00001fac       0xac .\source\asw\fft_application\libfft_application.a(arm_rfft_q31.o)
 .debug_frame   0x00002058       0x2c .\source\asw\fft_application\libfft_application.a(arm_rfft_init_q31.o)
 .debug_frame   0x00002084       0xa0 .\source\asw\fft_application\libfft_application.a(arm_cfft_q31.o)
 .debug_frame   0x00002124       0xa0 .\source\asw\fft_application\libfft_application.a(arm_cfft_radix4_q31.o)
 .debug_frame   0x000021c4       0x20 c:/program files (x86)/cypress/psoc creator/4.4/psoc creator/import/gnu/arm/5.4.1/bin/../lib/gcc/arm-none-eabi/5.4.1/../../../../arm-none-eabi/lib/armv7-m\libg_nano.a(lib_a-errno.o)
 .debug_frame   0x000021e4       0x28 c:/program files (x86)/cypress/psoc creator/4.4/psoc creator/import/gnu/arm/5.4.1/bin/../lib/gcc/arm-none-eabi/5.4.1/../../../../arm-none-eabi/lib/armv7-m\libg_nano.a(lib_a-exit.o)
 .debug_frame   0x0000220c       0x2c c:/program files (x86)/cypress/psoc creator/4.4/psoc creator/import/gnu/arm/5.4.1/bin/../lib/gcc/arm-none-eabi/5.4.1/../../../../arm-none-eabi/lib/armv7-m\libg_nano.a(lib_a-init.o)
 .debug_frame   0x00002238       0x30 c:/program files (x86)/cypress/psoc creator/4.4/psoc creator/import/gnu/arm/5.4.1/bin/../lib/gcc/arm-none-eabi/5.4.1/../../../../arm-none-eabi/lib/armv7-m\libg_nano.a(lib_a-malloc.o)
 .debug_frame   0x00002268       0x28 c:/program files (x86)/cypress/psoc creator/4.4/psoc creator/import/gnu/arm/5.4.1/bin/../lib/gcc/arm-none-eabi/5.4.1/../../../../arm-none-eabi/lib/armv7-m\libg_nano.a(lib_a-memcpy-stub.o)
 .debug_frame   0x00002290       0x20 c:/program files (x86)/cypress/psoc creator/4.4/psoc creator/import/gnu/arm/5.4.1/bin/../lib/gcc/arm-none-eabi/5.4.1/../../../../arm-none-eabi/lib/armv7-m\libg_nano.a(lib_a-memset.o)
 .debug_frame   0x000022b0       0x38 c:/program files (x86)/cypress/psoc creator/4.4/psoc creator/import/gnu/arm/5.4.1/bin/../lib/gcc/arm-none-eabi/5.4.1/../../../../arm-none-eabi/lib/armv7-m\libg_nano.a(lib_a-nano-freer.o)
 .debug_frame   0x000022e8       0x2c c:/program files (x86)/cypress/psoc creator/4.4/psoc creator/import/gnu/arm/5.4.1/bin/../lib/gcc/arm-none-eabi/5.4.1/../../../../arm-none-eabi/lib/armv7-m\libg_nano.a(lib_a-nano-mallocr.o)
 .debug_frame   0x00002314       0x2c c:/program files (x86)/cypress/psoc creator/4.4/psoc creator/import/gnu/arm/5.4.1/bin/../lib/gcc/arm-none-eabi/5.4.1/../../../../arm-none-eabi/lib/armv7-m\libg_nano.a(lib_a-sbrkr.o)
 .debug_frame   0x00002340       0x30 c:/program files (x86)/cypress/psoc creator/4.4/psoc creator/import/gnu/arm/5.4.1/bin/../lib/gcc/arm-none-eabi/5.4.1/../../../../arm-none-eabi/lib/armv7-m\libg_nano.a(lib_a-mlock.o)
 .debug_frame   0x00002370       0x5c c:/program files (x86)/cypress/psoc creator/4.4/psoc creator/import/gnu/arm/5.4.1/bin/../lib/gcc/arm-none-eabi/5.4.1/../../../../arm-none-eabi/lib/armv7-m\libg_nano.a(lib_a-reent.o)

.debug_str      0x00000000     0x3e3a
 *(.debug_str)
 .debug_str     0x00000000      0x188 .\CortexM3\ARM_GCC_541\Debug\main.o
                                0x1d0 (size before relaxing)
 .debug_str     0x00000188      0x1f9 .\CortexM3\ARM_GCC_541\Debug\statemachine.o
                                0x39c (size before relaxing)
 .debug_str     0x00000381      0x210 .\CortexM3\ARM_GCC_541\Debug\cyfitter_cfg.o
                                0x39d (size before relaxing)
 .debug_str     0x00000591       0x75 .\CortexM3\ARM_GCC_541\Debug\cymetadata.o
                                0x1d5 (size before relaxing)
 .debug_str     0x00000606      0x154 .\CortexM3\ARM_GCC_541\Debug\Cm3Start.o
                                0x30b (size before relaxing)
 .debug_str     0x0000075a       0x67 .\CortexM3\ARM_GCC_541\Debug\TestBench.a(LED_RED.o)
                                0x1dd (size before relaxing)
 .debug_str     0x000007c1       0x5f .\CortexM3\ARM_GCC_541\Debug\TestBench.a(LED_GREEN.o)
                                0x1e7 (size before relaxing)
 .debug_str     0x00000820      0x384 .\CortexM3\ARM_GCC_541\Debug\TestBench.a(CyDmac.o)
                                0x53b (size before relaxing)
 .debug_str     0x00000ba4      0x7f4 .\CortexM3\ARM_GCC_541\Debug\TestBench.a(CyLib.o)
                                0xa38 (size before relaxing)
 .debug_str     0x00001398      0x365 .\CortexM3\ARM_GCC_541\Debug\TestBench.a(cyPm.o)
                                0x724 (size before relaxing)
 .debug_str     0x000016fd       0x63 .\CortexM3\ARM_GCC_541\Debug\TestBench.a(LED_ORANGE.o)
                                0x1ec (size before relaxing)
 .debug_str     0x00001760       0x9f .\CortexM3\ARM_GCC_541\Debug\TestBench.a(Push_Button.o)
                                0x239 (size before relaxing)
 .debug_str     0x000017ff      0x26c .\CortexM3\ARM_GCC_541\Debug\TestBench.a(UART.o)
                                0x466 (size before relaxing)
 .debug_str     0x00001a6b      0x183 .\CortexM3\ARM_GCC_541\Debug\TestBench.a(UART_IntClock.o)
                                0x327 (size before relaxing)
 .debug_str     0x00001bee      0x14d .\CortexM3\ARM_GCC_541\Debug\TestBench.a(isr_pushButton.o)
                                0x315 (size before relaxing)
 .debug_str     0x00001d3b      0x429 .\CortexM3\ARM_GCC_541\Debug\TestBench.a(ADC_DelSig.o)
                                0x6d9 (size before relaxing)
 .debug_str     0x00002164       0x68 .\CortexM3\ARM_GCC_541\Debug\TestBench.a(ADC_DelSig_INT.o)
                                0x1d4 (size before relaxing)
 .debug_str     0x000021cc       0x7b .\CortexM3\ARM_GCC_541\Debug\TestBench.a(ADC_DelSig_AMux.o)
                                0x221 (size before relaxing)
 .debug_str     0x00002247      0x170 .\CortexM3\ARM_GCC_541\Debug\TestBench.a(ADC_DelSig_Ext_CP_Clk.o)
                                0x387 (size before relaxing)
 .debug_str     0x000023b7      0x1a3 .\CortexM3\ARM_GCC_541\Debug\TestBench.a(ADC_DelSig_theACLK.o)
                                0x3b4 (size before relaxing)
 .debug_str     0x0000255a       0xe9 .\CortexM3\ARM_GCC_541\Debug\TestBench.a(isr_UART.o)
                                0x2c1 (size before relaxing)
 .debug_str     0x00002643      0x216 .\CortexM3\ARM_GCC_541\Debug\TestBench.a(WaveDAC.o)
                                0x40f (size before relaxing)
 .debug_str     0x00002859      0x142 .\CortexM3\ARM_GCC_541\Debug\TestBench.a(WaveDAC_DacClk.o)
                                0x333 (size before relaxing)
 .debug_str     0x0000299b       0xa3 .\CortexM3\ARM_GCC_541\Debug\TestBench.a(WaveDAC_Wave1_DMA_dma.o)
                                0x28d (size before relaxing)
 .debug_str     0x00002a3e       0x68 .\CortexM3\ARM_GCC_541\Debug\TestBench.a(WaveDAC_Wave2_DMA_dma.o)
                                0x28d (size before relaxing)
 .debug_str     0x00002aa6       0x73 .\CortexM3\ARM_GCC_541\Debug\TestBench.a(WaveDAC_VDAC8.o)
                                0x260 (size before relaxing)
 .debug_str     0x00002b19      0x1bb .\CortexM3\ARM_GCC_541\Debug\TestBench.a(CyFlash.o)
                                0x3b1 (size before relaxing)
 .debug_str     0x00002cd4       0xac .\CortexM3\ARM_GCC_541\Debug\TestBench.a(CySpc.o)
                                0x329 (size before relaxing)
 .debug_str     0x00002d80      0x2b0 .\source\asw\fft_application\libfft_application.a(fft_application.o)
                                0x3d0 (size before relaxing)
 .debug_str     0x00003030       0xe6 .\source\asw\fft_application\libfft_application.a(arm_rfft_q31.o)
                                0x390 (size before relaxing)
 .debug_str     0x00003116      0x132 .\source\asw\fft_application\libfft_application.a(arm_rfft_init_q31.o)
                                0x479 (size before relaxing)
 .debug_str     0x00003248       0xd5 .\source\asw\fft_application\libfft_application.a(arm_cfft_q31.o)
                                0x334 (size before relaxing)
 .debug_str     0x0000331d      0x104 .\source\asw\fft_application\libfft_application.a(arm_cfft_radix4_q31.o)
                                0x37c (size before relaxing)
 .debug_str     0x00003421      0x987 .\source\asw\fft_application\libfft_application.a(arm_const_structs.o)
                                0xd0d (size before relaxing)
 .debug_str     0x00003da8       0x92 .\source\asw\fft_application\libfft_application.a(arm_common_tables.o)
                                0x6f2 (size before relaxing)

.debug_loc      0x00000000     0x5bf1
 *(.debug_loc)
 .debug_loc     0x00000000       0xe4 .\CortexM3\ARM_GCC_541\Debug\statemachine.o
 .debug_loc     0x000000e4      0x29c .\CortexM3\ARM_GCC_541\Debug\cyfitter_cfg.o
 .debug_loc     0x00000380      0x144 .\CortexM3\ARM_GCC_541\Debug\Cm3Start.o
 .debug_loc     0x000004c4       0x42 .\CortexM3\ARM_GCC_541\Debug\TestBench.a(LED_RED.o)
 .debug_loc     0x00000506       0x42 .\CortexM3\ARM_GCC_541\Debug\TestBench.a(LED_GREEN.o)
 .debug_loc     0x00000548      0xb8e .\CortexM3\ARM_GCC_541\Debug\TestBench.a(CyDmac.o)
 .debug_loc     0x000010d6      0xa11 .\CortexM3\ARM_GCC_541\Debug\TestBench.a(CyLib.o)
 .debug_loc     0x00001ae7      0x1e4 .\CortexM3\ARM_GCC_541\Debug\TestBench.a(cyPm.o)
 .debug_loc     0x00001ccb       0x42 .\CortexM3\ARM_GCC_541\Debug\TestBench.a(LED_ORANGE.o)
 .debug_loc     0x00001d0d       0x84 .\CortexM3\ARM_GCC_541\Debug\TestBench.a(Push_Button.o)
 .debug_loc     0x00001d91      0x258 .\CortexM3\ARM_GCC_541\Debug\TestBench.a(UART.o)
 .debug_loc     0x00001fe9      0x128 .\CortexM3\ARM_GCC_541\Debug\TestBench.a(UART_IntClock.o)
 .debug_loc     0x00002111       0x56 .\CortexM3\ARM_GCC_541\Debug\TestBench.a(isr_pushButton.o)
 .debug_loc     0x00002167      0x681 .\CortexM3\ARM_GCC_541\Debug\TestBench.a(ADC_DelSig.o)
 .debug_loc     0x000027e8       0x6c .\CortexM3\ARM_GCC_541\Debug\TestBench.a(ADC_DelSig_AMux.o)
 .debug_loc     0x00002854      0x12c .\CortexM3\ARM_GCC_541\Debug\TestBench.a(ADC_DelSig_Ext_CP_Clk.o)
 .debug_loc     0x00002980      0x14d .\CortexM3\ARM_GCC_541\Debug\TestBench.a(ADC_DelSig_theACLK.o)
 .debug_loc     0x00002acd       0x56 .\CortexM3\ARM_GCC_541\Debug\TestBench.a(isr_UART.o)
 .debug_loc     0x00002b23      0x11b .\CortexM3\ARM_GCC_541\Debug\TestBench.a(WaveDAC.o)
 .debug_loc     0x00002c3e      0x128 .\CortexM3\ARM_GCC_541\Debug\TestBench.a(WaveDAC_DacClk.o)
 .debug_loc     0x00002d66       0x84 .\CortexM3\ARM_GCC_541\Debug\TestBench.a(WaveDAC_Wave1_DMA_dma.o)
 .debug_loc     0x00002dea       0x84 .\CortexM3\ARM_GCC_541\Debug\TestBench.a(WaveDAC_Wave2_DMA_dma.o)
 .debug_loc     0x00002e6e       0x79 .\CortexM3\ARM_GCC_541\Debug\TestBench.a(WaveDAC_VDAC8.o)
 .debug_loc     0x00002ee7      0x3b2 .\CortexM3\ARM_GCC_541\Debug\TestBench.a(CyFlash.o)
 .debug_loc     0x00003299      0x705 .\CortexM3\ARM_GCC_541\Debug\TestBench.a(CySpc.o)
 .debug_loc     0x0000399e       0xa6 .\source\asw\fft_application\libfft_application.a(fft_application.o)
 .debug_loc     0x00003a44      0x71b .\source\asw\fft_application\libfft_application.a(arm_rfft_q31.o)
 .debug_loc     0x0000415f      0x244 .\source\asw\fft_application\libfft_application.a(arm_rfft_init_q31.o)
 .debug_loc     0x000043a3      0x4d4 .\source\asw\fft_application\libfft_application.a(arm_cfft_q31.o)
 .debug_loc     0x00004877     0x137a .\source\asw\fft_application\libfft_application.a(arm_cfft_radix4_q31.o)

.debug_macinfo
 *(.debug_macinfo)

.debug_ranges   0x00000000      0xbe8
 *(.debug_ranges)
 .debug_ranges  0x00000000       0x10 .\CortexM3\ARM_GCC_541\Debug\main.o
 .debug_ranges  0x00000010       0x28 .\CortexM3\ARM_GCC_541\Debug\statemachine.o
 .debug_ranges  0x00000038       0x58 .\CortexM3\ARM_GCC_541\Debug\cyfitter_cfg.o
 .debug_ranges  0x00000090       0x38 .\CortexM3\ARM_GCC_541\Debug\Cm3Start.o
 .debug_ranges  0x000000c8       0x28 .\CortexM3\ARM_GCC_541\Debug\TestBench.a(LED_RED.o)
 .debug_ranges  0x000000f0       0x28 .\CortexM3\ARM_GCC_541\Debug\TestBench.a(LED_GREEN.o)
 .debug_ranges  0x00000118       0xc8 .\CortexM3\ARM_GCC_541\Debug\TestBench.a(CyDmac.o)
 .debug_ranges  0x000001e0      0x290 .\CortexM3\ARM_GCC_541\Debug\TestBench.a(CyLib.o)
 .debug_ranges  0x00000470       0x88 .\CortexM3\ARM_GCC_541\Debug\TestBench.a(cyPm.o)
 .debug_ranges  0x000004f8       0x28 .\CortexM3\ARM_GCC_541\Debug\TestBench.a(LED_ORANGE.o)
 .debug_ranges  0x00000520       0x38 .\CortexM3\ARM_GCC_541\Debug\TestBench.a(Push_Button.o)
 .debug_ranges  0x00000558       0xe0 .\CortexM3\ARM_GCC_541\Debug\TestBench.a(UART.o)
 .debug_ranges  0x00000638       0x60 .\CortexM3\ARM_GCC_541\Debug\TestBench.a(UART_IntClock.o)
 .debug_ranges  0x00000698       0x70 .\CortexM3\ARM_GCC_541\Debug\TestBench.a(isr_pushButton.o)
 .debug_ranges  0x00000708       0xd8 .\CortexM3\ARM_GCC_541\Debug\TestBench.a(ADC_DelSig.o)
 .debug_ranges  0x000007e0       0x28 .\CortexM3\ARM_GCC_541\Debug\TestBench.a(ADC_DelSig_INT.o)
 .debug_ranges  0x00000808       0x20 .\CortexM3\ARM_GCC_541\Debug\TestBench.a(ADC_DelSig_AMux.o)
 .debug_ranges  0x00000828       0x60 .\CortexM3\ARM_GCC_541\Debug\TestBench.a(ADC_DelSig_Ext_CP_Clk.o)
 .debug_ranges  0x00000888       0x70 .\CortexM3\ARM_GCC_541\Debug\TestBench.a(ADC_DelSig_theACLK.o)
 .debug_ranges  0x000008f8       0x70 .\CortexM3\ARM_GCC_541\Debug\TestBench.a(isr_UART.o)
 .debug_ranges  0x00000968       0x40 .\CortexM3\ARM_GCC_541\Debug\TestBench.a(WaveDAC.o)
 .debug_ranges  0x000009a8       0x60 .\CortexM3\ARM_GCC_541\Debug\TestBench.a(WaveDAC_DacClk.o)
 .debug_ranges  0x00000a08       0x18 .\CortexM3\ARM_GCC_541\Debug\TestBench.a(WaveDAC_Wave1_DMA_dma.o)
 .debug_ranges  0x00000a20       0x18 .\CortexM3\ARM_GCC_541\Debug\TestBench.a(WaveDAC_Wave2_DMA_dma.o)
 .debug_ranges  0x00000a38       0x48 .\CortexM3\ARM_GCC_541\Debug\TestBench.a(WaveDAC_VDAC8.o)
 .debug_ranges  0x00000a80       0x78 .\CortexM3\ARM_GCC_541\Debug\TestBench.a(CyFlash.o)
 .debug_ranges  0x00000af8       0x70 .\CortexM3\ARM_GCC_541\Debug\TestBench.a(CySpc.o)
 .debug_ranges  0x00000b68       0x10 .\source\asw\fft_application\libfft_application.a(fft_application.o)
 .debug_ranges  0x00000b78       0x20 .\source\asw\fft_application\libfft_application.a(arm_rfft_q31.o)
 .debug_ranges  0x00000b98       0x10 .\source\asw\fft_application\libfft_application.a(arm_rfft_init_q31.o)
 .debug_ranges  0x00000ba8       0x20 .\source\asw\fft_application\libfft_application.a(arm_cfft_q31.o)
 .debug_ranges  0x00000bc8       0x20 .\source\asw\fft_application\libfft_application.a(arm_cfft_radix4_q31.o)

.comment        0x00000000       0x6e
 .comment       0x00000000       0x6e .\CortexM3\ARM_GCC_541\Debug\main.o
                                 0x6f (size before relaxing)
 .comment       0x0000006e       0x6f .\CortexM3\ARM_GCC_541\Debug\statemachine.o
 .comment       0x0000006e       0x6f .\CortexM3\ARM_GCC_541\Debug\cyfitter_cfg.o
 .comment       0x0000006e       0x6f .\CortexM3\ARM_GCC_541\Debug\cymetadata.o
 .comment       0x0000006e       0x6f .\CortexM3\ARM_GCC_541\Debug\Cm3Start.o
 .comment       0x0000006e       0x6f .\CortexM3\ARM_GCC_541\Debug\TestBench.a(LED_RED.o)
 .comment       0x0000006e       0x6f .\CortexM3\ARM_GCC_541\Debug\TestBench.a(LED_GREEN.o)
 .comment       0x0000006e       0x6f .\CortexM3\ARM_GCC_541\Debug\TestBench.a(CyDmac.o)
 .comment       0x0000006e       0x6f .\CortexM3\ARM_GCC_541\Debug\TestBench.a(CyLib.o)
 .comment       0x0000006e       0x6f .\CortexM3\ARM_GCC_541\Debug\TestBench.a(cyPm.o)
 .comment       0x0000006e       0x6f .\CortexM3\ARM_GCC_541\Debug\TestBench.a(LED_ORANGE.o)
 .comment       0x0000006e       0x6f .\CortexM3\ARM_GCC_541\Debug\TestBench.a(Push_Button.o)
 .comment       0x0000006e       0x6f .\CortexM3\ARM_GCC_541\Debug\TestBench.a(UART.o)
 .comment       0x0000006e       0x6f .\CortexM3\ARM_GCC_541\Debug\TestBench.a(UART_IntClock.o)
 .comment       0x0000006e       0x6f .\CortexM3\ARM_GCC_541\Debug\TestBench.a(isr_pushButton.o)
 .comment       0x0000006e       0x6f .\CortexM3\ARM_GCC_541\Debug\TestBench.a(ADC_DelSig.o)
 .comment       0x0000006e       0x6f .\CortexM3\ARM_GCC_541\Debug\TestBench.a(ADC_DelSig_INT.o)
 .comment       0x0000006e       0x6f .\CortexM3\ARM_GCC_541\Debug\TestBench.a(ADC_DelSig_AMux.o)
 .comment       0x0000006e       0x6f .\CortexM3\ARM_GCC_541\Debug\TestBench.a(ADC_DelSig_Ext_CP_Clk.o)
 .comment       0x0000006e       0x6f .\CortexM3\ARM_GCC_541\Debug\TestBench.a(ADC_DelSig_theACLK.o)
 .comment       0x0000006e       0x6f .\CortexM3\ARM_GCC_541\Debug\TestBench.a(isr_UART.o)
 .comment       0x0000006e       0x6f .\CortexM3\ARM_GCC_541\Debug\TestBench.a(WaveDAC.o)
 .comment       0x0000006e       0x6f .\CortexM3\ARM_GCC_541\Debug\TestBench.a(WaveDAC_DacClk.o)
 .comment       0x0000006e       0x6f .\CortexM3\ARM_GCC_541\Debug\TestBench.a(WaveDAC_Wave1_DMA_dma.o)
 .comment       0x0000006e       0x6f .\CortexM3\ARM_GCC_541\Debug\TestBench.a(WaveDAC_Wave2_DMA_dma.o)
 .comment       0x0000006e       0x6f .\CortexM3\ARM_GCC_541\Debug\TestBench.a(WaveDAC_VDAC8.o)
 .comment       0x0000006e       0x6f .\CortexM3\ARM_GCC_541\Debug\TestBench.a(CyFlash.o)
 .comment       0x0000006e       0x6f .\CortexM3\ARM_GCC_541\Debug\TestBench.a(CySpc.o)
 .comment       0x0000006e       0x6f .\source\asw\fft_application\libfft_application.a(fft_application.o)
 .comment       0x0000006e       0x6f .\source\asw\fft_application\libfft_application.a(arm_rfft_q31.o)
 .comment       0x0000006e       0x6f .\source\asw\fft_application\libfft_application.a(arm_rfft_init_q31.o)
 .comment       0x0000006e       0x6f .\source\asw\fft_application\libfft_application.a(arm_cfft_q31.o)
 .comment       0x0000006e       0x6f .\source\asw\fft_application\libfft_application.a(arm_cfft_radix4_q31.o)
 .comment       0x0000006e       0x6f .\source\asw\fft_application\libfft_application.a(arm_const_structs.o)
 .comment       0x0000006e       0x6f .\source\asw\fft_application\libfft_application.a(arm_common_tables.o)

.debug_weaknames
 *(.debug_weaknames)

.debug_funcnames
 *(.debug_funcnames)

.debug_typenames
 *(.debug_typenames)

.debug_varnames
 *(.debug_varnames)

.note.gnu.arm.ident
 *(.note.gnu.arm.ident)

.ARM.attributes
                0x00000000       0x29
 *(.ARM.attributes)
 .ARM.attributes
                0x00000000       0x1d c:/program files (x86)/cypress/psoc creator/4.4/psoc creator/import/gnu/arm/5.4.1/bin/../lib/gcc/arm-none-eabi/5.4.1/armv7-m/crti.o
 .ARM.attributes
                0x0000001d       0x2d c:/program files (x86)/cypress/psoc creator/4.4/psoc creator/import/gnu/arm/5.4.1/bin/../lib/gcc/arm-none-eabi/5.4.1/armv7-m/crtbegin.o
 .ARM.attributes
                0x0000004a       0x1b c:/program files (x86)/cypress/psoc creator/4.4/psoc creator/import/gnu/arm/5.4.1/bin/../lib/gcc/arm-none-eabi/5.4.1/../../../../arm-none-eabi/lib/armv7-m/crt0.o
 .ARM.attributes
                0x00000065       0x33 .\CortexM3\ARM_GCC_541\Debug\main.o
 .ARM.attributes
                0x00000098       0x33 .\CortexM3\ARM_GCC_541\Debug\statemachine.o
 .ARM.attributes
                0x000000cb       0x33 .\CortexM3\ARM_GCC_541\Debug\cyfitter_cfg.o
 .ARM.attributes
                0x000000fe       0x33 .\CortexM3\ARM_GCC_541\Debug\cymetadata.o
 .ARM.attributes
                0x00000131       0x33 .\CortexM3\ARM_GCC_541\Debug\Cm3Start.o
 .ARM.attributes
                0x00000164       0x33 .\CortexM3\ARM_GCC_541\Debug\TestBench.a(LED_RED.o)
 .ARM.attributes
                0x00000197       0x33 .\CortexM3\ARM_GCC_541\Debug\TestBench.a(LED_GREEN.o)
 .ARM.attributes
                0x000001ca       0x33 .\CortexM3\ARM_GCC_541\Debug\TestBench.a(CyDmac.o)
 .ARM.attributes
                0x000001fd       0x33 .\CortexM3\ARM_GCC_541\Debug\TestBench.a(CyLib.o)
 .ARM.attributes
                0x00000230       0x33 .\CortexM3\ARM_GCC_541\Debug\TestBench.a(cyPm.o)
 .ARM.attributes
                0x00000263       0x33 .\CortexM3\ARM_GCC_541\Debug\TestBench.a(LED_ORANGE.o)
 .ARM.attributes
                0x00000296       0x33 .\CortexM3\ARM_GCC_541\Debug\TestBench.a(Push_Button.o)
 .ARM.attributes
                0x000002c9       0x33 .\CortexM3\ARM_GCC_541\Debug\TestBench.a(UART.o)
 .ARM.attributes
                0x000002fc       0x33 .\CortexM3\ARM_GCC_541\Debug\TestBench.a(UART_IntClock.o)
 .ARM.attributes
                0x0000032f       0x33 .\CortexM3\ARM_GCC_541\Debug\TestBench.a(isr_pushButton.o)
 .ARM.attributes
                0x00000362       0x33 .\CortexM3\ARM_GCC_541\Debug\TestBench.a(ADC_DelSig.o)
 .ARM.attributes
                0x00000395       0x33 .\CortexM3\ARM_GCC_541\Debug\TestBench.a(ADC_DelSig_INT.o)
 .ARM.attributes
                0x000003c8       0x33 .\CortexM3\ARM_GCC_541\Debug\TestBench.a(ADC_DelSig_AMux.o)
 .ARM.attributes
                0x000003fb       0x33 .\CortexM3\ARM_GCC_541\Debug\TestBench.a(ADC_DelSig_Ext_CP_Clk.o)
 .ARM.attributes
                0x0000042e       0x33 .\CortexM3\ARM_GCC_541\Debug\TestBench.a(ADC_DelSig_theACLK.o)
 .ARM.attributes
                0x00000461       0x33 .\CortexM3\ARM_GCC_541\Debug\TestBench.a(isr_UART.o)
 .ARM.attributes
                0x00000494       0x33 .\CortexM3\ARM_GCC_541\Debug\TestBench.a(WaveDAC.o)
 .ARM.attributes
                0x000004c7       0x33 .\CortexM3\ARM_GCC_541\Debug\TestBench.a(WaveDAC_DacClk.o)
 .ARM.attributes
                0x000004fa       0x33 .\CortexM3\ARM_GCC_541\Debug\TestBench.a(WaveDAC_Wave1_DMA_dma.o)
 .ARM.attributes
                0x0000052d       0x33 .\CortexM3\ARM_GCC_541\Debug\TestBench.a(WaveDAC_Wave2_DMA_dma.o)
 .ARM.attributes
                0x00000560       0x33 .\CortexM3\ARM_GCC_541\Debug\TestBench.a(WaveDAC_VDAC8.o)
 .ARM.attributes
                0x00000593       0x21 .\CortexM3\ARM_GCC_541\Debug\TestBench.a(CyBootAsmGnu.o)
 .ARM.attributes
                0x000005b4       0x33 .\CortexM3\ARM_GCC_541\Debug\TestBench.a(CyFlash.o)
 .ARM.attributes
                0x000005e7       0x33 .\CortexM3\ARM_GCC_541\Debug\TestBench.a(CySpc.o)
 .ARM.attributes
                0x0000061a       0x33 .\source\asw\fft_application\libfft_application.a(fft_application.o)
 .ARM.attributes
                0x0000064d       0x33 .\source\asw\fft_application\libfft_application.a(arm_rfft_q31.o)
 .ARM.attributes
                0x00000680       0x33 .\source\asw\fft_application\libfft_application.a(arm_rfft_init_q31.o)
 .ARM.attributes
                0x000006b3       0x33 .\source\asw\fft_application\libfft_application.a(arm_cfft_q31.o)
 .ARM.attributes
                0x000006e6       0x33 .\source\asw\fft_application\libfft_application.a(arm_cfft_radix4_q31.o)
 .ARM.attributes
                0x00000719       0x33 .\source\asw\fft_application\libfft_application.a(arm_const_structs.o)
 .ARM.attributes
                0x0000074c       0x21 .\source\asw\fft_application\libfft_application.a(arm_bitreversal2.o)
 .ARM.attributes
                0x0000076d       0x33 .\source\asw\fft_application\libfft_application.a(arm_common_tables.o)
 .ARM.attributes
                0x000007a0       0x1d c:/program files (x86)/cypress/psoc creator/4.4/psoc creator/import/gnu/arm/5.4.1/bin/../lib/gcc/arm-none-eabi/5.4.1/armv7-m\libgcc.a(_arm_addsubdf3.o)
 .ARM.attributes
                0x000007bd       0x1d c:/program files (x86)/cypress/psoc creator/4.4/psoc creator/import/gnu/arm/5.4.1/bin/../lib/gcc/arm-none-eabi/5.4.1/armv7-m\libgcc.a(_arm_cmpdf2.o)
 .ARM.attributes
                0x000007da       0x1d c:/program files (x86)/cypress/psoc creator/4.4/psoc creator/import/gnu/arm/5.4.1/bin/../lib/gcc/arm-none-eabi/5.4.1/armv7-m\libgcc.a(_arm_addsubsf3.o)
 .ARM.attributes
                0x000007f7       0x1d c:/program files (x86)/cypress/psoc creator/4.4/psoc creator/import/gnu/arm/5.4.1/bin/../lib/gcc/arm-none-eabi/5.4.1/armv7-m\libgcc.a(_arm_muldivsf3.o)
 .ARM.attributes
                0x00000814       0x1d c:/program files (x86)/cypress/psoc creator/4.4/psoc creator/import/gnu/arm/5.4.1/bin/../lib/gcc/arm-none-eabi/5.4.1/armv7-m\libgcc.a(_arm_fixunssfsi.o)
 .ARM.attributes
                0x00000831       0x2d c:/program files (x86)/cypress/psoc creator/4.4/psoc creator/import/gnu/arm/5.4.1/bin/../lib/gcc/arm-none-eabi/5.4.1/../../../../arm-none-eabi/lib/armv7-m\libg_nano.a(lib_a-errno.o)
 .ARM.attributes
                0x0000085e       0x2d c:/program files (x86)/cypress/psoc creator/4.4/psoc creator/import/gnu/arm/5.4.1/bin/../lib/gcc/arm-none-eabi/5.4.1/../../../../arm-none-eabi/lib/armv7-m\libg_nano.a(lib_a-exit.o)
 .ARM.attributes
                0x0000088b       0x2d c:/program files (x86)/cypress/psoc creator/4.4/psoc creator/import/gnu/arm/5.4.1/bin/../lib/gcc/arm-none-eabi/5.4.1/../../../../arm-none-eabi/lib/armv7-m\libg_nano.a(lib_a-impure.o)
 .ARM.attributes
                0x000008b8       0x2d c:/program files (x86)/cypress/psoc creator/4.4/psoc creator/import/gnu/arm/5.4.1/bin/../lib/gcc/arm-none-eabi/5.4.1/../../../../arm-none-eabi/lib/armv7-m\libg_nano.a(lib_a-init.o)
 .ARM.attributes
                0x000008e5       0x2d c:/program files (x86)/cypress/psoc creator/4.4/psoc creator/import/gnu/arm/5.4.1/bin/../lib/gcc/arm-none-eabi/5.4.1/../../../../arm-none-eabi/lib/armv7-m\libg_nano.a(lib_a-malloc.o)
 .ARM.attributes
                0x00000912       0x2d c:/program files (x86)/cypress/psoc creator/4.4/psoc creator/import/gnu/arm/5.4.1/bin/../lib/gcc/arm-none-eabi/5.4.1/../../../../arm-none-eabi/lib/armv7-m\libg_nano.a(lib_a-memcpy-stub.o)
 .ARM.attributes
                0x0000093f       0x2d c:/program files (x86)/cypress/psoc creator/4.4/psoc creator/import/gnu/arm/5.4.1/bin/../lib/gcc/arm-none-eabi/5.4.1/../../../../arm-none-eabi/lib/armv7-m\libg_nano.a(lib_a-memset.o)
 .ARM.attributes
                0x0000096c       0x2d c:/program files (x86)/cypress/psoc creator/4.4/psoc creator/import/gnu/arm/5.4.1/bin/../lib/gcc/arm-none-eabi/5.4.1/../../../../arm-none-eabi/lib/armv7-m\libg_nano.a(lib_a-nano-freer.o)
 .ARM.attributes
                0x00000999       0x2d c:/program files (x86)/cypress/psoc creator/4.4/psoc creator/import/gnu/arm/5.4.1/bin/../lib/gcc/arm-none-eabi/5.4.1/../../../../arm-none-eabi/lib/armv7-m\libg_nano.a(lib_a-nano-mallocr.o)
 .ARM.attributes
                0x000009c6       0x2d c:/program files (x86)/cypress/psoc creator/4.4/psoc creator/import/gnu/arm/5.4.1/bin/../lib/gcc/arm-none-eabi/5.4.1/../../../../arm-none-eabi/lib/armv7-m\libg_nano.a(lib_a-sbrkr.o)
 .ARM.attributes
                0x000009f3       0x2d c:/program files (x86)/cypress/psoc creator/4.4/psoc creator/import/gnu/arm/5.4.1/bin/../lib/gcc/arm-none-eabi/5.4.1/../../../../arm-none-eabi/lib/armv7-m\libg_nano.a(lib_a-mlock.o)
 .ARM.attributes
                0x00000a20       0x2d c:/program files (x86)/cypress/psoc creator/4.4/psoc creator/import/gnu/arm/5.4.1/bin/../lib/gcc/arm-none-eabi/5.4.1/../../../../arm-none-eabi/lib/armv7-m\libg_nano.a(lib_a-reent.o)
 .ARM.attributes
                0x00000a4d       0x2d c:/program files (x86)/cypress/psoc creator/4.4/psoc creator/import/gnu/arm/5.4.1/bin/../lib/gcc/arm-none-eabi/5.4.1/armv7-m/crtend.o
 .ARM.attributes
                0x00000a7a       0x1d c:/program files (x86)/cypress/psoc creator/4.4/psoc creator/import/gnu/arm/5.4.1/bin/../lib/gcc/arm-none-eabi/5.4.1/armv7-m/crtn.o

/DISCARD/
 *(.note.GNU-stack)
OUTPUT(C:\Sandbox\Sem2\SDHD\Git\SDHD\PsocFFT\TestBench.cydsn\CortexM3\ARM_GCC_541\Debug\TestBench.elf elf32-littlearm)
